[2.244s] Invoking command in '/home/migara/robot_ws/build/arm_description': DEBUGINFOD_URLS=https://debuginfod.ubuntu.com PYTHONPATH=/home/migara/robot_ws/build/arm_description/prefix_override:/usr/lib/python3/dist-packages/colcon_core/task/python/colcon_distutils_commands:/home/migara/robot_ws/install/arm_description/lib/python3.12/site-packages:${PYTHONPATH} /usr/bin/python3 -W ignore:setup.py install is deprecated -W ignore:easy_install command is deprecated setup.py develop --editable --build-directory /home/migara/robot_ws/build/arm_description/build --no-deps symlink_data
[2.765s] running develop
[3.138s] running egg_info
[3.179s] writing arm_description.egg-info/PKG-INFO
[3.180s] writing dependency_links to arm_description.egg-info/dependency_links.txt
[3.180s] writing entry points to arm_description.egg-info/entry_points.txt
[3.180s] writing requirements to arm_description.egg-info/requires.txt
[3.180s] writing top-level names to arm_description.egg-info/top_level.txt
[3.257s] reading manifest file 'arm_description.egg-info/SOURCES.txt'
[3.257s] writing manifest file 'arm_description.egg-info/SOURCES.txt'
[3.294s] running build_ext
[3.295s] Creating /home/migara/robot_ws/install/arm_description/lib/python3.12/site-packages/arm-description.egg-link (link to .)
[3.296s] Installing arm_mover script to /home/migara/robot_ws/install/arm_description/lib/arm_description
[3.296s] Installing color_detector script to /home/migara/robot_ws/install/arm_description/lib/arm_description
[3.296s] Installing ik_mover script to /home/migara/robot_ws/install/arm_description/lib/arm_description
[3.297s] Installing vision_mover script to /home/migara/robot_ws/install/arm_description/lib/arm_description
[3.298s] 
[3.299s] Installed /home/migara/robot_ws/build/arm_description
[3.299s] running symlink_data
[3.364s] Invoked command in '/home/migara/robot_ws/build/arm_description' returned '0': DEBUGINFOD_URLS=https://debuginfod.ubuntu.com PYTHONPATH=/home/migara/robot_ws/build/arm_description/prefix_override:/usr/lib/python3/dist-packages/colcon_core/task/python/colcon_distutils_commands:/home/migara/robot_ws/install/arm_description/lib/python3.12/site-packages:${PYTHONPATH} /usr/bin/python3 -W ignore:setup.py install is deprecated -W ignore:easy_install command is deprecated setup.py develop --editable --build-directory /home/migara/robot_ws/build/arm_description/build --no-deps symlink_data
