[0.388s] DEBUG:colcon:Command line arguments: ['/usr/bin/colcon', 'build', '--symlink-install', '--packages-select', 'arm_bringup']
[0.389s] DEBUG:colcon:Parsed command line arguments: Namespace(log_base=None, log_level=None, verb_name='build', build_base='build', install_base='install', merge_install=False, symlink_install=True, test_result_base=None, continue_on_error=False, executor='parallel', parallel_workers=4, event_handlers=None, ignore_user_meta=False, metas=['./colcon.meta'], base_paths=['.'], packages_ignore=None, packages_ignore_regex=None, paths=None, packages_up_to=None, packages_up_to_regex=None, packages_above=None, packages_above_and_dependencies=None, packages_above_depth=None, packages_select_by_dep=None, packages_skip_by_dep=None, packages_skip_up_to=None, packages_select_build_failed=False, packages_skip_build_finished=False, packages_select_test_failures=False, packages_skip_test_passed=False, packages_select=['arm_bringup'], packages_skip=None, packages_select_regex=None, packages_skip_regex=None, packages_start=None, packages_end=None, allow_overriding=[], cmake_args=None, cmake_target=None, cmake_target_skip_unavailable=False, cmake_clean_cache=False, cmake_clean_first=False, cmake_force_configure=False, ament_cmake_args=None, catkin_cmake_args=None, catkin_skip_building_tests=False, mixin_files=None, mixin=None, verb_parser=<colcon_mixin.mixin.mixin_argument.MixinArgumentDecorator object at 0x7dfb8ca92210>, verb_extension=<colcon_core.verb.build.BuildVerb object at 0x7dfb8cbb2270>, main=<bound method BuildVerb.main of <colcon_core.verb.build.BuildVerb object at 0x7dfb8cbb2270>>, mixin_verb=('build',))
[0.587s] Level 1:colcon.colcon_core.package_discovery:discover_packages(colcon_meta) check parameters
[0.587s] Level 1:colcon.colcon_core.package_discovery:discover_packages(recursive) check parameters
[0.588s] Level 1:colcon.colcon_core.package_discovery:discover_packages(ignore) check parameters
[0.588s] Level 1:colcon.colcon_core.package_discovery:discover_packages(path) check parameters
[0.588s] Level 1:colcon.colcon_core.package_discovery:discover_packages(colcon_meta) discover
[0.588s] Level 1:colcon.colcon_core.package_discovery:discover_packages(recursive) discover
[0.588s] INFO:colcon.colcon_core.package_discovery:Crawling recursively for packages in '/home/migara/robot_ws'
[0.589s] Level 1:colcon.colcon_core.package_identification:_identify(.) by extensions ['ignore', 'ignore_ament_install']
[0.589s] Level 1:colcon.colcon_core.package_identification:_identify(.) by extension 'ignore'
[0.589s] Level 1:colcon.colcon_core.package_identification:_identify(.) by extension 'ignore_ament_install'
[0.589s] Level 1:colcon.colcon_core.package_identification:_identify(.) by extensions ['colcon_pkg']
[0.589s] Level 1:colcon.colcon_core.package_identification:_identify(.) by extension 'colcon_pkg'
[0.589s] Level 1:colcon.colcon_core.package_identification:_identify(.) by extensions ['colcon_meta']
[0.589s] Level 1:colcon.colcon_core.package_identification:_identify(.) by extension 'colcon_meta'
[0.590s] Level 1:colcon.colcon_core.package_identification:_identify(.) by extensions ['ros']
[0.590s] Level 1:colcon.colcon_core.package_identification:_identify(.) by extension 'ros'
[0.653s] Level 1:colcon.colcon_core.package_identification:_identify(.) by extensions ['cmake', 'python']
[0.653s] Level 1:colcon.colcon_core.package_identification:_identify(.) by extension 'cmake'
[0.653s] Level 1:colcon.colcon_core.package_identification:_identify(.) by extension 'python'
[0.653s] Level 1:colcon.colcon_core.package_identification:_identify(.) by extensions ['python_setup_py']
[0.653s] Level 1:colcon.colcon_core.package_identification:_identify(.) by extension 'python_setup_py'
[0.654s] Level 1:colcon.colcon_core.package_identification:_identify(build) by extensions ['ignore', 'ignore_ament_install']
[0.654s] Level 1:colcon.colcon_core.package_identification:_identify(build) by extension 'ignore'
[0.654s] Level 1:colcon.colcon_core.package_identification:_identify(build) ignored
[0.654s] Level 1:colcon.colcon_core.package_identification:_identify(install) by extensions ['ignore', 'ignore_ament_install']
[0.655s] Level 1:colcon.colcon_core.package_identification:_identify(install) by extension 'ignore'
[0.655s] Level 1:colcon.colcon_core.package_identification:_identify(install) ignored
[0.655s] Level 1:colcon.colcon_core.package_identification:_identify(log) by extensions ['ignore', 'ignore_ament_install']
[0.655s] Level 1:colcon.colcon_core.package_identification:_identify(log) by extension 'ignore'
[0.655s] Level 1:colcon.colcon_core.package_identification:_identify(log) ignored
[0.655s] Level 1:colcon.colcon_core.package_identification:_identify(src) by extensions ['ignore', 'ignore_ament_install']
[0.656s] Level 1:colcon.colcon_core.package_identification:_identify(src) by extension 'ignore'
[0.656s] Level 1:colcon.colcon_core.package_identification:_identify(src) by extension 'ignore_ament_install'
[0.656s] Level 1:colcon.colcon_core.package_identification:_identify(src) by extensions ['colcon_pkg']
[0.656s] Level 1:colcon.colcon_core.package_identification:_identify(src) by extension 'colcon_pkg'
[0.656s] Level 1:colcon.colcon_core.package_identification:_identify(src) by extensions ['colcon_meta']
[0.656s] Level 1:colcon.colcon_core.package_identification:_identify(src) by extension 'colcon_meta'
[0.656s] Level 1:colcon.colcon_core.package_identification:_identify(src) by extensions ['ros']
[0.656s] Level 1:colcon.colcon_core.package_identification:_identify(src) by extension 'ros'
[0.656s] Level 1:colcon.colcon_core.package_identification:_identify(src) by extensions ['cmake', 'python']
[0.656s] Level 1:colcon.colcon_core.package_identification:_identify(src) by extension 'cmake'
[0.657s] Level 1:colcon.colcon_core.package_identification:_identify(src) by extension 'python'
[0.657s] Level 1:colcon.colcon_core.package_identification:_identify(src) by extensions ['python_setup_py']
[0.657s] Level 1:colcon.colcon_core.package_identification:_identify(src) by extension 'python_setup_py'
[0.657s] Level 1:colcon.colcon_core.package_identification:_identify(src/arm_bringup) by extensions ['ignore', 'ignore_ament_install']
[0.657s] Level 1:colcon.colcon_core.package_identification:_identify(src/arm_bringup) by extension 'ignore'
[0.657s] Level 1:colcon.colcon_core.package_identification:_identify(src/arm_bringup) by extension 'ignore_ament_install'
[0.657s] Level 1:colcon.colcon_core.package_identification:_identify(src/arm_bringup) by extensions ['colcon_pkg']
[0.657s] Level 1:colcon.colcon_core.package_identification:_identify(src/arm_bringup) by extension 'colcon_pkg'
[0.658s] Level 1:colcon.colcon_core.package_identification:_identify(src/arm_bringup) by extensions ['colcon_meta']
[0.658s] Level 1:colcon.colcon_core.package_identification:_identify(src/arm_bringup) by extension 'colcon_meta'
[0.658s] Level 1:colcon.colcon_core.package_identification:_identify(src/arm_bringup) by extensions ['ros']
[0.658s] Level 1:colcon.colcon_core.package_identification:_identify(src/arm_bringup) by extension 'ros'
[0.664s] DEBUG:colcon.colcon_core.package_identification:Package 'src/arm_bringup' with type 'ros.ament_python' and name 'arm_bringup'
[0.665s] Level 1:colcon.colcon_core.package_identification:_identify(src/arm_description) by extensions ['ignore', 'ignore_ament_install']
[0.665s] Level 1:colcon.colcon_core.package_identification:_identify(src/arm_description) by extension 'ignore'
[0.665s] Level 1:colcon.colcon_core.package_identification:_identify(src/arm_description) by extension 'ignore_ament_install'
[0.665s] Level 1:colcon.colcon_core.package_identification:_identify(src/arm_description) by extensions ['colcon_pkg']
[0.665s] Level 1:colcon.colcon_core.package_identification:_identify(src/arm_description) by extension 'colcon_pkg'
[0.665s] Level 1:colcon.colcon_core.package_identification:_identify(src/arm_description) by extensions ['colcon_meta']
[0.666s] Level 1:colcon.colcon_core.package_identification:_identify(src/arm_description) by extension 'colcon_meta'
[0.666s] Level 1:colcon.colcon_core.package_identification:_identify(src/arm_description) by extensions ['ros']
[0.666s] Level 1:colcon.colcon_core.package_identification:_identify(src/arm_description) by extension 'ros'
[0.667s] DEBUG:colcon.colcon_core.package_identification:Package 'src/arm_description' with type 'ros.ament_python' and name 'arm_description'
[0.667s] Level 1:colcon.colcon_core.package_discovery:discover_packages(recursive) using defaults
[0.668s] Level 1:colcon.colcon_core.package_discovery:discover_packages(ignore) discover
[0.668s] Level 1:colcon.colcon_core.package_discovery:discover_packages(ignore) using defaults
[0.668s] Level 1:colcon.colcon_core.package_discovery:discover_packages(path) discover
[0.668s] Level 1:colcon.colcon_core.package_discovery:discover_packages(path) using defaults
[0.711s] INFO:colcon.colcon_core.package_selection:Skipping not selected package 'arm_description' in 'src/arm_description'
[0.712s] Level 1:colcon.colcon_core.package_discovery:discover_packages(prefix_path) check parameters
[0.712s] Level 1:colcon.colcon_core.package_discovery:discover_packages(prefix_path) discover
[0.716s] DEBUG:colcon.colcon_installed_package_information.package_discovery:Found 2 installed packages in /home/migara/robot_ws/install
[0.721s] DEBUG:colcon.colcon_installed_package_information.package_discovery:Found 375 installed packages in /opt/ros/jazzy
[0.725s] Level 1:colcon.colcon_core.package_discovery:discover_packages(prefix_path) using defaults
[0.871s] Level 5:colcon.colcon_core.verb:set package 'arm_bringup' build argument 'cmake_args' from command line to 'None'
[0.871s] Level 5:colcon.colcon_core.verb:set package 'arm_bringup' build argument 'cmake_target' from command line to 'None'
[0.871s] Level 5:colcon.colcon_core.verb:set package 'arm_bringup' build argument 'cmake_target_skip_unavailable' from command line to 'False'
[0.871s] Level 5:colcon.colcon_core.verb:set package 'arm_bringup' build argument 'cmake_clean_cache' from command line to 'False'
[0.872s] Level 5:colcon.colcon_core.verb:set package 'arm_bringup' build argument 'cmake_clean_first' from command line to 'False'
[0.872s] Level 5:colcon.colcon_core.verb:set package 'arm_bringup' build argument 'cmake_force_configure' from command line to 'False'
[0.872s] Level 5:colcon.colcon_core.verb:set package 'arm_bringup' build argument 'ament_cmake_args' from command line to 'None'
[0.872s] Level 5:colcon.colcon_core.verb:set package 'arm_bringup' build argument 'catkin_cmake_args' from command line to 'None'
[0.872s] Level 5:colcon.colcon_core.verb:set package 'arm_bringup' build argument 'catkin_skip_building_tests' from command line to 'False'
[0.872s] DEBUG:colcon.colcon_core.verb:Building package 'arm_bringup' with the following arguments: {'ament_cmake_args': None, 'build_base': '/home/migara/robot_ws/build/arm_bringup', 'catkin_cmake_args': None, 'catkin_skip_building_tests': False, 'cmake_args': None, 'cmake_clean_cache': False, 'cmake_clean_first': False, 'cmake_force_configure': False, 'cmake_target': None, 'cmake_target_skip_unavailable': False, 'install_base': '/home/migara/robot_ws/install/arm_bringup', 'merge_install': False, 'path': '/home/migara/robot_ws/src/arm_bringup', 'symlink_install': True, 'test_result_base': None}
[0.872s] INFO:colcon.colcon_core.executor:Executing jobs using 'parallel' executor
[0.875s] DEBUG:colcon.colcon_parallel_executor.executor.parallel:run_until_complete
[0.876s] INFO:colcon.colcon_ros.task.ament_python.build:Building ROS package in '/home/migara/robot_ws/src/arm_bringup' with build type 'ament_python'
[0.876s] Level 1:colcon.colcon_core.shell:create_environment_hook('arm_bringup', 'ament_prefix_path')
[0.881s] INFO:colcon.colcon_core.plugin_system:Skipping extension 'colcon_core.shell.bat': Not used on non-Windows systems
[0.882s] INFO:colcon.colcon_core.shell:Creating environment hook '/home/migara/robot_ws/install/arm_bringup/share/arm_bringup/hook/ament_prefix_path.ps1'
[0.884s] INFO:colcon.colcon_core.shell:Creating environment descriptor '/home/migara/robot_ws/install/arm_bringup/share/arm_bringup/hook/ament_prefix_path.dsv'
[0.885s] INFO:colcon.colcon_core.shell:Creating environment hook '/home/migara/robot_ws/install/arm_bringup/share/arm_bringup/hook/ament_prefix_path.sh'
[0.888s] INFO:colcon.colcon_core.shell:Skip shell extension 'powershell' for command environment: Not usable outside of PowerShell
[0.888s] DEBUG:colcon.colcon_core.shell:Skip shell extension 'dsv' for command environment
[1.330s] INFO:colcon.colcon_core.task.python.build:Building Python package in '/home/migara/robot_ws/src/arm_bringup'
[1.331s] INFO:colcon.colcon_core.shell:Skip shell extension 'powershell' for command environment: Not usable outside of PowerShell
[1.331s] DEBUG:colcon.colcon_core.shell:Skip shell extension 'dsv' for command environment
[2.344s] DEBUG:colcon.colcon_core.task.python.build:Available setuptools commands: install_egg_info, bdist_egg, build_scripts, install, build, extract_messages, dist_info, build_ext, bdist_dumb, install_data, install_lib, install_headers, build_py, editable_wheel, bdist_rpm, egg_info, symlink_data, saveopts, compile_catalog, easy_install, alias, build_clib, develop, register, test, update_catalog, init_catalog, bdist, sdist, check, rotate, upload, upload_docs, setopt, install_scripts, bdist_wheel, clean
[2.821s] DEBUG:colcon.colcon_core.task.python.build:Available setuptools 'develop' options: --record, --exclude-scripts, --prefix, --force-installation-into-system-dir, --script-dir, --egg-path, --optimize, --always-unzip, --no-deps, --editable, --always-copy, --verbose, --install-dir, --no-user-cfg, --local-snapshots-ok, --install-layout, --uninstall, --build-directory, --index-url, --upgrade, --quiet, --allow-hosts, --zip-ok, --version, --site-dirs, --no-find-links, --user, --help, --dry-run, --find-links, --multi-version
[2.826s] DEBUG:colcon.colcon_core.event_handler.log_command:Invoking command in '/home/migara/robot_ws/build/arm_bringup': AMENT_PREFIX_PATH=/home/migara/robot_ws/install/arm_description:/home/migara/robot_ws/install/arm_bringup:/opt/ros/jazzy DEBUGINFOD_URLS=https://debuginfod.ubuntu.com PYTHONPATH=/home/migara/robot_ws/build/arm_bringup/prefix_override:/usr/lib/python3/dist-packages/colcon_core/task/python/colcon_distutils_commands:/home/migara/robot_ws/install/arm_bringup/lib/python3.12/site-packages:/home/migara/robot_ws/build/arm_description:/home/migara/robot_ws/install/arm_description/lib/python3.12/site-packages:/home/migara/robot_ws/build/arm_bringup:/home/migara/robot_ws/install/arm_bringup/lib/python3.12/site-packages:/opt/ros/jazzy/opt/gz_sim_vendor/lib/python:/opt/ros/jazzy/opt/sdformat_vendor/lib/python:/opt/ros/jazzy/opt/gz_transport_vendor/lib/python:/opt/ros/jazzy/opt/gz_msgs_vendor/lib/python:/opt/ros/jazzy/opt/gz_math_vendor/lib/python:/opt/ros/jazzy/lib/python3.12/site-packages /usr/bin/python3 -W ignore:setup.py install is deprecated -W ignore:easy_install command is deprecated setup.py develop --editable --build-directory /home/migara/robot_ws/build/arm_bringup/build --no-deps symlink_data
[3.813s] Level 1:colcon.colcon_core.shell:create_environment_hook('arm_bringup', 'pythonpath_develop')
[3.813s] INFO:colcon.colcon_core.shell:Creating environment hook '/home/migara/robot_ws/build/arm_bringup/share/arm_bringup/hook/pythonpath_develop.ps1'
[3.814s] DEBUG:colcon.colcon_core.event_handler.log_command:Invoked command in '/home/migara/robot_ws/build/arm_bringup' returned '0': AMENT_PREFIX_PATH=/home/migara/robot_ws/install/arm_description:/home/migara/robot_ws/install/arm_bringup:/opt/ros/jazzy DEBUGINFOD_URLS=https://debuginfod.ubuntu.com PYTHONPATH=/home/migara/robot_ws/build/arm_bringup/prefix_override:/usr/lib/python3/dist-packages/colcon_core/task/python/colcon_distutils_commands:/home/migara/robot_ws/install/arm_bringup/lib/python3.12/site-packages:/home/migara/robot_ws/build/arm_description:/home/migara/robot_ws/install/arm_description/lib/python3.12/site-packages:/home/migara/robot_ws/build/arm_bringup:/home/migara/robot_ws/install/arm_bringup/lib/python3.12/site-packages:/opt/ros/jazzy/opt/gz_sim_vendor/lib/python:/opt/ros/jazzy/opt/sdformat_vendor/lib/python:/opt/ros/jazzy/opt/gz_transport_vendor/lib/python:/opt/ros/jazzy/opt/gz_msgs_vendor/lib/python:/opt/ros/jazzy/opt/gz_math_vendor/lib/python:/opt/ros/jazzy/lib/python3.12/site-packages /usr/bin/python3 -W ignore:setup.py install is deprecated -W ignore:easy_install command is deprecated setup.py develop --editable --build-directory /home/migara/robot_ws/build/arm_bringup/build --no-deps symlink_data
[3.815s] INFO:colcon.colcon_core.shell:Creating environment descriptor '/home/migara/robot_ws/build/arm_bringup/share/arm_bringup/hook/pythonpath_develop.dsv'
[3.815s] INFO:colcon.colcon_core.shell:Creating environment hook '/home/migara/robot_ws/build/arm_bringup/share/arm_bringup/hook/pythonpath_develop.sh'
[3.818s] Level 1:colcon.colcon_core.environment:checking '/home/migara/robot_ws/install/arm_bringup' for CMake module files
[3.818s] Level 1:colcon.colcon_core.environment:checking '/home/migara/robot_ws/install/arm_bringup' for CMake config files
[3.819s] Level 1:colcon.colcon_core.environment:checking '/home/migara/robot_ws/install/arm_bringup/lib'
[3.819s] Level 1:colcon.colcon_core.environment:checking '/home/migara/robot_ws/install/arm_bringup/bin'
[3.819s] Level 1:colcon.colcon_core.environment:checking '/home/migara/robot_ws/install/arm_bringup/lib/pkgconfig/arm_bringup.pc'
[3.820s] Level 1:colcon.colcon_core.environment:checking '/home/migara/robot_ws/install/arm_bringup/lib/python3.12/site-packages'
[3.820s] Level 1:colcon.colcon_core.shell:create_environment_hook('arm_bringup', 'pythonpath')
[3.820s] INFO:colcon.colcon_core.shell:Creating environment hook '/home/migara/robot_ws/install/arm_bringup/share/arm_bringup/hook/pythonpath.ps1'
[3.820s] INFO:colcon.colcon_core.shell:Creating environment descriptor '/home/migara/robot_ws/install/arm_bringup/share/arm_bringup/hook/pythonpath.dsv'
[3.821s] INFO:colcon.colcon_core.shell:Creating environment hook '/home/migara/robot_ws/install/arm_bringup/share/arm_bringup/hook/pythonpath.sh'
[3.822s] Level 1:colcon.colcon_core.environment:checking '/home/migara/robot_ws/install/arm_bringup/bin'
[3.822s] Level 1:colcon.colcon_core.environment:create_environment_scripts_only(arm_bringup)
[3.822s] INFO:colcon.colcon_core.shell:Creating package script '/home/migara/robot_ws/install/arm_bringup/share/arm_bringup/package.ps1'
[3.824s] INFO:colcon.colcon_core.shell:Creating package descriptor '/home/migara/robot_ws/install/arm_bringup/share/arm_bringup/package.dsv'
[3.824s] INFO:colcon.colcon_core.shell:Creating package script '/home/migara/robot_ws/install/arm_bringup/share/arm_bringup/package.sh'
[3.825s] INFO:colcon.colcon_core.shell:Creating package script '/home/migara/robot_ws/install/arm_bringup/share/arm_bringup/package.bash'
[3.826s] INFO:colcon.colcon_core.shell:Creating package script '/home/migara/robot_ws/install/arm_bringup/share/arm_bringup/package.zsh'
[3.827s] Level 1:colcon.colcon_core.environment:create_file_with_runtime_dependencies(/home/migara/robot_ws/install/arm_bringup/share/colcon-core/packages/arm_bringup)
[3.827s] DEBUG:colcon.colcon_parallel_executor.executor.parallel:closing loop
[3.828s] DEBUG:colcon.colcon_parallel_executor.executor.parallel:loop closed
[3.828s] DEBUG:colcon.colcon_parallel_executor.executor.parallel:run_until_complete finished with '0'
[3.828s] DEBUG:colcon.colcon_core.event_reactor:joining thread
[3.836s] INFO:colcon.colcon_core.plugin_system:Skipping extension 'colcon_notification.desktop_notification.terminal_notifier': Not used on non-Darwin systems
[3.837s] INFO:colcon.colcon_core.plugin_system:Skipping extension 'colcon_notification.desktop_notification.win32': Not used on non-Windows systems
[3.837s] INFO:colcon.colcon_notification.desktop_notification:Sending desktop notification using 'notify2'
[3.862s] DEBUG:colcon.colcon_core.event_reactor:joined thread
[3.862s] INFO:colcon.colcon_core.shell:Creating prefix script '/home/migara/robot_ws/install/local_setup.ps1'
[3.865s] INFO:colcon.colcon_core.shell:Creating prefix util module '/home/migara/robot_ws/install/_local_setup_util_ps1.py'
[3.866s] INFO:colcon.colcon_core.shell:Creating prefix chain script '/home/migara/robot_ws/install/setup.ps1'
[3.869s] INFO:colcon.colcon_core.shell:Creating prefix script '/home/migara/robot_ws/install/local_setup.sh'
[3.870s] INFO:colcon.colcon_core.shell:Creating prefix util module '/home/migara/robot_ws/install/_local_setup_util_sh.py'
[3.871s] INFO:colcon.colcon_core.shell:Creating prefix chain script '/home/migara/robot_ws/install/setup.sh'
[3.873s] INFO:colcon.colcon_core.shell:Creating prefix script '/home/migara/robot_ws/install/local_setup.bash'
[3.873s] INFO:colcon.colcon_core.shell:Creating prefix chain script '/home/migara/robot_ws/install/setup.bash'
[3.875s] INFO:colcon.colcon_core.shell:Creating prefix script '/home/migara/robot_ws/install/local_setup.zsh'
[3.875s] INFO:colcon.colcon_core.shell:Creating prefix chain script '/home/migara/robot_ws/install/setup.zsh'
