[1.948s] Invoking command in '/home/migara/robot_ws/build/arm_bringup': AMENT_PREFIX_PATH=/home/migara/robot_ws/install/arm_description:/home/migara/robot_ws/install/arm_bringup:/opt/ros/jazzy DEBUGINFOD_URLS=https://debuginfod.ubuntu.com PYTHONPATH=/home/migara/robot_ws/build/arm_bringup/prefix_override:/usr/lib/python3/dist-packages/colcon_core/task/python/colcon_distutils_commands:/home/migara/robot_ws/install/arm_bringup/lib/python3.12/site-packages:/home/migara/robot_ws/build/arm_description:/home/migara/robot_ws/install/arm_description/lib/python3.12/site-packages:/home/migara/robot_ws/build/arm_bringup:/home/migara/robot_ws/install/arm_bringup/lib/python3.12/site-packages:/opt/ros/jazzy/opt/gz_sim_vendor/lib/python:/opt/ros/jazzy/opt/sdformat_vendor/lib/python:/opt/ros/jazzy/opt/gz_transport_vendor/lib/python:/opt/ros/jazzy/opt/gz_msgs_vendor/lib/python:/opt/ros/jazzy/opt/gz_math_vendor/lib/python:/opt/ros/jazzy/lib/python3.12/site-packages /usr/bin/python3 -W ignore:setup.py install is deprecated -W ignore:easy_install command is deprecated setup.py develop --editable --build-directory /home/migara/robot_ws/build/arm_bringup/build --no-deps symlink_data
[2.453s] running develop
[2.759s] running egg_info
[2.786s] writing arm_bringup.egg-info/PKG-INFO
[2.786s] writing dependency_links to arm_bringup.egg-info/dependency_links.txt
[2.786s] writing entry points to arm_bringup.egg-info/entry_points.txt
[2.787s] writing requirements to arm_bringup.egg-info/requires.txt
[2.787s] writing top-level names to arm_bringup.egg-info/top_level.txt
[2.849s] reading manifest file 'arm_bringup.egg-info/SOURCES.txt'
[2.851s] writing manifest file 'arm_bringup.egg-info/SOURCES.txt'
[2.881s] running build_ext
[2.881s] Creating /home/migara/robot_ws/install/arm_bringup/lib/python3.12/site-packages/arm-bringup.egg-link (link to .)
[2.882s] Installing arm_mover script to /home/migara/robot_ws/install/arm_bringup/lib/arm_bringup
[2.882s] Installing color_detector script to /home/migara/robot_ws/install/arm_bringup/lib/arm_bringup
[2.882s] Installing ik_mover script to /home/migara/robot_ws/install/arm_bringup/lib/arm_bringup
[2.882s] Installing vision_mover script to /home/migara/robot_ws/install/arm_bringup/lib/arm_bringup
[2.883s] 
[2.883s] Installed /home/migara/robot_ws/build/arm_bringup
[2.883s] running symlink_data
[2.937s] Invoked command in '/home/migara/robot_ws/build/arm_bringup' returned '0': AMENT_PREFIX_PATH=/home/migara/robot_ws/install/arm_description:/home/migara/robot_ws/install/arm_bringup:/opt/ros/jazzy DEBUGINFOD_URLS=https://debuginfod.ubuntu.com PYTHONPATH=/home/migara/robot_ws/build/arm_bringup/prefix_override:/usr/lib/python3/dist-packages/colcon_core/task/python/colcon_distutils_commands:/home/migara/robot_ws/install/arm_bringup/lib/python3.12/site-packages:/home/migara/robot_ws/build/arm_description:/home/migara/robot_ws/install/arm_description/lib/python3.12/site-packages:/home/migara/robot_ws/build/arm_bringup:/home/migara/robot_ws/install/arm_bringup/lib/python3.12/site-packages:/opt/ros/jazzy/opt/gz_sim_vendor/lib/python:/opt/ros/jazzy/opt/sdformat_vendor/lib/python:/opt/ros/jazzy/opt/gz_transport_vendor/lib/python:/opt/ros/jazzy/opt/gz_msgs_vendor/lib/python:/opt/ros/jazzy/opt/gz_math_vendor/lib/python:/opt/ros/jazzy/lib/python3.12/site-packages /usr/bin/python3 -W ignore:setup.py install is deprecated -W ignore:easy_install command is deprecated setup.py develop --editable --build-directory /home/migara/robot_ws/build/arm_bringup/build --no-deps symlink_data
