[0.270s] DEBUG:colcon:Command line arguments: ['/usr/bin/colcon', 'build', '--packages-select', 'arm_hardware_bridge']
[0.271s] DEBUG:colcon:Parsed command line arguments: Namespace(log_base=None, log_level=None, verb_name='build', build_base='build', install_base='install', merge_install=False, symlink_install=False, test_result_base=None, continue_on_error=False, executor='parallel', parallel_workers=4, event_handlers=None, ignore_user_meta=False, metas=['./colcon.meta'], base_paths=['.'], packages_ignore=None, packages_ignore_regex=None, paths=None, packages_up_to=None, packages_up_to_regex=None, packages_above=None, packages_above_and_dependencies=None, packages_above_depth=None, packages_select_by_dep=None, packages_skip_by_dep=None, packages_skip_up_to=None, packages_select_build_failed=False, packages_skip_build_finished=False, packages_select_test_failures=False, packages_skip_test_passed=False, packages_select=['arm_hardware_bridge'], packages_skip=None, packages_select_regex=None, packages_skip_regex=None, packages_start=None, packages_end=None, allow_overriding=[], cmake_args=None, cmake_target=None, cmake_target_skip_unavailable=False, cmake_clean_cache=False, cmake_clean_first=False, cmake_force_configure=False, ament_cmake_args=None, catkin_cmake_args=None, catkin_skip_building_tests=False, mixin_files=None, mixin=None, verb_parser=<colcon_mixin.mixin.mixin_argument.MixinArgumentDecorator object at 0x773aaa2aa960>, verb_extension=<colcon_core.verb.build.BuildVerb object at 0x773aaa2a92e0>, main=<bound method BuildVerb.main of <colcon_core.verb.build.BuildVerb object at 0x773aaa2a92e0>>, mixin_verb=('build',))
[0.353s] Level 1:colcon.colcon_core.package_discovery:discover_packages(colcon_meta) check parameters
[0.353s] Level 1:colcon.colcon_core.package_discovery:discover_packages(recursive) check parameters
[0.353s] Level 1:colcon.colcon_core.package_discovery:discover_packages(ignore) check parameters
[0.353s] Level 1:colcon.colcon_core.package_discovery:discover_packages(path) check parameters
[0.353s] Level 1:colcon.colcon_core.package_discovery:discover_packages(colcon_meta) discover
[0.353s] Level 1:colcon.colcon_core.package_discovery:discover_packages(recursive) discover
[0.354s] INFO:colcon.colcon_core.package_discovery:Crawling recursively for packages in '/home/migara/robot_ws'
[0.354s] Level 1:colcon.colcon_core.package_identification:_identify(.) by extensions ['ignore', 'ignore_ament_install']
[0.354s] Level 1:colcon.colcon_core.package_identification:_identify(.) by extension 'ignore'
[0.354s] Level 1:colcon.colcon_core.package_identification:_identify(.) by extension 'ignore_ament_install'
[0.354s] Level 1:colcon.colcon_core.package_identification:_identify(.) by extensions ['colcon_pkg']
[0.354s] Level 1:colcon.colcon_core.package_identification:_identify(.) by extension 'colcon_pkg'
[0.354s] Level 1:colcon.colcon_core.package_identification:_identify(.) by extensions ['colcon_meta']
[0.354s] Level 1:colcon.colcon_core.package_identification:_identify(.) by extension 'colcon_meta'
[0.355s] Level 1:colcon.colcon_core.package_identification:_identify(.) by extensions ['ros']
[0.355s] Level 1:colcon.colcon_core.package_identification:_identify(.) by extension 'ros'
[0.409s] Level 1:colcon.colcon_core.package_identification:_identify(.) by extensions ['cmake', 'python']
[0.410s] Level 1:colcon.colcon_core.package_identification:_identify(.) by extension 'cmake'
[0.410s] Level 1:colcon.colcon_core.package_identification:_identify(.) by extension 'python'
[0.410s] Level 1:colcon.colcon_core.package_identification:_identify(.) by extensions ['python_setup_py']
[0.410s] Level 1:colcon.colcon_core.package_identification:_identify(.) by extension 'python_setup_py'
[0.410s] Level 1:colcon.colcon_core.package_identification:_identify(build) by extensions ['ignore', 'ignore_ament_install']
[0.410s] Level 1:colcon.colcon_core.package_identification:_identify(build) by extension 'ignore'
[0.410s] Level 1:colcon.colcon_core.package_identification:_identify(build) ignored
[0.411s] Level 1:colcon.colcon_core.package_identification:_identify(install) by extensions ['ignore', 'ignore_ament_install']
[0.411s] Level 1:colcon.colcon_core.package_identification:_identify(install) by extension 'ignore'
[0.411s] Level 1:colcon.colcon_core.package_identification:_identify(install) ignored
[0.411s] Level 1:colcon.colcon_core.package_identification:_identify(log) by extensions ['ignore', 'ignore_ament_install']
[0.411s] Level 1:colcon.colcon_core.package_identification:_identify(log) by extension 'ignore'
[0.411s] Level 1:colcon.colcon_core.package_identification:_identify(log) ignored
[0.411s] Level 1:colcon.colcon_core.package_identification:_identify(src) by extensions ['ignore', 'ignore_ament_install']
[0.412s] Level 1:colcon.colcon_core.package_identification:_identify(src) by extension 'ignore'
[0.412s] Level 1:colcon.colcon_core.package_identification:_identify(src) by extension 'ignore_ament_install'
[0.412s] Level 1:colcon.colcon_core.package_identification:_identify(src) by extensions ['colcon_pkg']
[0.412s] Level 1:colcon.colcon_core.package_identification:_identify(src) by extension 'colcon_pkg'
[0.412s] Level 1:colcon.colcon_core.package_identification:_identify(src) by extensions ['colcon_meta']
[0.412s] Level 1:colcon.colcon_core.package_identification:_identify(src) by extension 'colcon_meta'
[0.412s] Level 1:colcon.colcon_core.package_identification:_identify(src) by extensions ['ros']
[0.412s] Level 1:colcon.colcon_core.package_identification:_identify(src) by extension 'ros'
[0.412s] Level 1:colcon.colcon_core.package_identification:_identify(src) by extensions ['cmake', 'python']
[0.413s] Level 1:colcon.colcon_core.package_identification:_identify(src) by extension 'cmake'
[0.413s] Level 1:colcon.colcon_core.package_identification:_identify(src) by extension 'python'
[0.413s] Level 1:colcon.colcon_core.package_identification:_identify(src) by extensions ['python_setup_py']
[0.413s] Level 1:colcon.colcon_core.package_identification:_identify(src) by extension 'python_setup_py'
[0.413s] Level 1:colcon.colcon_core.package_identification:_identify(src/arduino_robot_code) by extensions ['ignore', 'ignore_ament_install']
[0.413s] Level 1:colcon.colcon_core.package_identification:_identify(src/arduino_robot_code) by extension 'ignore'
[0.413s] Level 1:colcon.colcon_core.package_identification:_identify(src/arduino_robot_code) by extension 'ignore_ament_install'
[0.413s] Level 1:colcon.colcon_core.package_identification:_identify(src/arduino_robot_code) by extensions ['colcon_pkg']
[0.414s] Level 1:colcon.colcon_core.package_identification:_identify(src/arduino_robot_code) by extension 'colcon_pkg'
[0.414s] Level 1:colcon.colcon_core.package_identification:_identify(src/arduino_robot_code) by extensions ['colcon_meta']
[0.414s] Level 1:colcon.colcon_core.package_identification:_identify(src/arduino_robot_code) by extension 'colcon_meta'
[0.414s] Level 1:colcon.colcon_core.package_identification:_identify(src/arduino_robot_code) by extensions ['ros']
[0.414s] Level 1:colcon.colcon_core.package_identification:_identify(src/arduino_robot_code) by extension 'ros'
[0.414s] Level 1:colcon.colcon_core.package_identification:_identify(src/arduino_robot_code) by extensions ['cmake', 'python']
[0.414s] Level 1:colcon.colcon_core.package_identification:_identify(src/arduino_robot_code) by extension 'cmake'
[0.414s] Level 1:colcon.colcon_core.package_identification:_identify(src/arduino_robot_code) by extension 'python'
[0.414s] Level 1:colcon.colcon_core.package_identification:_identify(src/arduino_robot_code) by extensions ['python_setup_py']
[0.414s] Level 1:colcon.colcon_core.package_identification:_identify(src/arduino_robot_code) by extension 'python_setup_py'
[0.415s] Level 1:colcon.colcon_core.package_identification:_identify(src/arm_description) by extensions ['ignore', 'ignore_ament_install']
[0.415s] Level 1:colcon.colcon_core.package_identification:_identify(src/arm_description) by extension 'ignore'
[0.415s] Level 1:colcon.colcon_core.package_identification:_identify(src/arm_description) by extension 'ignore_ament_install'
[0.415s] Level 1:colcon.colcon_core.package_identification:_identify(src/arm_description) by extensions ['colcon_pkg']
[0.415s] Level 1:colcon.colcon_core.package_identification:_identify(src/arm_description) by extension 'colcon_pkg'
[0.415s] Level 1:colcon.colcon_core.package_identification:_identify(src/arm_description) by extensions ['colcon_meta']
[0.415s] Level 1:colcon.colcon_core.package_identification:_identify(src/arm_description) by extension 'colcon_meta'
[0.415s] Level 1:colcon.colcon_core.package_identification:_identify(src/arm_description) by extensions ['ros']
[0.415s] Level 1:colcon.colcon_core.package_identification:_identify(src/arm_description) by extension 'ros'
[0.420s] DEBUG:colcon.colcon_core.package_identification:Package 'src/arm_description' with type 'ros.ament_python' and name 'arm_description'
[0.420s] Level 1:colcon.colcon_core.package_identification:_identify(src/arm_hardware_bridge) by extensions ['ignore', 'ignore_ament_install']
[0.420s] Level 1:colcon.colcon_core.package_identification:_identify(src/arm_hardware_bridge) by extension 'ignore'
[0.420s] Level 1:colcon.colcon_core.package_identification:_identify(src/arm_hardware_bridge) by extension 'ignore_ament_install'
[0.421s] Level 1:colcon.colcon_core.package_identification:_identify(src/arm_hardware_bridge) by extensions ['colcon_pkg']
[0.421s] Level 1:colcon.colcon_core.package_identification:_identify(src/arm_hardware_bridge) by extension 'colcon_pkg'
[0.421s] Level 1:colcon.colcon_core.package_identification:_identify(src/arm_hardware_bridge) by extensions ['colcon_meta']
[0.421s] Level 1:colcon.colcon_core.package_identification:_identify(src/arm_hardware_bridge) by extension 'colcon_meta'
[0.421s] Level 1:colcon.colcon_core.package_identification:_identify(src/arm_hardware_bridge) by extensions ['ros']
[0.421s] Level 1:colcon.colcon_core.package_identification:_identify(src/arm_hardware_bridge) by extension 'ros'
[0.423s] DEBUG:colcon.colcon_core.package_identification:Package 'src/arm_hardware_bridge' with type 'ros.ament_python' and name 'arm_hardware_bridge'
[0.423s] Level 1:colcon.colcon_core.package_identification:_identify(src/arm_moveit_config) by extensions ['ignore', 'ignore_ament_install']
[0.423s] Level 1:colcon.colcon_core.package_identification:_identify(src/arm_moveit_config) by extension 'ignore'
[0.424s] Level 1:colcon.colcon_core.package_identification:_identify(src/arm_moveit_config) by extension 'ignore_ament_install'
[0.424s] Level 1:colcon.colcon_core.package_identification:_identify(src/arm_moveit_config) by extensions ['colcon_pkg']
[0.424s] Level 1:colcon.colcon_core.package_identification:_identify(src/arm_moveit_config) by extension 'colcon_pkg'
[0.424s] Level 1:colcon.colcon_core.package_identification:_identify(src/arm_moveit_config) by extensions ['colcon_meta']
[0.424s] Level 1:colcon.colcon_core.package_identification:_identify(src/arm_moveit_config) by extension 'colcon_meta'
[0.424s] Level 1:colcon.colcon_core.package_identification:_identify(src/arm_moveit_config) by extensions ['ros']
[0.424s] Level 1:colcon.colcon_core.package_identification:_identify(src/arm_moveit_config) by extension 'ros'
[0.426s] DEBUG:colcon.colcon_core.package_identification:Package 'src/arm_moveit_config' with type 'ros.ament_cmake' and name 'arm_moveit_config'
[0.426s] Level 1:colcon.colcon_core.package_identification:_identify(src/calibaration) by extensions ['ignore', 'ignore_ament_install']
[0.426s] Level 1:colcon.colcon_core.package_identification:_identify(src/calibaration) by extension 'ignore'
[0.426s] Level 1:colcon.colcon_core.package_identification:_identify(src/calibaration) by extension 'ignore_ament_install'
[0.427s] Level 1:colcon.colcon_core.package_identification:_identify(src/calibaration) by extensions ['colcon_pkg']
[0.427s] Level 1:colcon.colcon_core.package_identification:_identify(src/calibaration) by extension 'colcon_pkg'
[0.427s] Level 1:colcon.colcon_core.package_identification:_identify(src/calibaration) by extensions ['colcon_meta']
[0.427s] Level 1:colcon.colcon_core.package_identification:_identify(src/calibaration) by extension 'colcon_meta'
[0.427s] Level 1:colcon.colcon_core.package_identification:_identify(src/calibaration) by extensions ['ros']
[0.427s] Level 1:colcon.colcon_core.package_identification:_identify(src/calibaration) by extension 'ros'
[0.427s] Level 1:colcon.colcon_core.package_identification:_identify(src/calibaration) by extensions ['cmake', 'python']
[0.427s] Level 1:colcon.colcon_core.package_identification:_identify(src/calibaration) by extension 'cmake'
[0.427s] Level 1:colcon.colcon_core.package_identification:_identify(src/calibaration) by extension 'python'
[0.427s] Level 1:colcon.colcon_core.package_identification:_identify(src/calibaration) by extensions ['python_setup_py']
[0.427s] Level 1:colcon.colcon_core.package_identification:_identify(src/calibaration) by extension 'python_setup_py'
[0.428s] Level 1:colcon.colcon_core.package_identification:_identify(src/sketch_sep17a) by extensions ['ignore', 'ignore_ament_install']
[0.428s] Level 1:colcon.colcon_core.package_identification:_identify(src/sketch_sep17a) by extension 'ignore'
[0.428s] Level 1:colcon.colcon_core.package_identification:_identify(src/sketch_sep17a) by extension 'ignore_ament_install'
[0.428s] Level 1:colcon.colcon_core.package_identification:_identify(src/sketch_sep17a) by extensions ['colcon_pkg']
[0.428s] Level 1:colcon.colcon_core.package_identification:_identify(src/sketch_sep17a) by extension 'colcon_pkg'
[0.428s] Level 1:colcon.colcon_core.package_identification:_identify(src/sketch_sep17a) by extensions ['colcon_meta']
[0.428s] Level 1:colcon.colcon_core.package_identification:_identify(src/sketch_sep17a) by extension 'colcon_meta'
[0.428s] Level 1:colcon.colcon_core.package_identification:_identify(src/sketch_sep17a) by extensions ['ros']
[0.429s] Level 1:colcon.colcon_core.package_identification:_identify(src/sketch_sep17a) by extension 'ros'
[0.429s] Level 1:colcon.colcon_core.package_identification:_identify(src/sketch_sep17a) by extensions ['cmake', 'python']
[0.429s] Level 1:colcon.colcon_core.package_identification:_identify(src/sketch_sep17a) by extension 'cmake'
[0.429s] Level 1:colcon.colcon_core.package_identification:_identify(src/sketch_sep17a) by extension 'python'
[0.429s] Level 1:colcon.colcon_core.package_identification:_identify(src/sketch_sep17a) by extensions ['python_setup_py']
[0.429s] Level 1:colcon.colcon_core.package_identification:_identify(src/sketch_sep17a) by extension 'python_setup_py'
[0.429s] Level 1:colcon.colcon_core.package_discovery:discover_packages(recursive) using defaults
[0.429s] Level 1:colcon.colcon_core.package_discovery:discover_packages(ignore) discover
[0.429s] Level 1:colcon.colcon_core.package_discovery:discover_packages(ignore) using defaults
[0.429s] Level 1:colcon.colcon_core.package_discovery:discover_packages(path) discover
[0.429s] Level 1:colcon.colcon_core.package_discovery:discover_packages(path) using defaults
[0.472s] INFO:colcon.colcon_core.package_selection:Skipping not selected package 'arm_description' in 'src/arm_description'
[0.472s] INFO:colcon.colcon_core.package_selection:Skipping not selected package 'arm_moveit_config' in 'src/arm_moveit_config'
[0.473s] Level 1:colcon.colcon_core.package_discovery:discover_packages(prefix_path) check parameters
[0.473s] Level 1:colcon.colcon_core.package_discovery:discover_packages(prefix_path) discover
[0.475s] WARNING:colcon.colcon_ros.prefix_path.ament:The path '/home/migara/robot_ws/install/arm_bringup' in the environment variable AMENT_PREFIX_PATH doesn't exist
[0.478s] DEBUG:colcon.colcon_installed_package_information.package_discovery:Found 3 installed packages in /home/migara/robot_ws/install
[0.485s] DEBUG:colcon.colcon_installed_package_information.package_discovery:Found 418 installed packages in /opt/ros/jazzy
[0.492s] Level 1:colcon.colcon_core.package_discovery:discover_packages(prefix_path) using defaults
[0.639s] Level 5:colcon.colcon_core.verb:set package 'arm_hardware_bridge' build argument 'cmake_args' from command line to 'None'
[0.639s] Level 5:colcon.colcon_core.verb:set package 'arm_hardware_bridge' build argument 'cmake_target' from command line to 'None'
[0.639s] Level 5:colcon.colcon_core.verb:set package 'arm_hardware_bridge' build argument 'cmake_target_skip_unavailable' from command line to 'False'
[0.639s] Level 5:colcon.colcon_core.verb:set package 'arm_hardware_bridge' build argument 'cmake_clean_cache' from command line to 'False'
[0.640s] Level 5:colcon.colcon_core.verb:set package 'arm_hardware_bridge' build argument 'cmake_clean_first' from command line to 'False'
[0.640s] Level 5:colcon.colcon_core.verb:set package 'arm_hardware_bridge' build argument 'cmake_force_configure' from command line to 'False'
[0.640s] Level 5:colcon.colcon_core.verb:set package 'arm_hardware_bridge' build argument 'ament_cmake_args' from command line to 'None'
[0.640s] Level 5:colcon.colcon_core.verb:set package 'arm_hardware_bridge' build argument 'catkin_cmake_args' from command line to 'None'
[0.640s] Level 5:colcon.colcon_core.verb:set package 'arm_hardware_bridge' build argument 'catkin_skip_building_tests' from command line to 'False'
[0.640s] DEBUG:colcon.colcon_core.verb:Building package 'arm_hardware_bridge' with the following arguments: {'ament_cmake_args': None, 'build_base': '/home/migara/robot_ws/build/arm_hardware_bridge', 'catkin_cmake_args': None, 'catkin_skip_building_tests': False, 'cmake_args': None, 'cmake_clean_cache': False, 'cmake_clean_first': False, 'cmake_force_configure': False, 'cmake_target': None, 'cmake_target_skip_unavailable': False, 'install_base': '/home/migara/robot_ws/install/arm_hardware_bridge', 'merge_install': False, 'path': '/home/migara/robot_ws/src/arm_hardware_bridge', 'symlink_install': False, 'test_result_base': None}
[0.640s] INFO:colcon.colcon_core.executor:Executing jobs using 'parallel' executor
[0.642s] DEBUG:colcon.colcon_parallel_executor.executor.parallel:run_until_complete
[0.643s] INFO:colcon.colcon_ros.task.ament_python.build:Building ROS package in '/home/migara/robot_ws/src/arm_hardware_bridge' with build type 'ament_python'
[0.643s] Level 1:colcon.colcon_core.shell:create_environment_hook('arm_hardware_bridge', 'ament_prefix_path')
[0.647s] INFO:colcon.colcon_core.plugin_system:Skipping extension 'colcon_core.shell.bat': Not used on non-Windows systems
[0.648s] INFO:colcon.colcon_core.shell:Creating environment hook '/home/migara/robot_ws/install/arm_hardware_bridge/share/arm_hardware_bridge/hook/ament_prefix_path.ps1'
[0.649s] INFO:colcon.colcon_core.shell:Creating environment descriptor '/home/migara/robot_ws/install/arm_hardware_bridge/share/arm_hardware_bridge/hook/ament_prefix_path.dsv'
[0.650s] INFO:colcon.colcon_core.shell:Creating environment hook '/home/migara/robot_ws/install/arm_hardware_bridge/share/arm_hardware_bridge/hook/ament_prefix_path.sh'
[0.651s] INFO:colcon.colcon_core.shell:Skip shell extension 'powershell' for command environment: Not usable outside of PowerShell
[0.651s] DEBUG:colcon.colcon_core.shell:Skip shell extension 'dsv' for command environment
[1.083s] INFO:colcon.colcon_core.task.python.build:Building Python package in '/home/migara/robot_ws/src/arm_hardware_bridge'
[1.083s] INFO:colcon.colcon_core.shell:Skip shell extension 'powershell' for command environment: Not usable outside of PowerShell
[1.083s] DEBUG:colcon.colcon_core.shell:Skip shell extension 'dsv' for command environment
[2.004s] DEBUG:colcon.colcon_core.task.python.build:Available setuptools commands: egg_info, develop, alias, install_egg_info, install, editable_wheel, saveopts, check, install_lib, update_catalog, sdist, bdist_dumb, bdist_rpm, setopt, build_py, rotate, upload, install_scripts, install_data, build_scripts, symlink_data, compile_catalog, bdist_wheel, upload_docs, bdist_egg, build_clib, test, build, build_ext, easy_install, bdist, register, clean, install_headers, init_catalog, extract_messages, dist_info
[2.007s] DEBUG:colcon.colcon_core.event_handler.log_command:Invoking command in '/home/migara/robot_ws/build/arm_hardware_bridge': AMENT_PREFIX_PATH=/home/migara/robot_ws/install/arm_description:/home/migara/robot_ws/install/arm_hardware_bridge:/home/migara/robot_ws/install/arm_moveit_config:/home/migara/robot_ws/install/arm_bringup:/opt/ros/jazzy DEBUGINFOD_URLS=https://debuginfod.ubuntu.com PYTHONPATH=/home/migara/robot_ws/build/arm_hardware_bridge/prefix_override:/usr/lib/python3/dist-packages/colcon_core/task/python/colcon_distutils_commands:/home/migara/robot_ws/install/arm_hardware_bridge/lib/python3.12/site-packages:/home/migara/robot_ws/build/arm_description:/home/migara/robot_ws/install/arm_description/lib/python3.12/site-packages:/home/migara/robot_ws/build/arm_hardware_bridge:/home/migara/robot_ws/install/arm_hardware_bridge/lib/python3.12/site-packages:/home/migara/robot_ws/build/arm_bringup:/home/migara/robot_ws/install/arm_bringup/lib/python3.12/site-packages:/opt/ros/jazzy/opt/gz_sim_vendor/lib/python:/opt/ros/jazzy/opt/sdformat_vendor/lib/python:/opt/ros/jazzy/opt/gz_transport_vendor/lib/python:/opt/ros/jazzy/opt/gz_msgs_vendor/lib/python:/opt/ros/jazzy/opt/gz_math_vendor/lib/python:/opt/ros/jazzy/lib/python3.12/site-packages /usr/bin/python3 -W ignore:setup.py install is deprecated -W ignore:easy_install command is deprecated setup.py develop --uninstall --editable --build-directory /home/migara/robot_ws/build/arm_hardware_bridge/build
[2.894s] DEBUG:colcon.colcon_core.event_handler.log_command:Invoked command in '/home/migara/robot_ws/build/arm_hardware_bridge' returned '0': AMENT_PREFIX_PATH=/home/migara/robot_ws/install/arm_description:/home/migara/robot_ws/install/arm_hardware_bridge:/home/migara/robot_ws/install/arm_moveit_config:/home/migara/robot_ws/install/arm_bringup:/opt/ros/jazzy DEBUGINFOD_URLS=https://debuginfod.ubuntu.com PYTHONPATH=/home/migara/robot_ws/build/arm_hardware_bridge/prefix_override:/usr/lib/python3/dist-packages/colcon_core/task/python/colcon_distutils_commands:/home/migara/robot_ws/install/arm_hardware_bridge/lib/python3.12/site-packages:/home/migara/robot_ws/build/arm_description:/home/migara/robot_ws/install/arm_description/lib/python3.12/site-packages:/home/migara/robot_ws/build/arm_hardware_bridge:/home/migara/robot_ws/install/arm_hardware_bridge/lib/python3.12/site-packages:/home/migara/robot_ws/build/arm_bringup:/home/migara/robot_ws/install/arm_bringup/lib/python3.12/site-packages:/opt/ros/jazzy/opt/gz_sim_vendor/lib/python:/opt/ros/jazzy/opt/sdformat_vendor/lib/python:/opt/ros/jazzy/opt/gz_transport_vendor/lib/python:/opt/ros/jazzy/opt/gz_msgs_vendor/lib/python:/opt/ros/jazzy/opt/gz_math_vendor/lib/python:/opt/ros/jazzy/lib/python3.12/site-packages /usr/bin/python3 -W ignore:setup.py install is deprecated -W ignore:easy_install command is deprecated setup.py develop --uninstall --editable --build-directory /home/migara/robot_ws/build/arm_hardware_bridge/build
[2.896s] DEBUG:colcon.colcon_core.event_handler.log_command:Invoking command in '/home/migara/robot_ws/src/arm_hardware_bridge': AMENT_PREFIX_PATH=/home/migara/robot_ws/install/arm_description:/home/migara/robot_ws/install/arm_hardware_bridge:/home/migara/robot_ws/install/arm_moveit_config:/home/migara/robot_ws/install/arm_bringup:/opt/ros/jazzy DEBUGINFOD_URLS=https://debuginfod.ubuntu.com PYTHONPATH=/home/migara/robot_ws/build/arm_hardware_bridge/prefix_override:/usr/lib/python3/dist-packages/colcon_core/task/python/colcon_distutils_commands:/home/migara/robot_ws/install/arm_hardware_bridge/lib/python3.12/site-packages:/home/migara/robot_ws/build/arm_description:/home/migara/robot_ws/install/arm_description/lib/python3.12/site-packages:/home/migara/robot_ws/build/arm_hardware_bridge:/home/migara/robot_ws/install/arm_hardware_bridge/lib/python3.12/site-packages:/home/migara/robot_ws/build/arm_bringup:/home/migara/robot_ws/install/arm_bringup/lib/python3.12/site-packages:/opt/ros/jazzy/opt/gz_sim_vendor/lib/python:/opt/ros/jazzy/opt/sdformat_vendor/lib/python:/opt/ros/jazzy/opt/gz_transport_vendor/lib/python:/opt/ros/jazzy/opt/gz_msgs_vendor/lib/python:/opt/ros/jazzy/opt/gz_math_vendor/lib/python:/opt/ros/jazzy/lib/python3.12/site-packages /usr/bin/python3 -W ignore:setup.py install is deprecated -W ignore:easy_install command is deprecated setup.py egg_info --egg-base ../../build/arm_hardware_bridge build --build-base /home/migara/robot_ws/build/arm_hardware_bridge/build install --record /home/migara/robot_ws/build/arm_hardware_bridge/install.log --install-scripts $base/lib/arm_hardware_bridge --single-version-externally-managed install_data --force
[3.737s] DEBUG:colcon.colcon_core.event_handler.log_command:Invoked command in '/home/migara/robot_ws/src/arm_hardware_bridge' returned '0': AMENT_PREFIX_PATH=/home/migara/robot_ws/install/arm_description:/home/migara/robot_ws/install/arm_hardware_bridge:/home/migara/robot_ws/install/arm_moveit_config:/home/migara/robot_ws/install/arm_bringup:/opt/ros/jazzy DEBUGINFOD_URLS=https://debuginfod.ubuntu.com PYTHONPATH=/home/migara/robot_ws/build/arm_hardware_bridge/prefix_override:/usr/lib/python3/dist-packages/colcon_core/task/python/colcon_distutils_commands:/home/migara/robot_ws/install/arm_hardware_bridge/lib/python3.12/site-packages:/home/migara/robot_ws/build/arm_description:/home/migara/robot_ws/install/arm_description/lib/python3.12/site-packages:/home/migara/robot_ws/build/arm_hardware_bridge:/home/migara/robot_ws/install/arm_hardware_bridge/lib/python3.12/site-packages:/home/migara/robot_ws/build/arm_bringup:/home/migara/robot_ws/install/arm_bringup/lib/python3.12/site-packages:/opt/ros/jazzy/opt/gz_sim_vendor/lib/python:/opt/ros/jazzy/opt/sdformat_vendor/lib/python:/opt/ros/jazzy/opt/gz_transport_vendor/lib/python:/opt/ros/jazzy/opt/gz_msgs_vendor/lib/python:/opt/ros/jazzy/opt/gz_math_vendor/lib/python:/opt/ros/jazzy/lib/python3.12/site-packages /usr/bin/python3 -W ignore:setup.py install is deprecated -W ignore:easy_install command is deprecated setup.py egg_info --egg-base ../../build/arm_hardware_bridge build --build-base /home/migara/robot_ws/build/arm_hardware_bridge/build install --record /home/migara/robot_ws/build/arm_hardware_bridge/install.log --install-scripts $base/lib/arm_hardware_bridge --single-version-externally-managed install_data --force
[3.739s] Level 1:colcon.colcon_core.environment:checking '/home/migara/robot_ws/install/arm_hardware_bridge' for CMake module files
[3.740s] Level 1:colcon.colcon_core.environment:checking '/home/migara/robot_ws/install/arm_hardware_bridge' for CMake config files
[3.740s] Level 1:colcon.colcon_core.environment:checking '/home/migara/robot_ws/install/arm_hardware_bridge/lib'
[3.741s] Level 1:colcon.colcon_core.environment:checking '/home/migara/robot_ws/install/arm_hardware_bridge/bin'
[3.741s] Level 1:colcon.colcon_core.environment:checking '/home/migara/robot_ws/install/arm_hardware_bridge/lib/pkgconfig/arm_hardware_bridge.pc'
[3.741s] Level 1:colcon.colcon_core.environment:checking '/home/migara/robot_ws/install/arm_hardware_bridge/lib/python3.12/site-packages'
[3.741s] Level 1:colcon.colcon_core.shell:create_environment_hook('arm_hardware_bridge', 'pythonpath')
[3.741s] INFO:colcon.colcon_core.shell:Creating environment hook '/home/migara/robot_ws/install/arm_hardware_bridge/share/arm_hardware_bridge/hook/pythonpath.ps1'
[3.742s] INFO:colcon.colcon_core.shell:Creating environment descriptor '/home/migara/robot_ws/install/arm_hardware_bridge/share/arm_hardware_bridge/hook/pythonpath.dsv'
[3.743s] INFO:colcon.colcon_core.shell:Creating environment hook '/home/migara/robot_ws/install/arm_hardware_bridge/share/arm_hardware_bridge/hook/pythonpath.sh'
[3.744s] Level 1:colcon.colcon_core.environment:checking '/home/migara/robot_ws/install/arm_hardware_bridge/bin'
[3.744s] Level 1:colcon.colcon_core.environment:create_environment_scripts_only(arm_hardware_bridge)
[3.744s] INFO:colcon.colcon_core.shell:Creating package script '/home/migara/robot_ws/install/arm_hardware_bridge/share/arm_hardware_bridge/package.ps1'
[3.746s] INFO:colcon.colcon_core.shell:Creating package descriptor '/home/migara/robot_ws/install/arm_hardware_bridge/share/arm_hardware_bridge/package.dsv'
[3.746s] INFO:colcon.colcon_core.shell:Creating package script '/home/migara/robot_ws/install/arm_hardware_bridge/share/arm_hardware_bridge/package.sh'
[3.747s] INFO:colcon.colcon_core.shell:Creating package script '/home/migara/robot_ws/install/arm_hardware_bridge/share/arm_hardware_bridge/package.bash'
[3.748s] INFO:colcon.colcon_core.shell:Creating package script '/home/migara/robot_ws/install/arm_hardware_bridge/share/arm_hardware_bridge/package.zsh'
[3.749s] Level 1:colcon.colcon_core.environment:create_file_with_runtime_dependencies(/home/migara/robot_ws/install/arm_hardware_bridge/share/colcon-core/packages/arm_hardware_bridge)
[3.749s] DEBUG:colcon.colcon_parallel_executor.executor.parallel:closing loop
[3.749s] DEBUG:colcon.colcon_parallel_executor.executor.parallel:loop closed
[3.750s] DEBUG:colcon.colcon_parallel_executor.executor.parallel:run_until_complete finished with '0'
[3.750s] DEBUG:colcon.colcon_core.event_reactor:joining thread
[3.758s] INFO:colcon.colcon_core.plugin_system:Skipping extension 'colcon_notification.desktop_notification.terminal_notifier': Not used on non-Darwin systems
[3.758s] INFO:colcon.colcon_core.plugin_system:Skipping extension 'colcon_notification.desktop_notification.win32': Not used on non-Windows systems
[3.758s] INFO:colcon.colcon_notification.desktop_notification:Sending desktop notification using 'notify2'
[3.781s] DEBUG:colcon.colcon_core.event_reactor:joined thread
[3.781s] INFO:colcon.colcon_core.shell:Creating prefix script '/home/migara/robot_ws/install/local_setup.ps1'
[3.783s] INFO:colcon.colcon_core.shell:Creating prefix util module '/home/migara/robot_ws/install/_local_setup_util_ps1.py'
[3.786s] INFO:colcon.colcon_core.shell:Creating prefix chain script '/home/migara/robot_ws/install/setup.ps1'
[3.788s] INFO:colcon.colcon_core.shell:Creating prefix script '/home/migara/robot_ws/install/local_setup.sh'
[3.789s] INFO:colcon.colcon_core.shell:Creating prefix util module '/home/migara/robot_ws/install/_local_setup_util_sh.py'
[3.790s] INFO:colcon.colcon_core.shell:Creating prefix chain script '/home/migara/robot_ws/install/setup.sh'
[3.793s] INFO:colcon.colcon_core.shell:Creating prefix script '/home/migara/robot_ws/install/local_setup.bash'
[3.794s] INFO:colcon.colcon_core.shell:Creating prefix chain script '/home/migara/robot_ws/install/setup.bash'
[3.795s] INFO:colcon.colcon_core.shell:Creating prefix script '/home/migara/robot_ws/install/local_setup.zsh'
[3.796s] INFO:colcon.colcon_core.shell:Creating prefix chain script '/home/migara/robot_ws/install/setup.zsh'
