[0.000000] (-) TimerEvent: {}
[0.000582] (arm_description) JobQueued: {'identifier': 'arm_description', 'dependencies': OrderedDict()}
[0.000977] (arm_moveit_config) JobQueued: {'identifier': 'arm_moveit_config', 'dependencies': OrderedDict({'arm_description': '/home/migara/robot_ws/install/arm_description'})}
[0.001040] (arm_hardware_bridge) JobQueued: {'identifier': 'arm_hardware_bridge', 'dependencies': OrderedDict({'arm_description': '/home/migara/robot_ws/install/arm_description', 'arm_moveit_config': '/home/migara/robot_ws/install/arm_moveit_config'})}
[0.002024] (arm_description) JobStarted: {'identifier': 'arm_description'}
[0.098021] (-) TimerEvent: {}
[0.198735] (-) TimerEvent: {}
[0.299299] (-) TimerEvent: {}
[0.399584] (-) TimerEvent: {}
[0.499853] (-) TimerEvent: {}
[0.600134] (-) TimerEvent: {}
[0.700459] (-) TimerEvent: {}
[0.800735] (-) TimerEvent: {}
[0.900986] (-) TimerEvent: {}
[1.001233] (-) TimerEvent: {}
[1.101526] (-) TimerEvent: {}
[1.201803] (-) TimerEvent: {}
[1.303311] (-) TimerEvent: {}
[1.403621] (-) TimerEvent: {}
[1.503911] (-) TimerEvent: {}
[1.604564] (-) TimerEvent: {}
[1.704857] (-) TimerEvent: {}
[1.805113] (-) TimerEvent: {}
[1.905361] (-) TimerEvent: {}
[2.005665] (-) TimerEvent: {}
[2.025020] (arm_description) Command: {'cmd': ['/usr/bin/python3', '-W', 'ignore:setup.py install is deprecated', '-W', 'ignore:easy_install command is deprecated', 'setup.py', 'develop', '--editable', '--build-directory', '/home/migara/robot_ws/build/arm_description/build', '--no-deps', 'symlink_data'], 'cwd': '/home/migara/robot_ws/build/arm_description', 'env': OrderedDict({'GZ_SIM_SYSTEM_PLUGIN_PATH': '/opt/ros/jazzy/lib', 'GZ_SIM_RESOURCE_PATH': '/opt/ros/jazzy/share', 'USER': 'migara', 'GZ_CONFIG_PATH': '/opt/ros/jazzy/opt/gz_sim_vendor/share/gz:/opt/ros/jazzy/opt/sdformat_vendor/share/gz:/opt/ros/jazzy/opt/gz_gui_vendor/share/gz:/opt/ros/jazzy/opt/gz_transport_vendor/share/gz:/opt/ros/jazzy/opt/gz_rendering_vendor/share/gz:/opt/ros/jazzy/opt/gz_plugin_vendor/share/gz:/opt/ros/jazzy/opt/gz_fuel_tools_vendor/share/gz:/opt/ros/jazzy/opt/gz_msgs_vendor/share/gz:/opt/ros/jazzy/opt/gz_common_vendor/share/gz', 'XDG_SESSION_TYPE': 'wayland', 'GIT_ASKPASS': '/usr/share/code/resources/app/extensions/git/dist/askpass.sh', 'SHLVL': '2', 'LD_LIBRARY_PATH': '/opt/ros/jazzy/opt/gz_sim_vendor/lib:/opt/ros/jazzy/opt/gz_sensors_vendor/lib:/opt/ros/jazzy/opt/gz_physics_vendor/lib:/opt/ros/jazzy/opt/sdformat_vendor/lib:/opt/ros/jazzy/opt/rviz_ogre_vendor/lib:/opt/ros/jazzy/lib/x86_64-linux-gnu:/opt/ros/jazzy/opt/gz_gui_vendor/lib:/opt/ros/jazzy/opt/gz_transport_vendor/lib:/opt/ros/jazzy/opt/gz_rendering_vendor/lib:/opt/ros/jazzy/opt/gz_plugin_vendor/lib:/opt/ros/jazzy/opt/gz_fuel_tools_vendor/lib:/opt/ros/jazzy/opt/gz_msgs_vendor/lib:/opt/ros/jazzy/opt/gz_common_vendor/lib:/opt/ros/jazzy/opt/gz_math_vendor/lib:/opt/ros/jazzy/opt/gz_utils_vendor/lib:/opt/ros/jazzy/opt/gz_tools_vendor/lib:/opt/ros/jazzy/opt/gz_ogre_next_vendor/lib:/opt/ros/jazzy/opt/gz_dartsim_vendor/lib:/opt/ros/jazzy/opt/gz_cmake_vendor/lib:/opt/ros/jazzy/lib', 'HOME': '/home/migara', 'CHROME_DESKTOP': 'code.desktop', 'OLDPWD': '/home/migara/robot_ws', 'TERM_PROGRAM_VERSION': '1.137.0', 'DESKTOP_SESSION': 'ubuntu', 'ROS_PYTHON_VERSION': '3', 'GNOME_SHELL_SESSION_MODE': 'ubuntu', 'GTK_MODULES': 'gail:atk-bridge', 'VSCODE_GIT_ASKPASS_MAIN': '/usr/share/code/resources/app/extensions/git/dist/askpass-main.js', 'VSCODE_GIT_ASKPASS_NODE': '/usr/share/code/code', 'DBUS_STARTER_BUS_TYPE': 'session', 'SYSTEMD_EXEC_PID': '1619', 'VSCODE_PYTHON_AUTOACTIVATE_GUARD': '1', 'GSM_SKIP_SSH_AGENT_WORKAROUND': 'true', 'DBUS_SESSION_BUS_ADDRESS': 'unix:path=/run/user/1000/bus,guid=d34c4f07519f5820e555c4e16aaac043', 'COLORTERM': 'truecolor', 'DEBUGINFOD_URLS': 'https://debuginfod.ubuntu.com', 'IM_CONFIG_PHASE': '1', 'WAYLAND_DISPLAY': 'wayland-0', 'COLCON_PREFIX_PATH': '/home/migara/robot_ws/install', 'ROS_DISTRO': 'jazzy', 'LOGNAME': 'migara', '_': '/usr/bin/colcon', 'ROS_VERSION': '2', 'MEMORY_PRESSURE_WATCH': '/sys/fs/cgroup/user.slice/user-1000.slice/user@1000.service/app.slice/app-gnome\\x2dsession\\x2dmanager.slice/gnome-session-manager@ubuntu.service/memory.pressure', 'XDG_SESSION_CLASS': 'user', 'USERNAME': 'migara', 'TERM': 'xterm-256color', 'GNOME_DESKTOP_SESSION_ID': 'this-is-deprecated', 'FC_FONTATIONS': '1', 'PATH': '/opt/ros/jazzy/opt/gz_msgs_vendor/bin:/opt/ros/jazzy/opt/gz_tools_vendor/bin:/opt/ros/jazzy/opt/gz_ogre_next_vendor/bin:/opt/ros/jazzy/bin:/usr/local/sbin:/usr/local/bin:/usr/sbin:/usr/bin:/sbin:/bin:/usr/games:/usr/local/games:/snap/bin:/snap/bin', 'SESSION_MANAGER': 'local/migara-Vostro-15-3568:@/tmp/.ICE-unix/1619,unix/migara-Vostro-15-3568:/tmp/.ICE-unix/1619', 'XDG_MENU_PREFIX': 'gnome-', 'GNOME_TERMINAL_SCREEN': '/org/gnome/Terminal/screen/43d8c457_c410_4f0d_840e_8b8995aab3ef', 'GNOME_SETUP_DISPLAY': ':1', 'XDG_RUNTIME_DIR': '/run/user/1000', 'GDK_BACKEND': 'wayland', 'DISPLAY': ':0', 'LANG': 'en_US.UTF-8', 'XDG_CURRENT_DESKTOP': 'ubuntu:GNOME', 'XMODIFIERS': '@im=ibus', 'XDG_SESSION_DESKTOP': 'ubuntu', 'XAUTHORITY': '/run/user/1000/.mutter-Xwaylandauth.UCUHV3', 'VSCODE_GIT_IPC_HANDLE': '/run/user/1000/vscode-git-c89506f075.sock', 'GNOME_TERMINAL_SERVICE': ':1.103', 'TERM_PROGRAM': 'vscode', 'SSH_AUTH_SOCK': '/run/user/1000/keyring/ssh', 'AMENT_PREFIX_PATH': '/home/migara/robot_ws/install/arm_bringup:/home/migara/robot_ws/install/arm_description:/opt/ros/jazzy', 'SHELL': '/bin/bash', 'QT_ACCESSIBILITY': '1', 'GDMSESSION': 'ubuntu', 'ROS_AUTOMATIC_DISCOVERY_RANGE': 'SUBNET', 'VSCODE_GIT_ASKPASS_EXTRA_ARGS': '', 'QT_IM_MODULE': 'ibus', 'PWD': '/home/migara/robot_ws/build/arm_description', 'QT_QPA_PLATFORM': 'xcb', 'LC_ALL': 'en_US.UTF-8', 'XDG_CONFIG_DIRS': '/etc/xdg/xdg-ubuntu:/etc/xdg', 'DBUS_STARTER_ADDRESS': 'unix:path=/run/user/1000/bus,guid=d34c4f07519f5820e555c4e16aaac043', 'XDG_DATA_DIRS': '/usr/share/ubuntu:/usr/share/gnome:/usr/local/share/:/usr/share/:/var/lib/snapd/desktop', 'PYTHONPATH': '/home/migara/robot_ws/build/arm_description/prefix_override:/usr/lib/python3/dist-packages/colcon_core/task/python/colcon_distutils_commands:/home/migara/robot_ws/install/arm_description/lib/python3.12/site-packages:/home/migara/robot_ws/build/arm_bringup:/home/migara/robot_ws/install/arm_bringup/lib/python3.12/site-packages:/home/migara/robot_ws/build/arm_description:/home/migara/robot_ws/install/arm_description/lib/python3.12/site-packages:/opt/ros/jazzy/opt/gz_sim_vendor/lib/python:/opt/ros/jazzy/opt/sdformat_vendor/lib/python:/opt/ros/jazzy/opt/gz_transport_vendor/lib/python:/opt/ros/jazzy/opt/gz_msgs_vendor/lib/python:/opt/ros/jazzy/opt/gz_math_vendor/lib/python:/opt/ros/jazzy/lib/python3.12/site-packages', 'COLCON': '1', 'MEMORY_PRESSURE_WRITE': 'c29tZSAyMDAwMDAgMjAwMDAwMAA=', 'VTE_VERSION': '7600', 'CMAKE_PREFIX_PATH': '/opt/ros/jazzy/opt/gz_sim_vendor:/opt/ros/jazzy/opt/gz_sensors_vendor:/opt/ros/jazzy/opt/gz_physics_vendor:/opt/ros/jazzy/opt/sdformat_vendor:/opt/ros/jazzy/opt/gz_gui_vendor:/opt/ros/jazzy/opt/gz_transport_vendor:/opt/ros/jazzy/opt/gz_rendering_vendor:/opt/ros/jazzy/opt/gz_plugin_vendor:/opt/ros/jazzy/opt/gz_fuel_tools_vendor:/opt/ros/jazzy/opt/gz_msgs_vendor:/opt/ros/jazzy/opt/gz_common_vendor:/opt/ros/jazzy/opt/gz_math_vendor:/opt/ros/jazzy/opt/gz_utils_vendor:/opt/ros/jazzy/opt/gz_tools_vendor:/opt/ros/jazzy/opt/gz_ogre_next_vendor:/opt/ros/jazzy/opt/gz_dartsim_vendor:/opt/ros/jazzy/opt/gz_cmake_vendor'}), 'shell': False}
[2.105755] (-) TimerEvent: {}
[2.206043] (-) TimerEvent: {}
[2.306317] (-) TimerEvent: {}
[2.406628] (-) TimerEvent: {}
[2.506942] (-) TimerEvent: {}
[2.511453] (arm_description) StdoutLine: {'line': b'running develop\n'}
[2.607043] (-) TimerEvent: {}
[2.707312] (-) TimerEvent: {}
[2.807587] (-) TimerEvent: {}
[2.812888] (arm_description) StdoutLine: {'line': b'running egg_info\n'}
[2.813166] (arm_description) StdoutLine: {'line': b'creating arm_description.egg-info\n'}
[2.848075] (arm_description) StdoutLine: {'line': b'writing arm_description.egg-info/PKG-INFO\n'}
[2.848476] (arm_description) StdoutLine: {'line': b'writing dependency_links to arm_description.egg-info/dependency_links.txt\n'}
[2.848777] (arm_description) StdoutLine: {'line': b'writing requirements to arm_description.egg-info/requires.txt\n'}
[2.849140] (arm_description) StdoutLine: {'line': b'writing top-level names to arm_description.egg-info/top_level.txt\n'}
[2.849423] (arm_description) StdoutLine: {'line': b"writing manifest file 'arm_description.egg-info/SOURCES.txt'\n"}
[2.907674] (-) TimerEvent: {}
[2.917076] (arm_description) StdoutLine: {'line': b"reading manifest file 'arm_description.egg-info/SOURCES.txt'\n"}
[2.917849] (arm_description) StdoutLine: {'line': b"writing manifest file 'arm_description.egg-info/SOURCES.txt'\n"}
[2.951220] (arm_description) StdoutLine: {'line': b'running build_ext\n'}
[2.951486] (arm_description) StdoutLine: {'line': b'Creating /home/migara/robot_ws/install/arm_description/lib/python3.12/site-packages/arm-description.egg-link (link to .)\n'}
[2.952297] (arm_description) StdoutLine: {'line': b'\n'}
[2.952618] (arm_description) StdoutLine: {'line': b'Installed /home/migara/robot_ws/build/arm_description\n'}
[2.952922] (arm_description) StdoutLine: {'line': b'running symlink_data\n'}
[2.953150] (arm_description) StdoutLine: {'line': b'creating /home/migara/robot_ws/install/arm_description/share/ament_index\n'}
[2.953398] (arm_description) StdoutLine: {'line': b'creating /home/migara/robot_ws/install/arm_description/share/ament_index/resource_index\n'}
[2.953623] (arm_description) StdoutLine: {'line': b'creating /home/migara/robot_ws/install/arm_description/share/ament_index/resource_index/packages\n'}
[2.953916] (arm_description) StdoutLine: {'line': b'symbolically linking /home/migara/robot_ws/build/arm_description/resource/arm_description -> /home/migara/robot_ws/install/arm_description/share/ament_index/resource_index/packages\n'}
[2.954137] (arm_description) StdoutLine: {'line': b'symbolically linking /home/migara/robot_ws/build/arm_description/package.xml -> /home/migara/robot_ws/install/arm_description/share/arm_description\n'}
[2.954341] (arm_description) StdoutLine: {'line': b'creating /home/migara/robot_ws/install/arm_description/share/arm_description/urdf\n'}
[2.954531] (arm_description) StdoutLine: {'line': b'symbolically linking /home/migara/robot_ws/build/arm_description/urdf/arm.urdf.xacro -> /home/migara/robot_ws/install/arm_description/share/arm_description/urdf\n'}
[2.954717] (arm_description) StdoutLine: {'line': b'creating /home/migara/robot_ws/install/arm_description/share/arm_description/launch\n'}
[2.954923] (arm_description) StdoutLine: {'line': b'symbolically linking /home/migara/robot_ws/build/arm_description/launch/display.launch.py -> /home/migara/robot_ws/install/arm_description/share/arm_description/launch\n'}
[2.955114] (arm_description) StdoutLine: {'line': b'creating /home/migara/robot_ws/install/arm_description/share/arm_description/rviz\n'}
[2.955308] (arm_description) StdoutLine: {'line': b'symbolically linking /home/migara/robot_ws/build/arm_description/rviz/display.rviz -> /home/migara/robot_ws/install/arm_description/share/arm_description/rviz\n'}
[3.007789] (-) TimerEvent: {}
[3.009013] (arm_description) CommandEnded: {'returncode': 0}
[3.029274] (arm_description) JobEnded: {'identifier': 'arm_description', 'rc': 0}
[3.031145] (arm_moveit_config) JobStarted: {'identifier': 'arm_moveit_config'}
[3.041358] (arm_moveit_config) JobProgress: {'identifier': 'arm_moveit_config', 'progress': 'cmake'}
[3.042483] (arm_moveit_config) Command: {'cmd': ['/usr/bin/cmake', '/home/migara/robot_ws/src/arm_moveit_config', '-DAMENT_CMAKE_SYMLINK_INSTALL=1', '-DCMAKE_INSTALL_PREFIX=/home/migara/robot_ws/install/arm_moveit_config'], 'cwd': '/home/migara/robot_ws/build/arm_moveit_config', 'env': OrderedDict({'GZ_SIM_SYSTEM_PLUGIN_PATH': '/opt/ros/jazzy/lib', 'GZ_SIM_RESOURCE_PATH': '/opt/ros/jazzy/share', 'USER': 'migara', 'GZ_CONFIG_PATH': '/opt/ros/jazzy/opt/gz_sim_vendor/share/gz:/opt/ros/jazzy/opt/sdformat_vendor/share/gz:/opt/ros/jazzy/opt/gz_gui_vendor/share/gz:/opt/ros/jazzy/opt/gz_transport_vendor/share/gz:/opt/ros/jazzy/opt/gz_rendering_vendor/share/gz:/opt/ros/jazzy/opt/gz_plugin_vendor/share/gz:/opt/ros/jazzy/opt/gz_fuel_tools_vendor/share/gz:/opt/ros/jazzy/opt/gz_msgs_vendor/share/gz:/opt/ros/jazzy/opt/gz_common_vendor/share/gz', 'XDG_SESSION_TYPE': 'wayland', 'GIT_ASKPASS': '/usr/share/code/resources/app/extensions/git/dist/askpass.sh', 'SHLVL': '2', 'LD_LIBRARY_PATH': '/opt/ros/jazzy/opt/gz_sim_vendor/lib:/opt/ros/jazzy/opt/gz_sensors_vendor/lib:/opt/ros/jazzy/opt/gz_physics_vendor/lib:/opt/ros/jazzy/opt/sdformat_vendor/lib:/opt/ros/jazzy/opt/rviz_ogre_vendor/lib:/opt/ros/jazzy/lib/x86_64-linux-gnu:/opt/ros/jazzy/opt/gz_gui_vendor/lib:/opt/ros/jazzy/opt/gz_transport_vendor/lib:/opt/ros/jazzy/opt/gz_rendering_vendor/lib:/opt/ros/jazzy/opt/gz_plugin_vendor/lib:/opt/ros/jazzy/opt/gz_fuel_tools_vendor/lib:/opt/ros/jazzy/opt/gz_msgs_vendor/lib:/opt/ros/jazzy/opt/gz_common_vendor/lib:/opt/ros/jazzy/opt/gz_math_vendor/lib:/opt/ros/jazzy/opt/gz_utils_vendor/lib:/opt/ros/jazzy/opt/gz_tools_vendor/lib:/opt/ros/jazzy/opt/gz_ogre_next_vendor/lib:/opt/ros/jazzy/opt/gz_dartsim_vendor/lib:/opt/ros/jazzy/opt/gz_cmake_vendor/lib:/opt/ros/jazzy/lib', 'HOME': '/home/migara', 'CHROME_DESKTOP': 'code.desktop', 'OLDPWD': '/home/migara/robot_ws', 'TERM_PROGRAM_VERSION': '1.137.0', 'DESKTOP_SESSION': 'ubuntu', 'ROS_PYTHON_VERSION': '3', 'GNOME_SHELL_SESSION_MODE': 'ubuntu', 'GTK_MODULES': 'gail:atk-bridge', 'VSCODE_GIT_ASKPASS_MAIN': '/usr/share/code/resources/app/extensions/git/dist/askpass-main.js', 'VSCODE_GIT_ASKPASS_NODE': '/usr/share/code/code', 'DBUS_STARTER_BUS_TYPE': 'session', 'SYSTEMD_EXEC_PID': '1619', 'VSCODE_PYTHON_AUTOACTIVATE_GUARD': '1', 'GSM_SKIP_SSH_AGENT_WORKAROUND': 'true', 'DBUS_SESSION_BUS_ADDRESS': 'unix:path=/run/user/1000/bus,guid=d34c4f07519f5820e555c4e16aaac043', 'COLORTERM': 'truecolor', 'DEBUGINFOD_URLS': 'https://debuginfod.ubuntu.com', 'IM_CONFIG_PHASE': '1', 'WAYLAND_DISPLAY': 'wayland-0', 'COLCON_PREFIX_PATH': '/home/migara/robot_ws/install', 'ROS_DISTRO': 'jazzy', 'LOGNAME': 'migara', '_': '/usr/bin/colcon', 'ROS_VERSION': '2', 'MEMORY_PRESSURE_WATCH': '/sys/fs/cgroup/user.slice/user-1000.slice/user@1000.service/app.slice/app-gnome\\x2dsession\\x2dmanager.slice/gnome-session-manager@ubuntu.service/memory.pressure', 'XDG_SESSION_CLASS': 'user', 'USERNAME': 'migara', 'TERM': 'xterm-256color', 'GNOME_DESKTOP_SESSION_ID': 'this-is-deprecated', 'FC_FONTATIONS': '1', 'PATH': '/opt/ros/jazzy/opt/gz_msgs_vendor/bin:/opt/ros/jazzy/opt/gz_tools_vendor/bin:/opt/ros/jazzy/opt/gz_ogre_next_vendor/bin:/opt/ros/jazzy/bin:/usr/local/sbin:/usr/local/bin:/usr/sbin:/usr/bin:/sbin:/bin:/usr/games:/usr/local/games:/snap/bin:/snap/bin', 'SESSION_MANAGER': 'local/migara-Vostro-15-3568:@/tmp/.ICE-unix/1619,unix/migara-Vostro-15-3568:/tmp/.ICE-unix/1619', 'XDG_MENU_PREFIX': 'gnome-', 'GNOME_TERMINAL_SCREEN': '/org/gnome/Terminal/screen/43d8c457_c410_4f0d_840e_8b8995aab3ef', 'GNOME_SETUP_DISPLAY': ':1', 'XDG_RUNTIME_DIR': '/run/user/1000', 'GDK_BACKEND': 'wayland', 'DISPLAY': ':0', 'LANG': 'en_US.UTF-8', 'XDG_CURRENT_DESKTOP': 'ubuntu:GNOME', 'XMODIFIERS': '@im=ibus', 'XDG_SESSION_DESKTOP': 'ubuntu', 'XAUTHORITY': '/run/user/1000/.mutter-Xwaylandauth.UCUHV3', 'VSCODE_GIT_IPC_HANDLE': '/run/user/1000/vscode-git-c89506f075.sock', 'GNOME_TERMINAL_SERVICE': ':1.103', 'TERM_PROGRAM': 'vscode', 'SSH_AUTH_SOCK': '/run/user/1000/keyring/ssh', 'AMENT_PREFIX_PATH': '/home/migara/robot_ws/install/arm_description:/home/migara/robot_ws/install/arm_bringup:/opt/ros/jazzy', 'SHELL': '/bin/bash', 'QT_ACCESSIBILITY': '1', 'GDMSESSION': 'ubuntu', 'ROS_AUTOMATIC_DISCOVERY_RANGE': 'SUBNET', 'VSCODE_GIT_ASKPASS_EXTRA_ARGS': '', 'QT_IM_MODULE': 'ibus', 'PWD': '/home/migara/robot_ws/build/arm_moveit_config', 'QT_QPA_PLATFORM': 'xcb', 'LC_ALL': 'en_US.UTF-8', 'XDG_CONFIG_DIRS': '/etc/xdg/xdg-ubuntu:/etc/xdg', 'DBUS_STARTER_ADDRESS': 'unix:path=/run/user/1000/bus,guid=d34c4f07519f5820e555c4e16aaac043', 'XDG_DATA_DIRS': '/usr/share/ubuntu:/usr/share/gnome:/usr/local/share/:/usr/share/:/var/lib/snapd/desktop', 'PYTHONPATH': '/home/migara/robot_ws/build/arm_description:/home/migara/robot_ws/install/arm_description/lib/python3.12/site-packages:/home/migara/robot_ws/build/arm_bringup:/home/migara/robot_ws/install/arm_bringup/lib/python3.12/site-packages:/opt/ros/jazzy/opt/gz_sim_vendor/lib/python:/opt/ros/jazzy/opt/sdformat_vendor/lib/python:/opt/ros/jazzy/opt/gz_transport_vendor/lib/python:/opt/ros/jazzy/opt/gz_msgs_vendor/lib/python:/opt/ros/jazzy/opt/gz_math_vendor/lib/python:/opt/ros/jazzy/lib/python3.12/site-packages', 'COLCON': '1', 'MEMORY_PRESSURE_WRITE': 'c29tZSAyMDAwMDAgMjAwMDAwMAA=', 'VTE_VERSION': '7600', 'CMAKE_PREFIX_PATH': '/opt/ros/jazzy/opt/gz_sim_vendor:/opt/ros/jazzy/opt/gz_sensors_vendor:/opt/ros/jazzy/opt/gz_physics_vendor:/opt/ros/jazzy/opt/sdformat_vendor:/opt/ros/jazzy/opt/gz_gui_vendor:/opt/ros/jazzy/opt/gz_transport_vendor:/opt/ros/jazzy/opt/gz_rendering_vendor:/opt/ros/jazzy/opt/gz_plugin_vendor:/opt/ros/jazzy/opt/gz_fuel_tools_vendor:/opt/ros/jazzy/opt/gz_msgs_vendor:/opt/ros/jazzy/opt/gz_common_vendor:/opt/ros/jazzy/opt/gz_math_vendor:/opt/ros/jazzy/opt/gz_utils_vendor:/opt/ros/jazzy/opt/gz_tools_vendor:/opt/ros/jazzy/opt/gz_ogre_next_vendor:/opt/ros/jazzy/opt/gz_dartsim_vendor:/opt/ros/jazzy/opt/gz_cmake_vendor:/home/migara/robot_ws/install/arm_bringup:/home/migara/robot_ws/install/arm_description:/opt/ros/jazzy'}), 'shell': False}
[3.107870] (-) TimerEvent: {}
[3.153649] (arm_moveit_config) StdoutLine: {'line': b'-- The C compiler identification is GNU 13.3.0\n'}
[3.207978] (-) TimerEvent: {}
[3.254131] (arm_moveit_config) StdoutLine: {'line': b'-- The CXX compiler identification is GNU 13.3.0\n'}
[3.281161] (arm_moveit_config) StdoutLine: {'line': b'-- Detecting C compiler ABI info\n'}
[3.308111] (-) TimerEvent: {}
[3.408400] (-) TimerEvent: {}
[3.428817] (arm_moveit_config) StdoutLine: {'line': b'-- Detecting C compiler ABI info - done\n'}
[3.447759] (arm_moveit_config) StdoutLine: {'line': b'-- Check for working C compiler: /usr/bin/cc - skipped\n'}
[3.448439] (arm_moveit_config) StdoutLine: {'line': b'-- Detecting C compile features\n'}
[3.449449] (arm_moveit_config) StdoutLine: {'line': b'-- Detecting C compile features - done\n'}
[3.463598] (arm_moveit_config) StdoutLine: {'line': b'-- Detecting CXX compiler ABI info\n'}
[3.508510] (-) TimerEvent: {}
[3.609881] (-) TimerEvent: {}
[3.651766] (arm_moveit_config) StdoutLine: {'line': b'-- Detecting CXX compiler ABI info - done\n'}
[3.675793] (arm_moveit_config) StdoutLine: {'line': b'-- Check for working CXX compiler: /usr/bin/c++ - skipped\n'}
[3.676283] (arm_moveit_config) StdoutLine: {'line': b'-- Detecting CXX compile features\n'}
[3.677308] (arm_moveit_config) StdoutLine: {'line': b'-- Detecting CXX compile features - done\n'}
[3.695013] (arm_moveit_config) StdoutLine: {'line': b'-- Found ament_cmake: 2.5.6 (/opt/ros/jazzy/share/ament_cmake/cmake)\n'}
[3.710910] (-) TimerEvent: {}
[3.811276] (-) TimerEvent: {}
[3.911605] (-) TimerEvent: {}
[3.992879] (arm_moveit_config) StdoutLine: {'line': b'-- Found Python3: /usr/bin/python3 (found version "3.12.3") found components: Interpreter \n'}
[4.011716] (-) TimerEvent: {}
[4.113875] (-) TimerEvent: {}
[4.168862] (arm_moveit_config) StdoutLine: {'line': b'-- Override CMake install command with custom implementation using symlinks instead of copying resources\n'}
[4.215878] (-) TimerEvent: {}
[4.316208] (-) TimerEvent: {}
[4.416538] (-) TimerEvent: {}
[4.517893] (-) TimerEvent: {}
[4.520953] (arm_moveit_config) StdoutLine: {'line': b'-- Configuring done (1.5s)\n'}
[4.532683] (arm_moveit_config) StdoutLine: {'line': b'-- Generating done (0.0s)\n'}
[4.543825] (arm_moveit_config) StdoutLine: {'line': b'-- Build files have been written to: /home/migara/robot_ws/build/arm_moveit_config\n'}
[4.560894] (arm_moveit_config) CommandEnded: {'returncode': 0}
[4.563321] (arm_moveit_config) JobProgress: {'identifier': 'arm_moveit_config', 'progress': 'build'}
[4.563413] (arm_moveit_config) Command: {'cmd': ['/usr/bin/cmake', '--build', '/home/migara/robot_ws/build/arm_moveit_config', '--', '-j4', '-l4'], 'cwd': '/home/migara/robot_ws/build/arm_moveit_config', 'env': OrderedDict({'GZ_SIM_SYSTEM_PLUGIN_PATH': '/opt/ros/jazzy/lib', 'GZ_SIM_RESOURCE_PATH': '/opt/ros/jazzy/share', 'USER': 'migara', 'GZ_CONFIG_PATH': '/opt/ros/jazzy/opt/gz_sim_vendor/share/gz:/opt/ros/jazzy/opt/sdformat_vendor/share/gz:/opt/ros/jazzy/opt/gz_gui_vendor/share/gz:/opt/ros/jazzy/opt/gz_transport_vendor/share/gz:/opt/ros/jazzy/opt/gz_rendering_vendor/share/gz:/opt/ros/jazzy/opt/gz_plugin_vendor/share/gz:/opt/ros/jazzy/opt/gz_fuel_tools_vendor/share/gz:/opt/ros/jazzy/opt/gz_msgs_vendor/share/gz:/opt/ros/jazzy/opt/gz_common_vendor/share/gz', 'XDG_SESSION_TYPE': 'wayland', 'GIT_ASKPASS': '/usr/share/code/resources/app/extensions/git/dist/askpass.sh', 'SHLVL': '2', 'LD_LIBRARY_PATH': '/opt/ros/jazzy/opt/gz_sim_vendor/lib:/opt/ros/jazzy/opt/gz_sensors_vendor/lib:/opt/ros/jazzy/opt/gz_physics_vendor/lib:/opt/ros/jazzy/opt/sdformat_vendor/lib:/opt/ros/jazzy/opt/rviz_ogre_vendor/lib:/opt/ros/jazzy/lib/x86_64-linux-gnu:/opt/ros/jazzy/opt/gz_gui_vendor/lib:/opt/ros/jazzy/opt/gz_transport_vendor/lib:/opt/ros/jazzy/opt/gz_rendering_vendor/lib:/opt/ros/jazzy/opt/gz_plugin_vendor/lib:/opt/ros/jazzy/opt/gz_fuel_tools_vendor/lib:/opt/ros/jazzy/opt/gz_msgs_vendor/lib:/opt/ros/jazzy/opt/gz_common_vendor/lib:/opt/ros/jazzy/opt/gz_math_vendor/lib:/opt/ros/jazzy/opt/gz_utils_vendor/lib:/opt/ros/jazzy/opt/gz_tools_vendor/lib:/opt/ros/jazzy/opt/gz_ogre_next_vendor/lib:/opt/ros/jazzy/opt/gz_dartsim_vendor/lib:/opt/ros/jazzy/opt/gz_cmake_vendor/lib:/opt/ros/jazzy/lib', 'HOME': '/home/migara', 'CHROME_DESKTOP': 'code.desktop', 'OLDPWD': '/home/migara/robot_ws', 'TERM_PROGRAM_VERSION': '1.137.0', 'DESKTOP_SESSION': 'ubuntu', 'ROS_PYTHON_VERSION': '3', 'GNOME_SHELL_SESSION_MODE': 'ubuntu', 'GTK_MODULES': 'gail:atk-bridge', 'VSCODE_GIT_ASKPASS_MAIN': '/usr/share/code/resources/app/extensions/git/dist/askpass-main.js', 'VSCODE_GIT_ASKPASS_NODE': '/usr/share/code/code', 'DBUS_STARTER_BUS_TYPE': 'session', 'SYSTEMD_EXEC_PID': '1619', 'VSCODE_PYTHON_AUTOACTIVATE_GUARD': '1', 'GSM_SKIP_SSH_AGENT_WORKAROUND': 'true', 'DBUS_SESSION_BUS_ADDRESS': 'unix:path=/run/user/1000/bus,guid=d34c4f07519f5820e555c4e16aaac043', 'COLORTERM': 'truecolor', 'DEBUGINFOD_URLS': 'https://debuginfod.ubuntu.com', 'IM_CONFIG_PHASE': '1', 'WAYLAND_DISPLAY': 'wayland-0', 'COLCON_PREFIX_PATH': '/home/migara/robot_ws/install', 'ROS_DISTRO': 'jazzy', 'LOGNAME': 'migara', '_': '/usr/bin/colcon', 'ROS_VERSION': '2', 'MEMORY_PRESSURE_WATCH': '/sys/fs/cgroup/user.slice/user-1000.slice/user@1000.service/app.slice/app-gnome\\x2dsession\\x2dmanager.slice/gnome-session-manager@ubuntu.service/memory.pressure', 'XDG_SESSION_CLASS': 'user', 'USERNAME': 'migara', 'TERM': 'xterm-256color', 'GNOME_DESKTOP_SESSION_ID': 'this-is-deprecated', 'FC_FONTATIONS': '1', 'PATH': '/opt/ros/jazzy/opt/gz_msgs_vendor/bin:/opt/ros/jazzy/opt/gz_tools_vendor/bin:/opt/ros/jazzy/opt/gz_ogre_next_vendor/bin:/opt/ros/jazzy/bin:/usr/local/sbin:/usr/local/bin:/usr/sbin:/usr/bin:/sbin:/bin:/usr/games:/usr/local/games:/snap/bin:/snap/bin', 'SESSION_MANAGER': 'local/migara-Vostro-15-3568:@/tmp/.ICE-unix/1619,unix/migara-Vostro-15-3568:/tmp/.ICE-unix/1619', 'XDG_MENU_PREFIX': 'gnome-', 'GNOME_TERMINAL_SCREEN': '/org/gnome/Terminal/screen/43d8c457_c410_4f0d_840e_8b8995aab3ef', 'GNOME_SETUP_DISPLAY': ':1', 'XDG_RUNTIME_DIR': '/run/user/1000', 'GDK_BACKEND': 'wayland', 'DISPLAY': ':0', 'LANG': 'en_US.UTF-8', 'XDG_CURRENT_DESKTOP': 'ubuntu:GNOME', 'XMODIFIERS': '@im=ibus', 'XDG_SESSION_DESKTOP': 'ubuntu', 'XAUTHORITY': '/run/user/1000/.mutter-Xwaylandauth.UCUHV3', 'VSCODE_GIT_IPC_HANDLE': '/run/user/1000/vscode-git-c89506f075.sock', 'GNOME_TERMINAL_SERVICE': ':1.103', 'TERM_PROGRAM': 'vscode', 'SSH_AUTH_SOCK': '/run/user/1000/keyring/ssh', 'AMENT_PREFIX_PATH': '/home/migara/robot_ws/install/arm_description:/home/migara/robot_ws/install/arm_bringup:/opt/ros/jazzy', 'SHELL': '/bin/bash', 'QT_ACCESSIBILITY': '1', 'GDMSESSION': 'ubuntu', 'ROS_AUTOMATIC_DISCOVERY_RANGE': 'SUBNET', 'VSCODE_GIT_ASKPASS_EXTRA_ARGS': '', 'QT_IM_MODULE': 'ibus', 'PWD': '/home/migara/robot_ws/build/arm_moveit_config', 'QT_QPA_PLATFORM': 'xcb', 'LC_ALL': 'en_US.UTF-8', 'XDG_CONFIG_DIRS': '/etc/xdg/xdg-ubuntu:/etc/xdg', 'DBUS_STARTER_ADDRESS': 'unix:path=/run/user/1000/bus,guid=d34c4f07519f5820e555c4e16aaac043', 'XDG_DATA_DIRS': '/usr/share/ubuntu:/usr/share/gnome:/usr/local/share/:/usr/share/:/var/lib/snapd/desktop', 'PYTHONPATH': '/home/migara/robot_ws/build/arm_description:/home/migara/robot_ws/install/arm_description/lib/python3.12/site-packages:/home/migara/robot_ws/build/arm_bringup:/home/migara/robot_ws/install/arm_bringup/lib/python3.12/site-packages:/opt/ros/jazzy/opt/gz_sim_vendor/lib/python:/opt/ros/jazzy/opt/sdformat_vendor/lib/python:/opt/ros/jazzy/opt/gz_transport_vendor/lib/python:/opt/ros/jazzy/opt/gz_msgs_vendor/lib/python:/opt/ros/jazzy/opt/gz_math_vendor/lib/python:/opt/ros/jazzy/lib/python3.12/site-packages', 'COLCON': '1', 'MEMORY_PRESSURE_WRITE': 'c29tZSAyMDAwMDAgMjAwMDAwMAA=', 'VTE_VERSION': '7600', 'CMAKE_PREFIX_PATH': '/opt/ros/jazzy/opt/gz_sim_vendor:/opt/ros/jazzy/opt/gz_sensors_vendor:/opt/ros/jazzy/opt/gz_physics_vendor:/opt/ros/jazzy/opt/sdformat_vendor:/opt/ros/jazzy/opt/gz_gui_vendor:/opt/ros/jazzy/opt/gz_transport_vendor:/opt/ros/jazzy/opt/gz_rendering_vendor:/opt/ros/jazzy/opt/gz_plugin_vendor:/opt/ros/jazzy/opt/gz_fuel_tools_vendor:/opt/ros/jazzy/opt/gz_msgs_vendor:/opt/ros/jazzy/opt/gz_common_vendor:/opt/ros/jazzy/opt/gz_math_vendor:/opt/ros/jazzy/opt/gz_utils_vendor:/opt/ros/jazzy/opt/gz_tools_vendor:/opt/ros/jazzy/opt/gz_ogre_next_vendor:/opt/ros/jazzy/opt/gz_dartsim_vendor:/opt/ros/jazzy/opt/gz_cmake_vendor:/home/migara/robot_ws/install/arm_bringup:/home/migara/robot_ws/install/arm_description:/opt/ros/jazzy'}), 'shell': False}
[4.617997] (-) TimerEvent: {}
[4.652199] (arm_moveit_config) CommandEnded: {'returncode': 0}
[4.652845] (arm_moveit_config) JobProgress: {'identifier': 'arm_moveit_config', 'progress': 'install'}
[4.671883] (arm_moveit_config) Command: {'cmd': ['/usr/bin/cmake', '--install', '/home/migara/robot_ws/build/arm_moveit_config'], 'cwd': '/home/migara/robot_ws/build/arm_moveit_config', 'env': OrderedDict({'GZ_SIM_SYSTEM_PLUGIN_PATH': '/opt/ros/jazzy/lib', 'GZ_SIM_RESOURCE_PATH': '/opt/ros/jazzy/share', 'USER': 'migara', 'GZ_CONFIG_PATH': '/opt/ros/jazzy/opt/gz_sim_vendor/share/gz:/opt/ros/jazzy/opt/sdformat_vendor/share/gz:/opt/ros/jazzy/opt/gz_gui_vendor/share/gz:/opt/ros/jazzy/opt/gz_transport_vendor/share/gz:/opt/ros/jazzy/opt/gz_rendering_vendor/share/gz:/opt/ros/jazzy/opt/gz_plugin_vendor/share/gz:/opt/ros/jazzy/opt/gz_fuel_tools_vendor/share/gz:/opt/ros/jazzy/opt/gz_msgs_vendor/share/gz:/opt/ros/jazzy/opt/gz_common_vendor/share/gz', 'XDG_SESSION_TYPE': 'wayland', 'GIT_ASKPASS': '/usr/share/code/resources/app/extensions/git/dist/askpass.sh', 'SHLVL': '2', 'LD_LIBRARY_PATH': '/opt/ros/jazzy/opt/gz_sim_vendor/lib:/opt/ros/jazzy/opt/gz_sensors_vendor/lib:/opt/ros/jazzy/opt/gz_physics_vendor/lib:/opt/ros/jazzy/opt/sdformat_vendor/lib:/opt/ros/jazzy/opt/rviz_ogre_vendor/lib:/opt/ros/jazzy/lib/x86_64-linux-gnu:/opt/ros/jazzy/opt/gz_gui_vendor/lib:/opt/ros/jazzy/opt/gz_transport_vendor/lib:/opt/ros/jazzy/opt/gz_rendering_vendor/lib:/opt/ros/jazzy/opt/gz_plugin_vendor/lib:/opt/ros/jazzy/opt/gz_fuel_tools_vendor/lib:/opt/ros/jazzy/opt/gz_msgs_vendor/lib:/opt/ros/jazzy/opt/gz_common_vendor/lib:/opt/ros/jazzy/opt/gz_math_vendor/lib:/opt/ros/jazzy/opt/gz_utils_vendor/lib:/opt/ros/jazzy/opt/gz_tools_vendor/lib:/opt/ros/jazzy/opt/gz_ogre_next_vendor/lib:/opt/ros/jazzy/opt/gz_dartsim_vendor/lib:/opt/ros/jazzy/opt/gz_cmake_vendor/lib:/opt/ros/jazzy/lib', 'HOME': '/home/migara', 'CHROME_DESKTOP': 'code.desktop', 'OLDPWD': '/home/migara/robot_ws', 'TERM_PROGRAM_VERSION': '1.137.0', 'DESKTOP_SESSION': 'ubuntu', 'ROS_PYTHON_VERSION': '3', 'GNOME_SHELL_SESSION_MODE': 'ubuntu', 'GTK_MODULES': 'gail:atk-bridge', 'VSCODE_GIT_ASKPASS_MAIN': '/usr/share/code/resources/app/extensions/git/dist/askpass-main.js', 'VSCODE_GIT_ASKPASS_NODE': '/usr/share/code/code', 'DBUS_STARTER_BUS_TYPE': 'session', 'SYSTEMD_EXEC_PID': '1619', 'VSCODE_PYTHON_AUTOACTIVATE_GUARD': '1', 'GSM_SKIP_SSH_AGENT_WORKAROUND': 'true', 'DBUS_SESSION_BUS_ADDRESS': 'unix:path=/run/user/1000/bus,guid=d34c4f07519f5820e555c4e16aaac043', 'COLORTERM': 'truecolor', 'DEBUGINFOD_URLS': 'https://debuginfod.ubuntu.com', 'IM_CONFIG_PHASE': '1', 'WAYLAND_DISPLAY': 'wayland-0', 'COLCON_PREFIX_PATH': '/home/migara/robot_ws/install', 'ROS_DISTRO': 'jazzy', 'LOGNAME': 'migara', '_': '/usr/bin/colcon', 'ROS_VERSION': '2', 'MEMORY_PRESSURE_WATCH': '/sys/fs/cgroup/user.slice/user-1000.slice/user@1000.service/app.slice/app-gnome\\x2dsession\\x2dmanager.slice/gnome-session-manager@ubuntu.service/memory.pressure', 'XDG_SESSION_CLASS': 'user', 'USERNAME': 'migara', 'TERM': 'xterm-256color', 'GNOME_DESKTOP_SESSION_ID': 'this-is-deprecated', 'FC_FONTATIONS': '1', 'PATH': '/opt/ros/jazzy/opt/gz_msgs_vendor/bin:/opt/ros/jazzy/opt/gz_tools_vendor/bin:/opt/ros/jazzy/opt/gz_ogre_next_vendor/bin:/opt/ros/jazzy/bin:/usr/local/sbin:/usr/local/bin:/usr/sbin:/usr/bin:/sbin:/bin:/usr/games:/usr/local/games:/snap/bin:/snap/bin', 'SESSION_MANAGER': 'local/migara-Vostro-15-3568:@/tmp/.ICE-unix/1619,unix/migara-Vostro-15-3568:/tmp/.ICE-unix/1619', 'XDG_MENU_PREFIX': 'gnome-', 'GNOME_TERMINAL_SCREEN': '/org/gnome/Terminal/screen/43d8c457_c410_4f0d_840e_8b8995aab3ef', 'GNOME_SETUP_DISPLAY': ':1', 'XDG_RUNTIME_DIR': '/run/user/1000', 'GDK_BACKEND': 'wayland', 'DISPLAY': ':0', 'LANG': 'en_US.UTF-8', 'XDG_CURRENT_DESKTOP': 'ubuntu:GNOME', 'XMODIFIERS': '@im=ibus', 'XDG_SESSION_DESKTOP': 'ubuntu', 'XAUTHORITY': '/run/user/1000/.mutter-Xwaylandauth.UCUHV3', 'VSCODE_GIT_IPC_HANDLE': '/run/user/1000/vscode-git-c89506f075.sock', 'GNOME_TERMINAL_SERVICE': ':1.103', 'TERM_PROGRAM': 'vscode', 'SSH_AUTH_SOCK': '/run/user/1000/keyring/ssh', 'AMENT_PREFIX_PATH': '/home/migara/robot_ws/install/arm_description:/home/migara/robot_ws/install/arm_bringup:/opt/ros/jazzy', 'SHELL': '/bin/bash', 'QT_ACCESSIBILITY': '1', 'GDMSESSION': 'ubuntu', 'ROS_AUTOMATIC_DISCOVERY_RANGE': 'SUBNET', 'VSCODE_GIT_ASKPASS_EXTRA_ARGS': '', 'QT_IM_MODULE': 'ibus', 'PWD': '/home/migara/robot_ws/build/arm_moveit_config', 'QT_QPA_PLATFORM': 'xcb', 'LC_ALL': 'en_US.UTF-8', 'XDG_CONFIG_DIRS': '/etc/xdg/xdg-ubuntu:/etc/xdg', 'DBUS_STARTER_ADDRESS': 'unix:path=/run/user/1000/bus,guid=d34c4f07519f5820e555c4e16aaac043', 'XDG_DATA_DIRS': '/usr/share/ubuntu:/usr/share/gnome:/usr/local/share/:/usr/share/:/var/lib/snapd/desktop', 'PYTHONPATH': '/home/migara/robot_ws/build/arm_description:/home/migara/robot_ws/install/arm_description/lib/python3.12/site-packages:/home/migara/robot_ws/build/arm_bringup:/home/migara/robot_ws/install/arm_bringup/lib/python3.12/site-packages:/opt/ros/jazzy/opt/gz_sim_vendor/lib/python:/opt/ros/jazzy/opt/sdformat_vendor/lib/python:/opt/ros/jazzy/opt/gz_transport_vendor/lib/python:/opt/ros/jazzy/opt/gz_msgs_vendor/lib/python:/opt/ros/jazzy/opt/gz_math_vendor/lib/python:/opt/ros/jazzy/lib/python3.12/site-packages', 'COLCON': '1', 'MEMORY_PRESSURE_WRITE': 'c29tZSAyMDAwMDAgMjAwMDAwMAA=', 'VTE_VERSION': '7600', 'CMAKE_PREFIX_PATH': '/opt/ros/jazzy/opt/gz_sim_vendor:/opt/ros/jazzy/opt/gz_sensors_vendor:/opt/ros/jazzy/opt/gz_physics_vendor:/opt/ros/jazzy/opt/sdformat_vendor:/opt/ros/jazzy/opt/gz_gui_vendor:/opt/ros/jazzy/opt/gz_transport_vendor:/opt/ros/jazzy/opt/gz_rendering_vendor:/opt/ros/jazzy/opt/gz_plugin_vendor:/opt/ros/jazzy/opt/gz_fuel_tools_vendor:/opt/ros/jazzy/opt/gz_msgs_vendor:/opt/ros/jazzy/opt/gz_common_vendor:/opt/ros/jazzy/opt/gz_math_vendor:/opt/ros/jazzy/opt/gz_utils_vendor:/opt/ros/jazzy/opt/gz_tools_vendor:/opt/ros/jazzy/opt/gz_ogre_next_vendor:/opt/ros/jazzy/opt/gz_dartsim_vendor:/opt/ros/jazzy/opt/gz_cmake_vendor:/home/migara/robot_ws/install/arm_bringup:/home/migara/robot_ws/install/arm_description:/opt/ros/jazzy'}), 'shell': False}
[4.686971] (arm_moveit_config) StdoutLine: {'line': b'-- Install configuration: ""\n'}
[4.687337] (arm_moveit_config) StdoutLine: {'line': b'-- Execute custom install script\n'}
[4.688935] (arm_moveit_config) StdoutLine: {'line': b'-- Symlinking: /home/migara/robot_ws/install/arm_moveit_config/share/ament_index/resource_index/package_run_dependencies/arm_moveit_config\n'}
[4.705957] (arm_moveit_config) StdoutLine: {'line': b'-- Symlinking: /home/migara/robot_ws/install/arm_moveit_config/share/ament_index/resource_index/parent_prefix_path/arm_moveit_config\n'}
[4.718347] (-) TimerEvent: {}
[4.723557] (arm_moveit_config) StdoutLine: {'line': b'-- Symlinking: /home/migara/robot_ws/install/arm_moveit_config/share/arm_moveit_config/environment/ament_prefix_path.sh\n'}
[4.746903] (arm_moveit_config) StdoutLine: {'line': b'-- Symlinking: /home/migara/robot_ws/install/arm_moveit_config/share/arm_moveit_config/environment/ament_prefix_path.dsv\n'}
[4.766164] (arm_moveit_config) StdoutLine: {'line': b'-- Symlinking: /home/migara/robot_ws/install/arm_moveit_config/share/arm_moveit_config/environment/path.sh\n'}
[4.789577] (arm_moveit_config) StdoutLine: {'line': b'-- Symlinking: /home/migara/robot_ws/install/arm_moveit_config/share/arm_moveit_config/environment/path.dsv\n'}
[4.820909] (-) TimerEvent: {}
[4.827984] (arm_moveit_config) StdoutLine: {'line': b'-- Symlinking: /home/migara/robot_ws/install/arm_moveit_config/share/arm_moveit_config/local_setup.bash\n'}
[4.869939] (arm_moveit_config) StdoutLine: {'line': b'-- Symlinking: /home/migara/robot_ws/install/arm_moveit_config/share/arm_moveit_config/local_setup.sh\n'}
[4.913597] (arm_moveit_config) StdoutLine: {'line': b'-- Symlinking: /home/migara/robot_ws/install/arm_moveit_config/share/arm_moveit_config/local_setup.zsh\n'}
[4.921022] (-) TimerEvent: {}
[4.945542] (arm_moveit_config) StdoutLine: {'line': b'-- Symlinking: /home/migara/robot_ws/install/arm_moveit_config/share/arm_moveit_config/local_setup.dsv\n'}
[4.971980] (arm_moveit_config) StdoutLine: {'line': b'-- Symlinking: /home/migara/robot_ws/install/arm_moveit_config/share/arm_moveit_config/package.dsv\n'}
[4.983109] (arm_moveit_config) StdoutLine: {'line': b'-- Symlinking: /home/migara/robot_ws/install/arm_moveit_config/share/ament_index/resource_index/packages/arm_moveit_config\n'}
[4.999922] (arm_moveit_config) StdoutLine: {'line': b'-- Symlinking: /home/migara/robot_ws/install/arm_moveit_config/share/arm_moveit_config/cmake/arm_moveit_configConfig.cmake\n'}
[5.013739] (arm_moveit_config) StdoutLine: {'line': b'-- Symlinking: /home/migara/robot_ws/install/arm_moveit_config/share/arm_moveit_config/cmake/arm_moveit_configConfig-version.cmake\n'}
[5.021137] (-) TimerEvent: {}
[5.030454] (arm_moveit_config) StdoutLine: {'line': b'-- Symlinking: /home/migara/robot_ws/install/arm_moveit_config/share/arm_moveit_config/package.xml\n'}
[5.048649] (arm_moveit_config) StdoutLine: {'line': b'-- Symlinking: /home/migara/robot_ws/install/arm_moveit_config/share/arm_moveit_config/launch/demo.launch.py\n'}
[5.064372] (arm_moveit_config) StdoutLine: {'line': b'-- Symlinking: /home/migara/robot_ws/install/arm_moveit_config/share/arm_moveit_config/launch/move_group.launch.py\n'}
[5.075834] (arm_moveit_config) StdoutLine: {'line': b'-- Symlinking: /home/migara/robot_ws/install/arm_moveit_config/share/arm_moveit_config/launch/moveit_rviz.launch.py\n'}
[5.087643] (arm_moveit_config) StdoutLine: {'line': b'-- Symlinking: /home/migara/robot_ws/install/arm_moveit_config/share/arm_moveit_config/launch/rsp.launch.py\n'}
[5.100174] (arm_moveit_config) StdoutLine: {'line': b'-- Symlinking: /home/migara/robot_ws/install/arm_moveit_config/share/arm_moveit_config/launch/setup_assistant.launch.py\n'}
[5.112278] (arm_moveit_config) StdoutLine: {'line': b'-- Symlinking: /home/migara/robot_ws/install/arm_moveit_config/share/arm_moveit_config/launch/spawn_controllers.launch.py\n'}
[5.121244] (-) TimerEvent: {}
[5.124090] (arm_moveit_config) StdoutLine: {'line': b'-- Symlinking: /home/migara/robot_ws/install/arm_moveit_config/share/arm_moveit_config/launch/static_virtual_joint_tfs.launch.py\n'}
[5.137585] (arm_moveit_config) StdoutLine: {'line': b'-- Symlinking: /home/migara/robot_ws/install/arm_moveit_config/share/arm_moveit_config/launch/warehouse_db.launch.py\n'}
[5.150782] (arm_moveit_config) StdoutLine: {'line': b'-- Symlinking: /home/migara/robot_ws/install/arm_moveit_config/share/arm_moveit_config/config/arm.ros2_control.xacro\n'}
[5.163185] (arm_moveit_config) StdoutLine: {'line': b'-- Symlinking: /home/migara/robot_ws/install/arm_moveit_config/share/arm_moveit_config/config/arm.srdf\n'}
[5.175523] (arm_moveit_config) StdoutLine: {'line': b'-- Symlinking: /home/migara/robot_ws/install/arm_moveit_config/share/arm_moveit_config/config/arm.urdf.xacro\n'}
[5.187858] (arm_moveit_config) StdoutLine: {'line': b'-- Symlinking: /home/migara/robot_ws/install/arm_moveit_config/share/arm_moveit_config/config/initial_positions.yaml\n'}
[5.201105] (arm_moveit_config) StdoutLine: {'line': b'-- Symlinking: /home/migara/robot_ws/install/arm_moveit_config/share/arm_moveit_config/config/joint_limits.yaml\n'}
[5.213596] (arm_moveit_config) StdoutLine: {'line': b'-- Symlinking: /home/migara/robot_ws/install/arm_moveit_config/share/arm_moveit_config/config/kinematics.yaml\n'}
[5.221360] (-) TimerEvent: {}
[5.225971] (arm_moveit_config) StdoutLine: {'line': b'-- Symlinking: /home/migara/robot_ws/install/arm_moveit_config/share/arm_moveit_config/config/moveit.rviz\n'}
[5.241729] (arm_moveit_config) StdoutLine: {'line': b'-- Symlinking: /home/migara/robot_ws/install/arm_moveit_config/share/arm_moveit_config/config/moveit_controllers.yaml\n'}
[5.254508] (arm_moveit_config) StdoutLine: {'line': b'-- Symlinking: /home/migara/robot_ws/install/arm_moveit_config/share/arm_moveit_config/config/pilz_cartesian_limits.yaml\n'}
[5.266997] (arm_moveit_config) StdoutLine: {'line': b'-- Symlinking: /home/migara/robot_ws/install/arm_moveit_config/share/arm_moveit_config/config/ros2_controllers.yaml\n'}
[5.279198] (arm_moveit_config) StdoutLine: {'line': b'-- Symlinking: /home/migara/robot_ws/install/arm_moveit_config/share/arm_moveit_config/.setup_assistant\n'}
[5.292803] (arm_moveit_config) CommandEnded: {'returncode': 0}
[5.309092] (arm_moveit_config) JobEnded: {'identifier': 'arm_moveit_config', 'rc': 0}
[5.310458] (arm_hardware_bridge) JobStarted: {'identifier': 'arm_hardware_bridge'}
[5.321454] (-) TimerEvent: {}
[5.421836] (-) TimerEvent: {}
[5.522114] (-) TimerEvent: {}
[5.622378] (-) TimerEvent: {}
[5.722694] (-) TimerEvent: {}
[5.822985] (-) TimerEvent: {}
[5.923323] (-) TimerEvent: {}
[6.023588] (-) TimerEvent: {}
[6.123864] (-) TimerEvent: {}
[6.224115] (-) TimerEvent: {}
[6.324382] (-) TimerEvent: {}
[6.427159] (-) TimerEvent: {}
[6.527451] (-) TimerEvent: {}
[6.627739] (-) TimerEvent: {}
[6.728150] (-) TimerEvent: {}
[6.828463] (-) TimerEvent: {}
[6.929446] (-) TimerEvent: {}
[7.031827] (-) TimerEvent: {}
[7.132238] (-) TimerEvent: {}
[7.232637] (-) TimerEvent: {}
[7.287608] (arm_hardware_bridge) Command: {'cmd': ['/usr/bin/python3', '-W', 'ignore:setup.py install is deprecated', '-W', 'ignore:easy_install command is deprecated', 'setup.py', 'develop', '--editable', '--build-directory', '/home/migara/robot_ws/build/arm_hardware_bridge/build', '--no-deps', 'symlink_data'], 'cwd': '/home/migara/robot_ws/build/arm_hardware_bridge', 'env': OrderedDict({'GZ_SIM_SYSTEM_PLUGIN_PATH': '/opt/ros/jazzy/lib', 'GZ_SIM_RESOURCE_PATH': '/opt/ros/jazzy/share', 'USER': 'migara', 'GZ_CONFIG_PATH': '/opt/ros/jazzy/opt/gz_sim_vendor/share/gz:/opt/ros/jazzy/opt/sdformat_vendor/share/gz:/opt/ros/jazzy/opt/gz_gui_vendor/share/gz:/opt/ros/jazzy/opt/gz_transport_vendor/share/gz:/opt/ros/jazzy/opt/gz_rendering_vendor/share/gz:/opt/ros/jazzy/opt/gz_plugin_vendor/share/gz:/opt/ros/jazzy/opt/gz_fuel_tools_vendor/share/gz:/opt/ros/jazzy/opt/gz_msgs_vendor/share/gz:/opt/ros/jazzy/opt/gz_common_vendor/share/gz', 'XDG_SESSION_TYPE': 'wayland', 'GIT_ASKPASS': '/usr/share/code/resources/app/extensions/git/dist/askpass.sh', 'SHLVL': '2', 'LD_LIBRARY_PATH': '/opt/ros/jazzy/opt/gz_sim_vendor/lib:/opt/ros/jazzy/opt/gz_sensors_vendor/lib:/opt/ros/jazzy/opt/gz_physics_vendor/lib:/opt/ros/jazzy/opt/sdformat_vendor/lib:/opt/ros/jazzy/opt/rviz_ogre_vendor/lib:/opt/ros/jazzy/lib/x86_64-linux-gnu:/opt/ros/jazzy/opt/gz_gui_vendor/lib:/opt/ros/jazzy/opt/gz_transport_vendor/lib:/opt/ros/jazzy/opt/gz_rendering_vendor/lib:/opt/ros/jazzy/opt/gz_plugin_vendor/lib:/opt/ros/jazzy/opt/gz_fuel_tools_vendor/lib:/opt/ros/jazzy/opt/gz_msgs_vendor/lib:/opt/ros/jazzy/opt/gz_common_vendor/lib:/opt/ros/jazzy/opt/gz_math_vendor/lib:/opt/ros/jazzy/opt/gz_utils_vendor/lib:/opt/ros/jazzy/opt/gz_tools_vendor/lib:/opt/ros/jazzy/opt/gz_ogre_next_vendor/lib:/opt/ros/jazzy/opt/gz_dartsim_vendor/lib:/opt/ros/jazzy/opt/gz_cmake_vendor/lib:/opt/ros/jazzy/lib', 'HOME': '/home/migara', 'CHROME_DESKTOP': 'code.desktop', 'OLDPWD': '/home/migara/robot_ws', 'TERM_PROGRAM_VERSION': '1.137.0', 'DESKTOP_SESSION': 'ubuntu', 'ROS_PYTHON_VERSION': '3', 'GNOME_SHELL_SESSION_MODE': 'ubuntu', 'GTK_MODULES': 'gail:atk-bridge', 'VSCODE_GIT_ASKPASS_MAIN': '/usr/share/code/resources/app/extensions/git/dist/askpass-main.js', 'VSCODE_GIT_ASKPASS_NODE': '/usr/share/code/code', 'DBUS_STARTER_BUS_TYPE': 'session', 'SYSTEMD_EXEC_PID': '1619', 'VSCODE_PYTHON_AUTOACTIVATE_GUARD': '1', 'GSM_SKIP_SSH_AGENT_WORKAROUND': 'true', 'DBUS_SESSION_BUS_ADDRESS': 'unix:path=/run/user/1000/bus,guid=d34c4f07519f5820e555c4e16aaac043', 'COLORTERM': 'truecolor', 'DEBUGINFOD_URLS': 'https://debuginfod.ubuntu.com', 'IM_CONFIG_PHASE': '1', 'WAYLAND_DISPLAY': 'wayland-0', 'COLCON_PREFIX_PATH': '/home/migara/robot_ws/install', 'ROS_DISTRO': 'jazzy', 'LOGNAME': 'migara', '_': '/usr/bin/colcon', 'ROS_VERSION': '2', 'MEMORY_PRESSURE_WATCH': '/sys/fs/cgroup/user.slice/user-1000.slice/user@1000.service/app.slice/app-gnome\\x2dsession\\x2dmanager.slice/gnome-session-manager@ubuntu.service/memory.pressure', 'XDG_SESSION_CLASS': 'user', 'USERNAME': 'migara', 'TERM': 'xterm-256color', 'GNOME_DESKTOP_SESSION_ID': 'this-is-deprecated', 'FC_FONTATIONS': '1', 'PATH': '/opt/ros/jazzy/opt/gz_msgs_vendor/bin:/opt/ros/jazzy/opt/gz_tools_vendor/bin:/opt/ros/jazzy/opt/gz_ogre_next_vendor/bin:/opt/ros/jazzy/bin:/usr/local/sbin:/usr/local/bin:/usr/sbin:/usr/bin:/sbin:/bin:/usr/games:/usr/local/games:/snap/bin:/snap/bin', 'SESSION_MANAGER': 'local/migara-Vostro-15-3568:@/tmp/.ICE-unix/1619,unix/migara-Vostro-15-3568:/tmp/.ICE-unix/1619', 'XDG_MENU_PREFIX': 'gnome-', 'GNOME_TERMINAL_SCREEN': '/org/gnome/Terminal/screen/43d8c457_c410_4f0d_840e_8b8995aab3ef', 'GNOME_SETUP_DISPLAY': ':1', 'XDG_RUNTIME_DIR': '/run/user/1000', 'GDK_BACKEND': 'wayland', 'DISPLAY': ':0', 'LANG': 'en_US.UTF-8', 'XDG_CURRENT_DESKTOP': 'ubuntu:GNOME', 'XMODIFIERS': '@im=ibus', 'XDG_SESSION_DESKTOP': 'ubuntu', 'XAUTHORITY': '/run/user/1000/.mutter-Xwaylandauth.UCUHV3', 'VSCODE_GIT_IPC_HANDLE': '/run/user/1000/vscode-git-c89506f075.sock', 'GNOME_TERMINAL_SERVICE': ':1.103', 'TERM_PROGRAM': 'vscode', 'SSH_AUTH_SOCK': '/run/user/1000/keyring/ssh', 'AMENT_PREFIX_PATH': '/home/migara/robot_ws/install/arm_moveit_config:/home/migara/robot_ws/install/arm_description:/home/migara/robot_ws/install/arm_bringup:/opt/ros/jazzy', 'SHELL': '/bin/bash', 'QT_ACCESSIBILITY': '1', 'GDMSESSION': 'ubuntu', 'ROS_AUTOMATIC_DISCOVERY_RANGE': 'SUBNET', 'VSCODE_GIT_ASKPASS_EXTRA_ARGS': '', 'QT_IM_MODULE': 'ibus', 'PWD': '/home/migara/robot_ws/build/arm_hardware_bridge', 'QT_QPA_PLATFORM': 'xcb', 'LC_ALL': 'en_US.UTF-8', 'XDG_CONFIG_DIRS': '/etc/xdg/xdg-ubuntu:/etc/xdg', 'DBUS_STARTER_ADDRESS': 'unix:path=/run/user/1000/bus,guid=d34c4f07519f5820e555c4e16aaac043', 'XDG_DATA_DIRS': '/usr/share/ubuntu:/usr/share/gnome:/usr/local/share/:/usr/share/:/var/lib/snapd/desktop', 'PYTHONPATH': '/home/migara/robot_ws/build/arm_hardware_bridge/prefix_override:/usr/lib/python3/dist-packages/colcon_core/task/python/colcon_distutils_commands:/home/migara/robot_ws/install/arm_hardware_bridge/lib/python3.12/site-packages:/home/migara/robot_ws/build/arm_description:/home/migara/robot_ws/install/arm_description/lib/python3.12/site-packages:/home/migara/robot_ws/build/arm_bringup:/home/migara/robot_ws/install/arm_bringup/lib/python3.12/site-packages:/opt/ros/jazzy/opt/gz_sim_vendor/lib/python:/opt/ros/jazzy/opt/sdformat_vendor/lib/python:/opt/ros/jazzy/opt/gz_transport_vendor/lib/python:/opt/ros/jazzy/opt/gz_msgs_vendor/lib/python:/opt/ros/jazzy/opt/gz_math_vendor/lib/python:/opt/ros/jazzy/lib/python3.12/site-packages', 'COLCON': '1', 'MEMORY_PRESSURE_WRITE': 'c29tZSAyMDAwMDAgMjAwMDAwMAA=', 'VTE_VERSION': '7600', 'CMAKE_PREFIX_PATH': '/home/migara/robot_ws/install/arm_moveit_config:/opt/ros/jazzy/opt/gz_sim_vendor:/opt/ros/jazzy/opt/gz_sensors_vendor:/opt/ros/jazzy/opt/gz_physics_vendor:/opt/ros/jazzy/opt/sdformat_vendor:/opt/ros/jazzy/opt/gz_gui_vendor:/opt/ros/jazzy/opt/gz_transport_vendor:/opt/ros/jazzy/opt/gz_rendering_vendor:/opt/ros/jazzy/opt/gz_plugin_vendor:/opt/ros/jazzy/opt/gz_fuel_tools_vendor:/opt/ros/jazzy/opt/gz_msgs_vendor:/opt/ros/jazzy/opt/gz_common_vendor:/opt/ros/jazzy/opt/gz_math_vendor:/opt/ros/jazzy/opt/gz_utils_vendor:/opt/ros/jazzy/opt/gz_tools_vendor:/opt/ros/jazzy/opt/gz_ogre_next_vendor:/opt/ros/jazzy/opt/gz_dartsim_vendor:/opt/ros/jazzy/opt/gz_cmake_vendor'}), 'shell': False}
[7.332746] (-) TimerEvent: {}
[7.433351] (-) TimerEvent: {}
[7.533798] (-) TimerEvent: {}
[7.634366] (-) TimerEvent: {}
[7.734992] (-) TimerEvent: {}
[7.830942] (arm_hardware_bridge) StdoutLine: {'line': b'running develop\n'}
[7.835533] (-) TimerEvent: {}
[7.935836] (-) TimerEvent: {}
[8.036226] (-) TimerEvent: {}
[8.136604] (-) TimerEvent: {}
[8.159863] (arm_hardware_bridge) StdoutLine: {'line': b'running egg_info\n'}
[8.160280] (arm_hardware_bridge) StdoutLine: {'line': b'creating arm_hardware_bridge.egg-info\n'}
[8.194878] (arm_hardware_bridge) StdoutLine: {'line': b'writing arm_hardware_bridge.egg-info/PKG-INFO\n'}
[8.195948] (arm_hardware_bridge) StdoutLine: {'line': b'writing dependency_links to arm_hardware_bridge.egg-info/dependency_links.txt\n'}
[8.196577] (arm_hardware_bridge) StdoutLine: {'line': b'writing entry points to arm_hardware_bridge.egg-info/entry_points.txt\n'}
[8.196895] (arm_hardware_bridge) StdoutLine: {'line': b'writing requirements to arm_hardware_bridge.egg-info/requires.txt\n'}
[8.197357] (arm_hardware_bridge) StdoutLine: {'line': b'writing top-level names to arm_hardware_bridge.egg-info/top_level.txt\n'}
[8.197648] (arm_hardware_bridge) StdoutLine: {'line': b"writing manifest file 'arm_hardware_bridge.egg-info/SOURCES.txt'\n"}
[8.236698] (-) TimerEvent: {}
[8.267319] (arm_hardware_bridge) StdoutLine: {'line': b"reading manifest file 'arm_hardware_bridge.egg-info/SOURCES.txt'\n"}
[8.268370] (arm_hardware_bridge) StdoutLine: {'line': b"writing manifest file 'arm_hardware_bridge.egg-info/SOURCES.txt'\n"}
[8.302814] (arm_hardware_bridge) StdoutLine: {'line': b'running build_ext\n'}
[8.303926] (arm_hardware_bridge) StdoutLine: {'line': b'Creating /home/migara/robot_ws/install/arm_hardware_bridge/lib/python3.12/site-packages/arm-hardware-bridge.egg-link (link to .)\n'}
[8.304185] (arm_hardware_bridge) StdoutLine: {'line': b'Installing hardware_bridge_node script to /home/migara/robot_ws/install/arm_hardware_bridge/lib/arm_hardware_bridge\n'}
[8.304445] (arm_hardware_bridge) StdoutLine: {'line': b'\n'}
[8.304675] (arm_hardware_bridge) StdoutLine: {'line': b'Installed /home/migara/robot_ws/build/arm_hardware_bridge\n'}
[8.304896] (arm_hardware_bridge) StdoutLine: {'line': b'running symlink_data\n'}
[8.305148] (arm_hardware_bridge) StdoutLine: {'line': b'creating /home/migara/robot_ws/install/arm_hardware_bridge/share/ament_index\n'}
[8.305351] (arm_hardware_bridge) StdoutLine: {'line': b'creating /home/migara/robot_ws/install/arm_hardware_bridge/share/ament_index/resource_index\n'}
[8.305510] (arm_hardware_bridge) StdoutLine: {'line': b'creating /home/migara/robot_ws/install/arm_hardware_bridge/share/ament_index/resource_index/packages\n'}
[8.305757] (arm_hardware_bridge) StdoutLine: {'line': b'symbolically linking /home/migara/robot_ws/build/arm_hardware_bridge/resource/arm_hardware_bridge -> /home/migara/robot_ws/install/arm_hardware_bridge/share/ament_index/resource_index/packages\n'}
[8.305989] (arm_hardware_bridge) StdoutLine: {'line': b'symbolically linking /home/migara/robot_ws/build/arm_hardware_bridge/package.xml -> /home/migara/robot_ws/install/arm_hardware_bridge/share/arm_hardware_bridge\n'}
[8.306156] (arm_hardware_bridge) StdoutLine: {'line': b'creating /home/migara/robot_ws/install/arm_hardware_bridge/share/arm_hardware_bridge/launch\n'}
[8.306315] (arm_hardware_bridge) StdoutLine: {'line': b'symbolically linking /home/migara/robot_ws/build/arm_hardware_bridge/launch/real_hardware.launch.py -> /home/migara/robot_ws/install/arm_hardware_bridge/share/arm_hardware_bridge/launch\n'}
[8.336833] (-) TimerEvent: {}
[8.361412] (arm_hardware_bridge) CommandEnded: {'returncode': 0}
[8.373356] (arm_hardware_bridge) JobEnded: {'identifier': 'arm_hardware_bridge', 'rc': 0}
[8.374502] (-) EventReactorShutdown: {}
