[0.177s] DEBUG:colcon:Command line arguments: ['/usr/bin/colcon', 'build', '--symlink-install']
[0.177s] DEBUG:colcon:Parsed command line arguments: Namespace(log_base=None, log_level=None, verb_name='build', build_base='build', install_base='install', merge_install=False, symlink_install=True, test_result_base=None, continue_on_error=False, executor='parallel', parallel_workers=4, event_handlers=None, ignore_user_meta=False, metas=['./colcon.meta'], base_paths=['.'], packages_ignore=None, packages_ignore_regex=None, paths=None, packages_up_to=None, packages_up_to_regex=None, packages_above=None, packages_above_and_dependencies=None, packages_above_depth=None, packages_select_by_dep=None, packages_skip_by_dep=None, packages_skip_up_to=None, packages_select_build_failed=False, packages_skip_build_finished=False, packages_select_test_failures=False, packages_skip_test_passed=False, packages_select=None, packages_skip=None, packages_select_regex=None, packages_skip_regex=None, packages_start=None, packages_end=None, allow_overriding=[], cmake_args=None, cmake_target=None, cmake_target_skip_unavailable=False, cmake_clean_cache=False, cmake_clean_first=False, cmake_force_configure=False, ament_cmake_args=None, catkin_cmake_args=None, catkin_skip_building_tests=False, mixin_files=None, mixin=None, verb_parser=<colcon_mixin.mixin.mixin_argument.MixinArgumentDecorator object at 0x7057e0ca6180>, verb_extension=<colcon_core.verb.build.BuildVerb object at 0x7057e0ca55b0>, main=<bound method BuildVerb.main of <colcon_core.verb.build.BuildVerb object at 0x7057e0ca55b0>>, mixin_verb=('build',))
[0.237s] Level 1:colcon.colcon_core.package_discovery:discover_packages(colcon_meta) check parameters
[0.237s] Level 1:colcon.colcon_core.package_discovery:discover_packages(recursive) check parameters
[0.237s] Level 1:colcon.colcon_core.package_discovery:discover_packages(ignore) check parameters
[0.238s] Level 1:colcon.colcon_core.package_discovery:discover_packages(path) check parameters
[0.238s] Level 1:colcon.colcon_core.package_discovery:discover_packages(colcon_meta) discover
[0.238s] Level 1:colcon.colcon_core.package_discovery:discover_packages(recursive) discover
[0.238s] INFO:colcon.colcon_core.package_discovery:Crawling recursively for packages in '/home/migara/robot_ws'
[0.238s] Level 1:colcon.colcon_core.package_identification:_identify(.) by extensions ['ignore', 'ignore_ament_install']
[0.238s] Level 1:colcon.colcon_core.package_identification:_identify(.) by extension 'ignore'
[0.238s] Level 1:colcon.colcon_core.package_identification:_identify(.) by extension 'ignore_ament_install'
[0.238s] Level 1:colcon.colcon_core.package_identification:_identify(.) by extensions ['colcon_pkg']
[0.239s] Level 1:colcon.colcon_core.package_identification:_identify(.) by extension 'colcon_pkg'
[0.239s] Level 1:colcon.colcon_core.package_identification:_identify(.) by extensions ['colcon_meta']
[0.239s] Level 1:colcon.colcon_core.package_identification:_identify(.) by extension 'colcon_meta'
[0.239s] Level 1:colcon.colcon_core.package_identification:_identify(.) by extensions ['ros']
[0.239s] Level 1:colcon.colcon_core.package_identification:_identify(.) by extension 'ros'
[0.282s] Level 1:colcon.colcon_core.package_identification:_identify(.) by extensions ['cmake', 'python']
[0.282s] Level 1:colcon.colcon_core.package_identification:_identify(.) by extension 'cmake'
[0.282s] Level 1:colcon.colcon_core.package_identification:_identify(.) by extension 'python'
[0.282s] Level 1:colcon.colcon_core.package_identification:_identify(.) by extensions ['python_setup_py']
[0.282s] Level 1:colcon.colcon_core.package_identification:_identify(.) by extension 'python_setup_py'
[0.282s] Level 1:colcon.colcon_core.package_identification:_identify(build) by extensions ['ignore', 'ignore_ament_install']
[0.282s] Level 1:colcon.colcon_core.package_identification:_identify(build) by extension 'ignore'
[0.282s] Level 1:colcon.colcon_core.package_identification:_identify(build) ignored
[0.282s] Level 1:colcon.colcon_core.package_identification:_identify(install) by extensions ['ignore', 'ignore_ament_install']
[0.282s] Level 1:colcon.colcon_core.package_identification:_identify(install) by extension 'ignore'
[0.282s] Level 1:colcon.colcon_core.package_identification:_identify(install) ignored
[0.283s] Level 1:colcon.colcon_core.package_identification:_identify(log) by extensions ['ignore', 'ignore_ament_install']
[0.283s] Level 1:colcon.colcon_core.package_identification:_identify(log) by extension 'ignore'
[0.283s] Level 1:colcon.colcon_core.package_identification:_identify(log) ignored
[0.283s] Level 1:colcon.colcon_core.package_identification:_identify(src) by extensions ['ignore', 'ignore_ament_install']
[0.283s] Level 1:colcon.colcon_core.package_identification:_identify(src) by extension 'ignore'
[0.283s] Level 1:colcon.colcon_core.package_identification:_identify(src) by extension 'ignore_ament_install'
[0.283s] Level 1:colcon.colcon_core.package_identification:_identify(src) by extensions ['colcon_pkg']
[0.283s] Level 1:colcon.colcon_core.package_identification:_identify(src) by extension 'colcon_pkg'
[0.283s] Level 1:colcon.colcon_core.package_identification:_identify(src) by extensions ['colcon_meta']
[0.283s] Level 1:colcon.colcon_core.package_identification:_identify(src) by extension 'colcon_meta'
[0.283s] Level 1:colcon.colcon_core.package_identification:_identify(src) by extensions ['ros']
[0.283s] Level 1:colcon.colcon_core.package_identification:_identify(src) by extension 'ros'
[0.283s] Level 1:colcon.colcon_core.package_identification:_identify(src) by extensions ['cmake', 'python']
[0.283s] Level 1:colcon.colcon_core.package_identification:_identify(src) by extension 'cmake'
[0.283s] Level 1:colcon.colcon_core.package_identification:_identify(src) by extension 'python'
[0.283s] Level 1:colcon.colcon_core.package_identification:_identify(src) by extensions ['python_setup_py']
[0.283s] Level 1:colcon.colcon_core.package_identification:_identify(src) by extension 'python_setup_py'
[0.284s] Level 1:colcon.colcon_core.package_identification:_identify(src/arm_bringup) by extensions ['ignore', 'ignore_ament_install']
[0.284s] Level 1:colcon.colcon_core.package_identification:_identify(src/arm_bringup) by extension 'ignore'
[0.284s] Level 1:colcon.colcon_core.package_identification:_identify(src/arm_bringup) by extension 'ignore_ament_install'
[0.284s] Level 1:colcon.colcon_core.package_identification:_identify(src/arm_bringup) by extensions ['colcon_pkg']
[0.284s] Level 1:colcon.colcon_core.package_identification:_identify(src/arm_bringup) by extension 'colcon_pkg'
[0.284s] Level 1:colcon.colcon_core.package_identification:_identify(src/arm_bringup) by extensions ['colcon_meta']
[0.284s] Level 1:colcon.colcon_core.package_identification:_identify(src/arm_bringup) by extension 'colcon_meta'
[0.284s] Level 1:colcon.colcon_core.package_identification:_identify(src/arm_bringup) by extensions ['ros']
[0.284s] Level 1:colcon.colcon_core.package_identification:_identify(src/arm_bringup) by extension 'ros'
[0.287s] DEBUG:colcon.colcon_core.package_identification:Package 'src/arm_bringup' with type 'ros.ament_python' and name 'arm_bringup'
[0.287s] Level 1:colcon.colcon_core.package_identification:_identify(src/arm_description) by extensions ['ignore', 'ignore_ament_install']
[0.287s] Level 1:colcon.colcon_core.package_identification:_identify(src/arm_description) by extension 'ignore'
[0.287s] Level 1:colcon.colcon_core.package_identification:_identify(src/arm_description) by extension 'ignore_ament_install'
[0.287s] Level 1:colcon.colcon_core.package_identification:_identify(src/arm_description) by extensions ['colcon_pkg']
[0.287s] Level 1:colcon.colcon_core.package_identification:_identify(src/arm_description) by extension 'colcon_pkg'
[0.287s] Level 1:colcon.colcon_core.package_identification:_identify(src/arm_description) by extensions ['colcon_meta']
[0.287s] Level 1:colcon.colcon_core.package_identification:_identify(src/arm_description) by extension 'colcon_meta'
[0.287s] Level 1:colcon.colcon_core.package_identification:_identify(src/arm_description) by extensions ['ros']
[0.288s] Level 1:colcon.colcon_core.package_identification:_identify(src/arm_description) by extension 'ros'
[0.288s] DEBUG:colcon.colcon_core.package_identification:Package 'src/arm_description' with type 'ros.ament_python' and name 'arm_description'
[0.288s] Level 1:colcon.colcon_core.package_discovery:discover_packages(recursive) using defaults
[0.288s] Level 1:colcon.colcon_core.package_discovery:discover_packages(ignore) discover
[0.288s] Level 1:colcon.colcon_core.package_discovery:discover_packages(ignore) using defaults
[0.289s] Level 1:colcon.colcon_core.package_discovery:discover_packages(path) discover
[0.289s] Level 1:colcon.colcon_core.package_discovery:discover_packages(path) using defaults
[0.318s] Level 1:colcon.colcon_core.package_discovery:discover_packages(prefix_path) check parameters
[0.318s] Level 1:colcon.colcon_core.package_discovery:discover_packages(prefix_path) discover
[0.319s] WARNING:colcon.colcon_ros.prefix_path.ament:The path '/home/migara/robot_ws/install/arm_bringup' in the environment variable AMENT_PREFIX_PATH doesn't exist
[0.319s] WARNING:colcon.colcon_ros.prefix_path.ament:The path '/home/migara/robot_ws/install/arm_description' in the environment variable AMENT_PREFIX_PATH doesn't exist
[0.320s] DEBUG:colcon.colcon_installed_package_information.package_discovery:Found 0 installed packages in /home/migara/robot_ws/install
[0.324s] DEBUG:colcon.colcon_installed_package_information.package_discovery:Found 375 installed packages in /opt/ros/jazzy
[0.328s] Level 1:colcon.colcon_core.package_discovery:discover_packages(prefix_path) using defaults
[0.418s] Level 5:colcon.colcon_core.verb:set package 'arm_description' build argument 'cmake_args' from command line to 'None'
[0.418s] Level 5:colcon.colcon_core.verb:set package 'arm_description' build argument 'cmake_target' from command line to 'None'
[0.418s] Level 5:colcon.colcon_core.verb:set package 'arm_description' build argument 'cmake_target_skip_unavailable' from command line to 'False'
[0.418s] Level 5:colcon.colcon_core.verb:set package 'arm_description' build argument 'cmake_clean_cache' from command line to 'False'
[0.418s] Level 5:colcon.colcon_core.verb:set package 'arm_description' build argument 'cmake_clean_first' from command line to 'False'
[0.418s] Level 5:colcon.colcon_core.verb:set package 'arm_description' build argument 'cmake_force_configure' from command line to 'False'
[0.418s] Level 5:colcon.colcon_core.verb:set package 'arm_description' build argument 'ament_cmake_args' from command line to 'None'
[0.418s] Level 5:colcon.colcon_core.verb:set package 'arm_description' build argument 'catkin_cmake_args' from command line to 'None'
[0.418s] Level 5:colcon.colcon_core.verb:set package 'arm_description' build argument 'catkin_skip_building_tests' from command line to 'False'
[0.418s] DEBUG:colcon.colcon_core.verb:Building package 'arm_description' with the following arguments: {'ament_cmake_args': None, 'build_base': '/home/migara/robot_ws/build/arm_description', 'catkin_cmake_args': None, 'catkin_skip_building_tests': False, 'cmake_args': None, 'cmake_clean_cache': False, 'cmake_clean_first': False, 'cmake_force_configure': False, 'cmake_target': None, 'cmake_target_skip_unavailable': False, 'install_base': '/home/migara/robot_ws/install/arm_description', 'merge_install': False, 'path': '/home/migara/robot_ws/src/arm_description', 'symlink_install': True, 'test_result_base': None}
[0.419s] Level 5:colcon.colcon_core.verb:set package 'arm_bringup' build argument 'cmake_args' from command line to 'None'
[0.419s] Level 5:colcon.colcon_core.verb:set package 'arm_bringup' build argument 'cmake_target' from command line to 'None'
[0.419s] Level 5:colcon.colcon_core.verb:set package 'arm_bringup' build argument 'cmake_target_skip_unavailable' from command line to 'False'
[0.419s] Level 5:colcon.colcon_core.verb:set package 'arm_bringup' build argument 'cmake_clean_cache' from command line to 'False'
[0.419s] Level 5:colcon.colcon_core.verb:set package 'arm_bringup' build argument 'cmake_clean_first' from command line to 'False'
[0.419s] Level 5:colcon.colcon_core.verb:set package 'arm_bringup' build argument 'cmake_force_configure' from command line to 'False'
[0.419s] Level 5:colcon.colcon_core.verb:set package 'arm_bringup' build argument 'ament_cmake_args' from command line to 'None'
[0.419s] Level 5:colcon.colcon_core.verb:set package 'arm_bringup' build argument 'catkin_cmake_args' from command line to 'None'
[0.419s] Level 5:colcon.colcon_core.verb:set package 'arm_bringup' build argument 'catkin_skip_building_tests' from command line to 'False'
[0.419s] DEBUG:colcon.colcon_core.verb:Building package 'arm_bringup' with the following arguments: {'ament_cmake_args': None, 'build_base': '/home/migara/robot_ws/build/arm_bringup', 'catkin_cmake_args': None, 'catkin_skip_building_tests': False, 'cmake_args': None, 'cmake_clean_cache': False, 'cmake_clean_first': False, 'cmake_force_configure': False, 'cmake_target': None, 'cmake_target_skip_unavailable': False, 'install_base': '/home/migara/robot_ws/install/arm_bringup', 'merge_install': False, 'path': '/home/migara/robot_ws/src/arm_bringup', 'symlink_install': True, 'test_result_base': None}
[0.419s] INFO:colcon.colcon_core.executor:Executing jobs using 'parallel' executor
[0.420s] DEBUG:colcon.colcon_parallel_executor.executor.parallel:run_until_complete
[0.420s] INFO:colcon.colcon_ros.task.ament_python.build:Building ROS package in '/home/migara/robot_ws/src/arm_description' with build type 'ament_python'
[0.420s] Level 1:colcon.colcon_core.shell:create_environment_hook('arm_description', 'ament_prefix_path')
[0.424s] INFO:colcon.colcon_core.plugin_system:Skipping extension 'colcon_core.shell.bat': Not used on non-Windows systems
[0.424s] INFO:colcon.colcon_core.shell:Creating environment hook '/home/migara/robot_ws/install/arm_description/share/arm_description/hook/ament_prefix_path.ps1'
[0.426s] INFO:colcon.colcon_core.shell:Creating environment descriptor '/home/migara/robot_ws/install/arm_description/share/arm_description/hook/ament_prefix_path.dsv'
[0.426s] INFO:colcon.colcon_core.shell:Creating environment hook '/home/migara/robot_ws/install/arm_description/share/arm_description/hook/ament_prefix_path.sh'
[0.428s] INFO:colcon.colcon_core.shell:Skip shell extension 'powershell' for command environment: Not usable outside of PowerShell
[0.428s] DEBUG:colcon.colcon_core.shell:Skip shell extension 'dsv' for command environment
[0.797s] INFO:colcon.colcon_core.task.python.build:Building Python package in '/home/migara/robot_ws/src/arm_description'
[0.797s] INFO:colcon.colcon_core.shell:Skip shell extension 'powershell' for command environment: Not usable outside of PowerShell
[0.797s] DEBUG:colcon.colcon_core.shell:Skip shell extension 'dsv' for command environment
[2.254s] DEBUG:colcon.colcon_core.task.python.build:Available setuptools commands: build_scripts, build_py, bdist_dumb, setopt, sdist, install_lib, easy_install, install, install_headers, bdist_rpm, editable_wheel, compile_catalog, update_catalog, init_catalog, dist_info, clean, extract_messages, build, bdist, bdist_egg, symlink_data, check, install_egg_info, saveopts, rotate, egg_info, install_data, alias, upload_docs, build_ext, bdist_wheel, test, register, build_clib, develop, upload, install_scripts
[2.832s] DEBUG:colcon.colcon_core.task.python.build:Available setuptools 'develop' options: --no-user-cfg, --no-deps, --install-dir, --zip-ok, --no-find-links, --local-snapshots-ok, --multi-version, --always-unzip, --index-url, --force-installation-into-system-dir, --build-directory, --version, --record, --upgrade, --egg-path, --allow-hosts, --uninstall, --optimize, --exclude-scripts, --prefix, --dry-run, --editable, --user, --find-links, --verbose, --help, --script-dir, --site-dirs, --quiet, --install-layout, --always-copy
[2.836s] DEBUG:colcon.colcon_core.event_handler.log_command:Invoking command in '/home/migara/robot_ws/build/arm_description': DEBUGINFOD_URLS=https://debuginfod.ubuntu.com PYTHONPATH=/home/migara/robot_ws/build/arm_description/prefix_override:/usr/lib/python3/dist-packages/colcon_core/task/python/colcon_distutils_commands:/home/migara/robot_ws/install/arm_description/lib/python3.12/site-packages:${PYTHONPATH} /usr/bin/python3 -W ignore:setup.py install is deprecated -W ignore:easy_install command is deprecated setup.py develop --editable --build-directory /home/migara/robot_ws/build/arm_description/build --no-deps symlink_data
[4.712s] Level 1:colcon.colcon_core.shell:create_environment_hook('arm_description', 'pythonpath_develop')
[4.712s] DEBUG:colcon.colcon_core.event_handler.log_command:Invoked command in '/home/migara/robot_ws/build/arm_description' returned '0': DEBUGINFOD_URLS=https://debuginfod.ubuntu.com PYTHONPATH=/home/migara/robot_ws/build/arm_description/prefix_override:/usr/lib/python3/dist-packages/colcon_core/task/python/colcon_distutils_commands:/home/migara/robot_ws/install/arm_description/lib/python3.12/site-packages:${PYTHONPATH} /usr/bin/python3 -W ignore:setup.py install is deprecated -W ignore:easy_install command is deprecated setup.py develop --editable --build-directory /home/migara/robot_ws/build/arm_description/build --no-deps symlink_data
[4.712s] INFO:colcon.colcon_core.shell:Creating environment hook '/home/migara/robot_ws/build/arm_description/share/arm_description/hook/pythonpath_develop.ps1'
[4.713s] INFO:colcon.colcon_core.shell:Creating environment descriptor '/home/migara/robot_ws/build/arm_description/share/arm_description/hook/pythonpath_develop.dsv'
[4.713s] INFO:colcon.colcon_core.shell:Creating environment hook '/home/migara/robot_ws/build/arm_description/share/arm_description/hook/pythonpath_develop.sh'
[4.716s] Level 1:colcon.colcon_core.environment:checking '/home/migara/robot_ws/install/arm_description' for CMake module files
[4.717s] Level 1:colcon.colcon_core.environment:checking '/home/migara/robot_ws/install/arm_description' for CMake config files
[4.717s] Level 1:colcon.colcon_core.environment:checking '/home/migara/robot_ws/install/arm_description/lib'
[4.717s] Level 1:colcon.colcon_core.environment:checking '/home/migara/robot_ws/install/arm_description/bin'
[4.718s] Level 1:colcon.colcon_core.environment:checking '/home/migara/robot_ws/install/arm_description/lib/pkgconfig/arm_description.pc'
[4.718s] Level 1:colcon.colcon_core.environment:checking '/home/migara/robot_ws/install/arm_description/lib/python3.12/site-packages'
[4.718s] Level 1:colcon.colcon_core.shell:create_environment_hook('arm_description', 'pythonpath')
[4.718s] INFO:colcon.colcon_core.shell:Creating environment hook '/home/migara/robot_ws/install/arm_description/share/arm_description/hook/pythonpath.ps1'
[4.719s] INFO:colcon.colcon_core.shell:Creating environment descriptor '/home/migara/robot_ws/install/arm_description/share/arm_description/hook/pythonpath.dsv'
[4.719s] INFO:colcon.colcon_core.shell:Creating environment hook '/home/migara/robot_ws/install/arm_description/share/arm_description/hook/pythonpath.sh'
[4.720s] Level 1:colcon.colcon_core.environment:checking '/home/migara/robot_ws/install/arm_description/bin'
[4.720s] Level 1:colcon.colcon_core.environment:create_environment_scripts_only(arm_description)
[4.720s] INFO:colcon.colcon_core.shell:Creating package script '/home/migara/robot_ws/install/arm_description/share/arm_description/package.ps1'
[4.721s] INFO:colcon.colcon_core.shell:Creating package descriptor '/home/migara/robot_ws/install/arm_description/share/arm_description/package.dsv'
[4.722s] INFO:colcon.colcon_core.shell:Creating package script '/home/migara/robot_ws/install/arm_description/share/arm_description/package.sh'
[4.723s] INFO:colcon.colcon_core.shell:Creating package script '/home/migara/robot_ws/install/arm_description/share/arm_description/package.bash'
[4.723s] INFO:colcon.colcon_core.shell:Creating package script '/home/migara/robot_ws/install/arm_description/share/arm_description/package.zsh'
[4.724s] Level 1:colcon.colcon_core.environment:create_file_with_runtime_dependencies(/home/migara/robot_ws/install/arm_description/share/colcon-core/packages/arm_description)
[4.725s] INFO:colcon.colcon_ros.task.ament_python.build:Building ROS package in '/home/migara/robot_ws/src/arm_bringup' with build type 'ament_python'
[4.725s] Level 1:colcon.colcon_core.shell:create_environment_hook('arm_bringup', 'ament_prefix_path')
[4.725s] INFO:colcon.colcon_core.shell:Creating environment hook '/home/migara/robot_ws/install/arm_bringup/share/arm_bringup/hook/ament_prefix_path.ps1'
[4.726s] INFO:colcon.colcon_core.shell:Creating environment descriptor '/home/migara/robot_ws/install/arm_bringup/share/arm_bringup/hook/ament_prefix_path.dsv'
[4.727s] INFO:colcon.colcon_core.shell:Creating environment hook '/home/migara/robot_ws/install/arm_bringup/share/arm_bringup/hook/ament_prefix_path.sh'
[4.727s] INFO:colcon.colcon_core.shell:Skip shell extension 'powershell' for command environment: Not usable outside of PowerShell
[4.727s] DEBUG:colcon.colcon_core.shell:Skip shell extension 'dsv' for command environment
[5.053s] INFO:colcon.colcon_core.task.python.build:Building Python package in '/home/migara/robot_ws/src/arm_bringup'
[5.053s] INFO:colcon.colcon_core.shell:Skip shell extension 'powershell' for command environment: Not usable outside of PowerShell
[5.053s] DEBUG:colcon.colcon_core.shell:Skip shell extension 'dsv' for command environment
[5.994s] DEBUG:colcon.colcon_core.task.python.build:Available setuptools commands: build_scripts, build_py, bdist_dumb, setopt, sdist, install_lib, easy_install, install, install_headers, bdist_rpm, editable_wheel, compile_catalog, update_catalog, init_catalog, dist_info, clean, extract_messages, build, bdist, bdist_egg, symlink_data, check, install_egg_info, saveopts, rotate, egg_info, install_data, alias, upload_docs, build_ext, bdist_wheel, test, register, build_clib, develop, upload, install_scripts
[6.471s] DEBUG:colcon.colcon_core.task.python.build:Available setuptools 'develop' options: --no-user-cfg, --no-deps, --install-dir, --zip-ok, --no-find-links, --local-snapshots-ok, --multi-version, --always-unzip, --index-url, --force-installation-into-system-dir, --build-directory, --version, --record, --upgrade, --egg-path, --allow-hosts, --uninstall, --optimize, --exclude-scripts, --prefix, --dry-run, --editable, --user, --find-links, --verbose, --help, --script-dir, --site-dirs, --quiet, --install-layout, --always-copy
[6.474s] DEBUG:colcon.colcon_core.event_handler.log_command:Invoking command in '/home/migara/robot_ws/build/arm_bringup': AMENT_PREFIX_PATH=/home/migara/robot_ws/install/arm_description:/home/migara/robot_ws/install/arm_bringup:/opt/ros/jazzy DEBUGINFOD_URLS=https://debuginfod.ubuntu.com PYTHONPATH=/home/migara/robot_ws/build/arm_bringup/prefix_override:/usr/lib/python3/dist-packages/colcon_core/task/python/colcon_distutils_commands:/home/migara/robot_ws/install/arm_bringup/lib/python3.12/site-packages:/home/migara/robot_ws/build/arm_description:/home/migara/robot_ws/install/arm_description/lib/python3.12/site-packages:/home/migara/robot_ws/build/arm_bringup:/home/migara/robot_ws/install/arm_bringup/lib/python3.12/site-packages:/opt/ros/jazzy/opt/gz_sim_vendor/lib/python:/opt/ros/jazzy/opt/sdformat_vendor/lib/python:/opt/ros/jazzy/opt/gz_transport_vendor/lib/python:/opt/ros/jazzy/opt/gz_msgs_vendor/lib/python:/opt/ros/jazzy/opt/gz_math_vendor/lib/python:/opt/ros/jazzy/lib/python3.12/site-packages /usr/bin/python3 -W ignore:setup.py install is deprecated -W ignore:easy_install command is deprecated setup.py develop --editable --build-directory /home/migara/robot_ws/build/arm_bringup/build --no-deps symlink_data
[7.868s] Level 1:colcon.colcon_core.shell:create_environment_hook('arm_bringup', 'pythonpath_develop')
[7.869s] INFO:colcon.colcon_core.shell:Creating environment hook '/home/migara/robot_ws/build/arm_bringup/share/arm_bringup/hook/pythonpath_develop.ps1'
[7.870s] DEBUG:colcon.colcon_core.event_handler.log_command:Invoked command in '/home/migara/robot_ws/build/arm_bringup' returned '0': AMENT_PREFIX_PATH=/home/migara/robot_ws/install/arm_description:/home/migara/robot_ws/install/arm_bringup:/opt/ros/jazzy DEBUGINFOD_URLS=https://debuginfod.ubuntu.com PYTHONPATH=/home/migara/robot_ws/build/arm_bringup/prefix_override:/usr/lib/python3/dist-packages/colcon_core/task/python/colcon_distutils_commands:/home/migara/robot_ws/install/arm_bringup/lib/python3.12/site-packages:/home/migara/robot_ws/build/arm_description:/home/migara/robot_ws/install/arm_description/lib/python3.12/site-packages:/home/migara/robot_ws/build/arm_bringup:/home/migara/robot_ws/install/arm_bringup/lib/python3.12/site-packages:/opt/ros/jazzy/opt/gz_sim_vendor/lib/python:/opt/ros/jazzy/opt/sdformat_vendor/lib/python:/opt/ros/jazzy/opt/gz_transport_vendor/lib/python:/opt/ros/jazzy/opt/gz_msgs_vendor/lib/python:/opt/ros/jazzy/opt/gz_math_vendor/lib/python:/opt/ros/jazzy/lib/python3.12/site-packages /usr/bin/python3 -W ignore:setup.py install is deprecated -W ignore:easy_install command is deprecated setup.py develop --editable --build-directory /home/migara/robot_ws/build/arm_bringup/build --no-deps symlink_data
[7.870s] INFO:colcon.colcon_core.shell:Creating environment descriptor '/home/migara/robot_ws/build/arm_bringup/share/arm_bringup/hook/pythonpath_develop.dsv'
[7.870s] INFO:colcon.colcon_core.shell:Creating environment hook '/home/migara/robot_ws/build/arm_bringup/share/arm_bringup/hook/pythonpath_develop.sh'
[7.871s] Level 1:colcon.colcon_core.environment:checking '/home/migara/robot_ws/install/arm_bringup' for CMake module files
[7.872s] Level 1:colcon.colcon_core.environment:checking '/home/migara/robot_ws/install/arm_bringup' for CMake config files
[7.872s] Level 1:colcon.colcon_core.environment:checking '/home/migara/robot_ws/install/arm_bringup/lib'
[7.872s] Level 1:colcon.colcon_core.environment:checking '/home/migara/robot_ws/install/arm_bringup/bin'
[7.872s] Level 1:colcon.colcon_core.environment:checking '/home/migara/robot_ws/install/arm_bringup/lib/pkgconfig/arm_bringup.pc'
[7.873s] Level 1:colcon.colcon_core.environment:checking '/home/migara/robot_ws/install/arm_bringup/lib/python3.12/site-packages'
[7.873s] Level 1:colcon.colcon_core.shell:create_environment_hook('arm_bringup', 'pythonpath')
[7.873s] INFO:colcon.colcon_core.shell:Creating environment hook '/home/migara/robot_ws/install/arm_bringup/share/arm_bringup/hook/pythonpath.ps1'
[7.873s] INFO:colcon.colcon_core.shell:Creating environment descriptor '/home/migara/robot_ws/install/arm_bringup/share/arm_bringup/hook/pythonpath.dsv'
[7.874s] INFO:colcon.colcon_core.shell:Creating environment hook '/home/migara/robot_ws/install/arm_bringup/share/arm_bringup/hook/pythonpath.sh'
[7.875s] Level 1:colcon.colcon_core.environment:checking '/home/migara/robot_ws/install/arm_bringup/bin'
[7.875s] Level 1:colcon.colcon_core.environment:create_environment_scripts_only(arm_bringup)
[7.875s] INFO:colcon.colcon_core.shell:Creating package script '/home/migara/robot_ws/install/arm_bringup/share/arm_bringup/package.ps1'
[7.876s] INFO:colcon.colcon_core.shell:Creating package descriptor '/home/migara/robot_ws/install/arm_bringup/share/arm_bringup/package.dsv'
[7.876s] INFO:colcon.colcon_core.shell:Creating package script '/home/migara/robot_ws/install/arm_bringup/share/arm_bringup/package.sh'
[7.877s] INFO:colcon.colcon_core.shell:Creating package script '/home/migara/robot_ws/install/arm_bringup/share/arm_bringup/package.bash'
[7.877s] INFO:colcon.colcon_core.shell:Creating package script '/home/migara/robot_ws/install/arm_bringup/share/arm_bringup/package.zsh'
[7.877s] Level 1:colcon.colcon_core.environment:create_file_with_runtime_dependencies(/home/migara/robot_ws/install/arm_bringup/share/colcon-core/packages/arm_bringup)
[7.878s] DEBUG:colcon.colcon_parallel_executor.executor.parallel:closing loop
[7.878s] DEBUG:colcon.colcon_parallel_executor.executor.parallel:loop closed
[7.878s] DEBUG:colcon.colcon_parallel_executor.executor.parallel:run_until_complete finished with '0'
[7.878s] DEBUG:colcon.colcon_core.event_reactor:joining thread
[7.887s] INFO:colcon.colcon_core.plugin_system:Skipping extension 'colcon_notification.desktop_notification.terminal_notifier': Not used on non-Darwin systems
[7.887s] INFO:colcon.colcon_core.plugin_system:Skipping extension 'colcon_notification.desktop_notification.win32': Not used on non-Windows systems
[7.887s] INFO:colcon.colcon_notification.desktop_notification:Sending desktop notification using 'notify2'
[7.908s] DEBUG:colcon.colcon_core.event_reactor:joined thread
[7.908s] INFO:colcon.colcon_core.shell:Creating prefix script '/home/migara/robot_ws/install/local_setup.ps1'
[7.909s] INFO:colcon.colcon_core.shell:Creating prefix util module '/home/migara/robot_ws/install/_local_setup_util_ps1.py'
[7.911s] INFO:colcon.colcon_core.shell:Creating prefix chain script '/home/migara/robot_ws/install/setup.ps1'
[7.915s] INFO:colcon.colcon_core.shell:Creating prefix script '/home/migara/robot_ws/install/local_setup.sh'
[7.916s] INFO:colcon.colcon_core.shell:Creating prefix util module '/home/migara/robot_ws/install/_local_setup_util_sh.py'
[7.917s] INFO:colcon.colcon_core.shell:Creating prefix chain script '/home/migara/robot_ws/install/setup.sh'
[7.919s] INFO:colcon.colcon_core.shell:Creating prefix script '/home/migara/robot_ws/install/local_setup.bash'
[7.920s] INFO:colcon.colcon_core.shell:Creating prefix chain script '/home/migara/robot_ws/install/setup.bash'
[7.922s] INFO:colcon.colcon_core.shell:Creating prefix script '/home/migara/robot_ws/install/local_setup.zsh'
[7.922s] INFO:colcon.colcon_core.shell:Creating prefix chain script '/home/migara/robot_ws/install/setup.zsh'
