[0.000000] (-) TimerEvent: {}
[0.000198] (-) JobUnselected: {'identifier': 'arm_description'}
[0.000253] (-) JobUnselected: {'identifier': 'arm_moveit_config'}
[0.000289] (arm_hardware_bridge) JobQueued: {'identifier': 'arm_hardware_bridge', 'dependencies': OrderedDict({'arm_description': '/home/migara/robot_ws/install/arm_description', 'arm_moveit_config': '/home/migara/robot_ws/install/arm_moveit_config'})}
[0.001824] (arm_hardware_bridge) JobStarted: {'identifier': 'arm_hardware_bridge'}
[0.099532] (-) TimerEvent: {}
[0.200757] (-) TimerEvent: {}
[0.301036] (-) TimerEvent: {}
[0.401295] (-) TimerEvent: {}
[0.502630] (-) TimerEvent: {}
[0.602986] (-) TimerEvent: {}
[0.705619] (-) TimerEvent: {}
[0.807909] (-) TimerEvent: {}
[0.908202] (-) TimerEvent: {}
[1.008453] (-) TimerEvent: {}
[1.108755] (-) TimerEvent: {}
[1.209061] (-) TimerEvent: {}
[1.309357] (-) TimerEvent: {}
[1.409726] (-) TimerEvent: {}
[1.512984] (-) TimerEvent: {}
[1.613278] (-) TimerEvent: {}
[1.713607] (-) TimerEvent: {}
[1.761733] (arm_hardware_bridge) Command: {'cmd': ['/usr/bin/python3', '-W', 'ignore:setup.py install is deprecated', '-W', 'ignore:easy_install command is deprecated', 'setup.py', 'egg_info', '--egg-base', '../../build/arm_hardware_bridge', 'build', '--build-base', '/home/migara/robot_ws/build/arm_hardware_bridge/build', 'install', '--record', '/home/migara/robot_ws/build/arm_hardware_bridge/install.log', '--install-scripts', '$base/lib/arm_hardware_bridge', '--single-version-externally-managed', 'install_data'], 'cwd': '/home/migara/robot_ws/src/arm_hardware_bridge', 'env': OrderedDict({'GZ_SIM_SYSTEM_PLUGIN_PATH': '/opt/ros/jazzy/lib', 'PYTHON_BASIC_REPL': '1', 'GZ_SIM_RESOURCE_PATH': '/opt/ros/jazzy/share', 'USER': 'migara', 'GZ_CONFIG_PATH': '/opt/ros/jazzy/opt/gz_sim_vendor/share/gz:/opt/ros/jazzy/opt/sdformat_vendor/share/gz:/opt/ros/jazzy/opt/gz_gui_vendor/share/gz:/opt/ros/jazzy/opt/gz_transport_vendor/share/gz:/opt/ros/jazzy/opt/gz_rendering_vendor/share/gz:/opt/ros/jazzy/opt/gz_plugin_vendor/share/gz:/opt/ros/jazzy/opt/gz_fuel_tools_vendor/share/gz:/opt/ros/jazzy/opt/gz_msgs_vendor/share/gz:/opt/ros/jazzy/opt/gz_common_vendor/share/gz', 'XDG_SESSION_TYPE': 'wayland', 'GIT_ASKPASS': '/usr/share/code/resources/app/extensions/git/dist/askpass.sh', 'SHLVL': '2', 'LD_LIBRARY_PATH': '/opt/ros/jazzy/opt/gz_sim_vendor/lib:/opt/ros/jazzy/opt/gz_sensors_vendor/lib:/opt/ros/jazzy/opt/gz_physics_vendor/lib:/opt/ros/jazzy/opt/sdformat_vendor/lib:/opt/ros/jazzy/opt/rviz_ogre_vendor/lib:/opt/ros/jazzy/lib/x86_64-linux-gnu:/opt/ros/jazzy/opt/gz_gui_vendor/lib:/opt/ros/jazzy/opt/gz_transport_vendor/lib:/opt/ros/jazzy/opt/gz_rendering_vendor/lib:/opt/ros/jazzy/opt/gz_plugin_vendor/lib:/opt/ros/jazzy/opt/gz_fuel_tools_vendor/lib:/opt/ros/jazzy/opt/gz_msgs_vendor/lib:/opt/ros/jazzy/opt/gz_common_vendor/lib:/opt/ros/jazzy/opt/gz_math_vendor/lib:/opt/ros/jazzy/opt/gz_utils_vendor/lib:/opt/ros/jazzy/opt/gz_tools_vendor/lib:/opt/ros/jazzy/opt/gz_ogre_next_vendor/lib:/opt/ros/jazzy/opt/gz_dartsim_vendor/lib:/opt/ros/jazzy/opt/gz_cmake_vendor/lib:/opt/ros/jazzy/lib', 'HOME': '/home/migara', 'CHROME_DESKTOP': 'code.desktop', 'OLDPWD': '/home/migara/robot_ws', 'TERM_PROGRAM_VERSION': '1.137.0', 'DESKTOP_SESSION': 'ubuntu', 'ROS_PYTHON_VERSION': '3', 'GNOME_SHELL_SESSION_MODE': 'ubuntu', 'GTK_MODULES': 'gail:atk-bridge', 'VSCODE_GIT_ASKPASS_MAIN': '/usr/share/code/resources/app/extensions/git/dist/askpass-main.js', 'VSCODE_GIT_ASKPASS_NODE': '/usr/share/code/code', 'PYDEVD_DISABLE_FILE_VALIDATION': '1', 'DBUS_STARTER_BUS_TYPE': 'session', 'SYSTEMD_EXEC_PID': '1619', 'BUNDLED_DEBUGPY_PATH': '/home/migara/.vscode/extensions/ms-python.debugpy-2026.6.0-linux-x64/bundled/libs/debugpy', 'VSCODE_PYTHON_AUTOACTIVATE_GUARD': '1', 'GSM_SKIP_SSH_AGENT_WORKAROUND': 'true', 'DBUS_SESSION_BUS_ADDRESS': 'unix:path=/run/user/1000/bus,guid=d34c4f07519f5820e555c4e16aaac043', 'COLORTERM': 'truecolor', 'DEBUGINFOD_URLS': 'https://debuginfod.ubuntu.com', 'IM_CONFIG_PHASE': '1', 'WAYLAND_DISPLAY': 'wayland-0', 'COLCON_PREFIX_PATH': '/home/migara/robot_ws/install', 'ROS_DISTRO': 'jazzy', 'LOGNAME': 'migara', '_': '/usr/bin/colcon', 'ROS_VERSION': '2', 'MEMORY_PRESSURE_WATCH': '/sys/fs/cgroup/user.slice/user-1000.slice/user@1000.service/app.slice/app-gnome\\x2dsession\\x2dmanager.slice/gnome-session-manager@ubuntu.service/memory.pressure', 'XDG_SESSION_CLASS': 'user', 'USERNAME': 'migara', 'TERM': 'xterm-256color', 'GNOME_DESKTOP_SESSION_ID': 'this-is-deprecated', 'FC_FONTATIONS': '1', 'PATH': '/opt/ros/jazzy/opt/gz_msgs_vendor/bin:/opt/ros/jazzy/opt/gz_tools_vendor/bin:/opt/ros/jazzy/opt/gz_ogre_next_vendor/bin:/opt/ros/jazzy/bin:/usr/local/sbin:/usr/local/bin:/usr/sbin:/usr/bin:/sbin:/bin:/usr/games:/usr/local/games:/snap/bin:/snap/bin:/home/migara/.vscode/extensions/ms-python.debugpy-2026.6.0-linux-x64/bundled/scripts/noConfigScripts', 'SESSION_MANAGER': 'local/migara-Vostro-15-3568:@/tmp/.ICE-unix/1619,unix/migara-Vostro-15-3568:/tmp/.ICE-unix/1619', 'XDG_MENU_PREFIX': 'gnome-', 'GNOME_TERMINAL_SCREEN': '/org/gnome/Terminal/screen/43d8c457_c410_4f0d_840e_8b8995aab3ef', 'GNOME_SETUP_DISPLAY': ':1', 'XDG_RUNTIME_DIR': '/run/user/1000', 'GDK_BACKEND': 'wayland', 'DISPLAY': ':0', 'VSCODE_DEBUGPY_ADAPTER_ENDPOINTS': '/home/migara/.vscode/extensions/ms-python.debugpy-2026.6.0-linux-x64/.noConfigDebugAdapterEndpoints/endpoint-cc86d65d47475ee0.txt', 'LANG': 'en_US.UTF-8', 'XDG_CURRENT_DESKTOP': 'ubuntu:GNOME', 'PYTHONSTARTUP': '/home/migara/.config/Code/User/workspaceStorage/2bc685d118bec20692d9a2441cb3692b/ms-python.python/pythonrc.py', 'XMODIFIERS': '@im=ibus', 'XDG_SESSION_DESKTOP': 'ubuntu', 'XAUTHORITY': '/run/user/1000/.mutter-Xwaylandauth.UCUHV3', 'VSCODE_GIT_IPC_HANDLE': '/run/user/1000/vscode-git-c89506f075.sock', 'GNOME_TERMINAL_SERVICE': ':1.103', 'TERM_PROGRAM': 'vscode', 'SSH_AUTH_SOCK': '/run/user/1000/keyring/ssh', 'AMENT_PREFIX_PATH': '/home/migara/robot_ws/install/arm_description:/home/migara/robot_ws/install/arm_hardware_bridge:/home/migara/robot_ws/install/arm_moveit_config:/opt/ros/jazzy', 'SHELL': '/bin/bash', 'QT_ACCESSIBILITY': '1', 'GDMSESSION': 'ubuntu', 'ROS_AUTOMATIC_DISCOVERY_RANGE': 'SUBNET', 'VSCODE_GIT_ASKPASS_EXTRA_ARGS': '', 'QT_IM_MODULE': 'ibus', 'PWD': '/home/migara/robot_ws/build/arm_hardware_bridge', 'QT_QPA_PLATFORM': 'xcb', 'LC_ALL': 'en_US.UTF-8', 'XDG_CONFIG_DIRS': '/etc/xdg/xdg-ubuntu:/etc/xdg', 'DBUS_STARTER_ADDRESS': 'unix:path=/run/user/1000/bus,guid=d34c4f07519f5820e555c4e16aaac043', 'XDG_DATA_DIRS': '/usr/share/ubuntu:/usr/share/gnome:/usr/local/share/:/usr/share/:/var/lib/snapd/desktop', 'PYTHONPATH': '/home/migara/robot_ws/build/arm_hardware_bridge/prefix_override:/usr/lib/python3/dist-packages/colcon_core/task/python/colcon_distutils_commands:/home/migara/robot_ws/install/arm_hardware_bridge/lib/python3.12/site-packages:/home/migara/robot_ws/build/arm_description:/home/migara/robot_ws/install/arm_description/lib/python3.12/site-packages:/home/migara/robot_ws/install/arm_hardware_bridge/lib/python3.12/site-packages:/opt/ros/jazzy/opt/gz_sim_vendor/lib/python:/opt/ros/jazzy/opt/sdformat_vendor/lib/python:/opt/ros/jazzy/opt/gz_transport_vendor/lib/python:/opt/ros/jazzy/opt/gz_msgs_vendor/lib/python:/opt/ros/jazzy/opt/gz_math_vendor/lib/python:/opt/ros/jazzy/lib/python3.12/site-packages', 'COLCON': '1', 'MEMORY_PRESSURE_WRITE': 'c29tZSAyMDAwMDAgMjAwMDAwMAA=', 'VTE_VERSION': '7600', 'CMAKE_PREFIX_PATH': '/home/migara/robot_ws/install/arm_moveit_config:/opt/ros/jazzy/opt/gz_sim_vendor:/opt/ros/jazzy/opt/gz_sensors_vendor:/opt/ros/jazzy/opt/gz_physics_vendor:/opt/ros/jazzy/opt/sdformat_vendor:/opt/ros/jazzy/opt/gz_gui_vendor:/opt/ros/jazzy/opt/gz_transport_vendor:/opt/ros/jazzy/opt/gz_rendering_vendor:/opt/ros/jazzy/opt/gz_plugin_vendor:/opt/ros/jazzy/opt/gz_fuel_tools_vendor:/opt/ros/jazzy/opt/gz_msgs_vendor:/opt/ros/jazzy/opt/gz_common_vendor:/opt/ros/jazzy/opt/gz_math_vendor:/opt/ros/jazzy/opt/gz_utils_vendor:/opt/ros/jazzy/opt/gz_tools_vendor:/opt/ros/jazzy/opt/gz_ogre_next_vendor:/opt/ros/jazzy/opt/gz_dartsim_vendor:/opt/ros/jazzy/opt/gz_cmake_vendor'}), 'shell': False}
[1.813708] (-) TimerEvent: {}
[1.914008] (-) TimerEvent: {}
[2.014409] (-) TimerEvent: {}
[2.115538] (-) TimerEvent: {}
[2.215887] (-) TimerEvent: {}
[2.286027] (arm_hardware_bridge) StdoutLine: {'line': b'running egg_info\n'}
[2.315999] (-) TimerEvent: {}
[2.336043] (arm_hardware_bridge) StdoutLine: {'line': b'writing ../../build/arm_hardware_bridge/arm_hardware_bridge.egg-info/PKG-INFO\n'}
[2.336544] (arm_hardware_bridge) StdoutLine: {'line': b'writing dependency_links to ../../build/arm_hardware_bridge/arm_hardware_bridge.egg-info/dependency_links.txt\n'}
[2.336944] (arm_hardware_bridge) StdoutLine: {'line': b'writing entry points to ../../build/arm_hardware_bridge/arm_hardware_bridge.egg-info/entry_points.txt\n'}
[2.337399] (arm_hardware_bridge) StdoutLine: {'line': b'writing requirements to ../../build/arm_hardware_bridge/arm_hardware_bridge.egg-info/requires.txt\n'}
[2.337932] (arm_hardware_bridge) StdoutLine: {'line': b'writing top-level names to ../../build/arm_hardware_bridge/arm_hardware_bridge.egg-info/top_level.txt\n'}
[2.416110] (-) TimerEvent: {}
[2.434605] (arm_hardware_bridge) StdoutLine: {'line': b"reading manifest file '../../build/arm_hardware_bridge/arm_hardware_bridge.egg-info/SOURCES.txt'\n"}
[2.435678] (arm_hardware_bridge) StdoutLine: {'line': b"writing manifest file '../../build/arm_hardware_bridge/arm_hardware_bridge.egg-info/SOURCES.txt'\n"}
[2.436015] (arm_hardware_bridge) StdoutLine: {'line': b'running build\n'}
[2.436210] (arm_hardware_bridge) StdoutLine: {'line': b'running build_py\n'}
[2.436435] (arm_hardware_bridge) StdoutLine: {'line': b'running install\n'}
[2.446029] (arm_hardware_bridge) StdoutLine: {'line': b'running install_lib\n'}
[2.477246] (arm_hardware_bridge) StdoutLine: {'line': b'running install_data\n'}
[2.477553] (arm_hardware_bridge) StdoutLine: {'line': b'running install_egg_info\n'}
[2.508258] (arm_hardware_bridge) StdoutLine: {'line': b"removing '/home/migara/robot_ws/install/arm_hardware_bridge/lib/python3.12/site-packages/arm_hardware_bridge-0.0.0-py3.12.egg-info' (and everything under it)\n"}
[2.508607] (arm_hardware_bridge) StdoutLine: {'line': b'Copying ../../build/arm_hardware_bridge/arm_hardware_bridge.egg-info to /home/migara/robot_ws/install/arm_hardware_bridge/lib/python3.12/site-packages/arm_hardware_bridge-0.0.0-py3.12.egg-info\n'}
[2.509871] (arm_hardware_bridge) StdoutLine: {'line': b'running install_scripts\n'}
[2.516207] (-) TimerEvent: {}
[2.616470] (-) TimerEvent: {}
[2.716546] (arm_hardware_bridge) StdoutLine: {'line': b'Installing hardware_bridge_node script to /home/migara/robot_ws/install/arm_hardware_bridge/lib/arm_hardware_bridge\n'}
[2.716816] (-) TimerEvent: {}
[2.717096] (arm_hardware_bridge) StdoutLine: {'line': b"writing list of installed files to '/home/migara/robot_ws/build/arm_hardware_bridge/install.log'\n"}
[2.766526] (arm_hardware_bridge) CommandEnded: {'returncode': 0}
[2.779954] (arm_hardware_bridge) JobEnded: {'identifier': 'arm_hardware_bridge', 'rc': 0}
[2.781258] (-) EventReactorShutdown: {}
