[0.274s] DEBUG:colcon:Command line arguments: ['/usr/bin/colcon', 'build', '--packages-select', 'arm_hardware_bridge']
[0.274s] DEBUG:colcon:Parsed command line arguments: Namespace(log_base=None, log_level=None, verb_name='build', build_base='build', install_base='install', merge_install=False, symlink_install=False, test_result_base=None, continue_on_error=False, executor='parallel', parallel_workers=4, event_handlers=None, ignore_user_meta=False, metas=['./colcon.meta'], base_paths=['.'], packages_ignore=None, packages_ignore_regex=None, paths=None, packages_up_to=None, packages_up_to_regex=None, packages_above=None, packages_above_and_dependencies=None, packages_above_depth=None, packages_select_by_dep=None, packages_skip_by_dep=None, packages_skip_up_to=None, packages_select_build_failed=False, packages_skip_build_finished=False, packages_select_test_failures=False, packages_skip_test_passed=False, packages_select=['arm_hardware_bridge'], packages_skip=None, packages_select_regex=None, packages_skip_regex=None, packages_start=None, packages_end=None, allow_overriding=[], cmake_args=None, cmake_target=None, cmake_target_skip_unavailable=False, cmake_clean_cache=False, cmake_clean_first=False, cmake_force_configure=False, ament_cmake_args=None, catkin_cmake_args=None, catkin_skip_building_tests=False, mixin_files=None, mixin=None, verb_parser=<colcon_mixin.mixin.mixin_argument.MixinArgumentDecorator object at 0x79a651baa210>, verb_extension=<colcon_core.verb.build.BuildVerb object at 0x79a651da2240>, main=<bound method BuildVerb.main of <colcon_core.verb.build.BuildVerb object at 0x79a651da2240>>, mixin_verb=('build',))
[0.358s] Level 1:colcon.colcon_core.package_discovery:discover_packages(colcon_meta) check parameters
[0.358s] Level 1:colcon.colcon_core.package_discovery:discover_packages(recursive) check parameters
[0.358s] Level 1:colcon.colcon_core.package_discovery:discover_packages(ignore) check parameters
[0.359s] Level 1:colcon.colcon_core.package_discovery:discover_packages(path) check parameters
[0.359s] Level 1:colcon.colcon_core.package_discovery:discover_packages(colcon_meta) discover
[0.359s] Level 1:colcon.colcon_core.package_discovery:discover_packages(recursive) discover
[0.359s] INFO:colcon.colcon_core.package_discovery:Crawling recursively for packages in '/home/migara/robot_ws'
[0.359s] Level 1:colcon.colcon_core.package_identification:_identify(.) by extensions ['ignore', 'ignore_ament_install']
[0.360s] Level 1:colcon.colcon_core.package_identification:_identify(.) by extension 'ignore'
[0.360s] Level 1:colcon.colcon_core.package_identification:_identify(.) by extension 'ignore_ament_install'
[0.360s] Level 1:colcon.colcon_core.package_identification:_identify(.) by extensions ['colcon_pkg']
[0.360s] Level 1:colcon.colcon_core.package_identification:_identify(.) by extension 'colcon_pkg'
[0.360s] Level 1:colcon.colcon_core.package_identification:_identify(.) by extensions ['colcon_meta']
[0.360s] Level 1:colcon.colcon_core.package_identification:_identify(.) by extension 'colcon_meta'
[0.360s] Level 1:colcon.colcon_core.package_identification:_identify(.) by extensions ['ros']
[0.360s] Level 1:colcon.colcon_core.package_identification:_identify(.) by extension 'ros'
[0.421s] Level 1:colcon.colcon_core.package_identification:_identify(.) by extensions ['cmake', 'python']
[0.421s] Level 1:colcon.colcon_core.package_identification:_identify(.) by extension 'cmake'
[0.421s] Level 1:colcon.colcon_core.package_identification:_identify(.) by extension 'python'
[0.421s] Level 1:colcon.colcon_core.package_identification:_identify(.) by extensions ['python_setup_py']
[0.421s] Level 1:colcon.colcon_core.package_identification:_identify(.) by extension 'python_setup_py'
[0.422s] Level 1:colcon.colcon_core.package_identification:_identify(build) by extensions ['ignore', 'ignore_ament_install']
[0.422s] Level 1:colcon.colcon_core.package_identification:_identify(build) by extension 'ignore'
[0.422s] Level 1:colcon.colcon_core.package_identification:_identify(build) ignored
[0.422s] Level 1:colcon.colcon_core.package_identification:_identify(install) by extensions ['ignore', 'ignore_ament_install']
[0.423s] Level 1:colcon.colcon_core.package_identification:_identify(install) by extension 'ignore'
[0.423s] Level 1:colcon.colcon_core.package_identification:_identify(install) ignored
[0.423s] Level 1:colcon.colcon_core.package_identification:_identify(log) by extensions ['ignore', 'ignore_ament_install']
[0.423s] Level 1:colcon.colcon_core.package_identification:_identify(log) by extension 'ignore'
[0.423s] Level 1:colcon.colcon_core.package_identification:_identify(log) ignored
[0.423s] Level 1:colcon.colcon_core.package_identification:_identify(src) by extensions ['ignore', 'ignore_ament_install']
[0.424s] Level 1:colcon.colcon_core.package_identification:_identify(src) by extension 'ignore'
[0.424s] Level 1:colcon.colcon_core.package_identification:_identify(src) by extension 'ignore_ament_install'
[0.424s] Level 1:colcon.colcon_core.package_identification:_identify(src) by extensions ['colcon_pkg']
[0.424s] Level 1:colcon.colcon_core.package_identification:_identify(src) by extension 'colcon_pkg'
[0.424s] Level 1:colcon.colcon_core.package_identification:_identify(src) by extensions ['colcon_meta']
[0.424s] Level 1:colcon.colcon_core.package_identification:_identify(src) by extension 'colcon_meta'
[0.424s] Level 1:colcon.colcon_core.package_identification:_identify(src) by extensions ['ros']
[0.424s] Level 1:colcon.colcon_core.package_identification:_identify(src) by extension 'ros'
[0.424s] Level 1:colcon.colcon_core.package_identification:_identify(src) by extensions ['cmake', 'python']
[0.425s] Level 1:colcon.colcon_core.package_identification:_identify(src) by extension 'cmake'
[0.425s] Level 1:colcon.colcon_core.package_identification:_identify(src) by extension 'python'
[0.425s] Level 1:colcon.colcon_core.package_identification:_identify(src) by extensions ['python_setup_py']
[0.425s] Level 1:colcon.colcon_core.package_identification:_identify(src) by extension 'python_setup_py'
[0.425s] Level 1:colcon.colcon_core.package_identification:_identify(src/arduino_robot_code) by extensions ['ignore', 'ignore_ament_install']
[0.426s] Level 1:colcon.colcon_core.package_identification:_identify(src/arduino_robot_code) by extension 'ignore'
[0.426s] Level 1:colcon.colcon_core.package_identification:_identify(src/arduino_robot_code) by extension 'ignore_ament_install'
[0.426s] Level 1:colcon.colcon_core.package_identification:_identify(src/arduino_robot_code) by extensions ['colcon_pkg']
[0.426s] Level 1:colcon.colcon_core.package_identification:_identify(src/arduino_robot_code) by extension 'colcon_pkg'
[0.426s] Level 1:colcon.colcon_core.package_identification:_identify(src/arduino_robot_code) by extensions ['colcon_meta']
[0.426s] Level 1:colcon.colcon_core.package_identification:_identify(src/arduino_robot_code) by extension 'colcon_meta'
[0.426s] Level 1:colcon.colcon_core.package_identification:_identify(src/arduino_robot_code) by extensions ['ros']
[0.426s] Level 1:colcon.colcon_core.package_identification:_identify(src/arduino_robot_code) by extension 'ros'
[0.427s] Level 1:colcon.colcon_core.package_identification:_identify(src/arduino_robot_code) by extensions ['cmake', 'python']
[0.427s] Level 1:colcon.colcon_core.package_identification:_identify(src/arduino_robot_code) by extension 'cmake'
[0.427s] Level 1:colcon.colcon_core.package_identification:_identify(src/arduino_robot_code) by extension 'python'
[0.427s] Level 1:colcon.colcon_core.package_identification:_identify(src/arduino_robot_code) by extensions ['python_setup_py']
[0.427s] Level 1:colcon.colcon_core.package_identification:_identify(src/arduino_robot_code) by extension 'python_setup_py'
[0.428s] Level 1:colcon.colcon_core.package_identification:_identify(src/arm_description) by extensions ['ignore', 'ignore_ament_install']
[0.428s] Level 1:colcon.colcon_core.package_identification:_identify(src/arm_description) by extension 'ignore'
[0.428s] Level 1:colcon.colcon_core.package_identification:_identify(src/arm_description) by extension 'ignore_ament_install'
[0.428s] Level 1:colcon.colcon_core.package_identification:_identify(src/arm_description) by extensions ['colcon_pkg']
[0.428s] Level 1:colcon.colcon_core.package_identification:_identify(src/arm_description) by extension 'colcon_pkg'
[0.428s] Level 1:colcon.colcon_core.package_identification:_identify(src/arm_description) by extensions ['colcon_meta']
[0.429s] Level 1:colcon.colcon_core.package_identification:_identify(src/arm_description) by extension 'colcon_meta'
[0.429s] Level 1:colcon.colcon_core.package_identification:_identify(src/arm_description) by extensions ['ros']
[0.429s] Level 1:colcon.colcon_core.package_identification:_identify(src/arm_description) by extension 'ros'
[0.433s] DEBUG:colcon.colcon_core.package_identification:Package 'src/arm_description' with type 'ros.ament_python' and name 'arm_description'
[0.434s] Level 1:colcon.colcon_core.package_identification:_identify(src/arm_hardware_bridge) by extensions ['ignore', 'ignore_ament_install']
[0.434s] Level 1:colcon.colcon_core.package_identification:_identify(src/arm_hardware_bridge) by extension 'ignore'
[0.434s] Level 1:colcon.colcon_core.package_identification:_identify(src/arm_hardware_bridge) by extension 'ignore_ament_install'
[0.435s] Level 1:colcon.colcon_core.package_identification:_identify(src/arm_hardware_bridge) by extensions ['colcon_pkg']
[0.435s] Level 1:colcon.colcon_core.package_identification:_identify(src/arm_hardware_bridge) by extension 'colcon_pkg'
[0.435s] Level 1:colcon.colcon_core.package_identification:_identify(src/arm_hardware_bridge) by extensions ['colcon_meta']
[0.435s] Level 1:colcon.colcon_core.package_identification:_identify(src/arm_hardware_bridge) by extension 'colcon_meta'
[0.435s] Level 1:colcon.colcon_core.package_identification:_identify(src/arm_hardware_bridge) by extensions ['ros']
[0.435s] Level 1:colcon.colcon_core.package_identification:_identify(src/arm_hardware_bridge) by extension 'ros'
[0.437s] DEBUG:colcon.colcon_core.package_identification:Package 'src/arm_hardware_bridge' with type 'ros.ament_python' and name 'arm_hardware_bridge'
[0.438s] Level 1:colcon.colcon_core.package_identification:_identify(src/arm_moveit_config) by extensions ['ignore', 'ignore_ament_install']
[0.438s] Level 1:colcon.colcon_core.package_identification:_identify(src/arm_moveit_config) by extension 'ignore'
[0.438s] Level 1:colcon.colcon_core.package_identification:_identify(src/arm_moveit_config) by extension 'ignore_ament_install'
[0.438s] Level 1:colcon.colcon_core.package_identification:_identify(src/arm_moveit_config) by extensions ['colcon_pkg']
[0.438s] Level 1:colcon.colcon_core.package_identification:_identify(src/arm_moveit_config) by extension 'colcon_pkg'
[0.438s] Level 1:colcon.colcon_core.package_identification:_identify(src/arm_moveit_config) by extensions ['colcon_meta']
[0.439s] Level 1:colcon.colcon_core.package_identification:_identify(src/arm_moveit_config) by extension 'colcon_meta'
[0.439s] Level 1:colcon.colcon_core.package_identification:_identify(src/arm_moveit_config) by extensions ['ros']
[0.439s] Level 1:colcon.colcon_core.package_identification:_identify(src/arm_moveit_config) by extension 'ros'
[0.441s] DEBUG:colcon.colcon_core.package_identification:Package 'src/arm_moveit_config' with type 'ros.ament_cmake' and name 'arm_moveit_config'
[0.441s] Level 1:colcon.colcon_core.package_identification:_identify(src/calibaration) by extensions ['ignore', 'ignore_ament_install']
[0.441s] Level 1:colcon.colcon_core.package_identification:_identify(src/calibaration) by extension 'ignore'
[0.442s] Level 1:colcon.colcon_core.package_identification:_identify(src/calibaration) by extension 'ignore_ament_install'
[0.442s] Level 1:colcon.colcon_core.package_identification:_identify(src/calibaration) by extensions ['colcon_pkg']
[0.442s] Level 1:colcon.colcon_core.package_identification:_identify(src/calibaration) by extension 'colcon_pkg'
[0.442s] Level 1:colcon.colcon_core.package_identification:_identify(src/calibaration) by extensions ['colcon_meta']
[0.442s] Level 1:colcon.colcon_core.package_identification:_identify(src/calibaration) by extension 'colcon_meta'
[0.443s] Level 1:colcon.colcon_core.package_identification:_identify(src/calibaration) by extensions ['ros']
[0.443s] Level 1:colcon.colcon_core.package_identification:_identify(src/calibaration) by extension 'ros'
[0.443s] Level 1:colcon.colcon_core.package_identification:_identify(src/calibaration) by extensions ['cmake', 'python']
[0.443s] Level 1:colcon.colcon_core.package_identification:_identify(src/calibaration) by extension 'cmake'
[0.443s] Level 1:colcon.colcon_core.package_identification:_identify(src/calibaration) by extension 'python'
[0.443s] Level 1:colcon.colcon_core.package_identification:_identify(src/calibaration) by extensions ['python_setup_py']
[0.443s] Level 1:colcon.colcon_core.package_identification:_identify(src/calibaration) by extension 'python_setup_py'
[0.444s] Level 1:colcon.colcon_core.package_identification:_identify(src/sketch_sep17a) by extensions ['ignore', 'ignore_ament_install']
[0.444s] Level 1:colcon.colcon_core.package_identification:_identify(src/sketch_sep17a) by extension 'ignore'
[0.444s] Level 1:colcon.colcon_core.package_identification:_identify(src/sketch_sep17a) by extension 'ignore_ament_install'
[0.445s] Level 1:colcon.colcon_core.package_identification:_identify(src/sketch_sep17a) by extensions ['colcon_pkg']
[0.445s] Level 1:colcon.colcon_core.package_identification:_identify(src/sketch_sep17a) by extension 'colcon_pkg'
[0.445s] Level 1:colcon.colcon_core.package_identification:_identify(src/sketch_sep17a) by extensions ['colcon_meta']
[0.445s] Level 1:colcon.colcon_core.package_identification:_identify(src/sketch_sep17a) by extension 'colcon_meta'
[0.445s] Level 1:colcon.colcon_core.package_identification:_identify(src/sketch_sep17a) by extensions ['ros']
[0.445s] Level 1:colcon.colcon_core.package_identification:_identify(src/sketch_sep17a) by extension 'ros'
[0.446s] Level 1:colcon.colcon_core.package_identification:_identify(src/sketch_sep17a) by extensions ['cmake', 'python']
[0.446s] Level 1:colcon.colcon_core.package_identification:_identify(src/sketch_sep17a) by extension 'cmake'
[0.446s] Level 1:colcon.colcon_core.package_identification:_identify(src/sketch_sep17a) by extension 'python'
[0.446s] Level 1:colcon.colcon_core.package_identification:_identify(src/sketch_sep17a) by extensions ['python_setup_py']
[0.446s] Level 1:colcon.colcon_core.package_identification:_identify(src/sketch_sep17a) by extension 'python_setup_py'
[0.446s] Level 1:colcon.colcon_core.package_discovery:discover_packages(recursive) using defaults
[0.447s] Level 1:colcon.colcon_core.package_discovery:discover_packages(ignore) discover
[0.447s] Level 1:colcon.colcon_core.package_discovery:discover_packages(ignore) using defaults
[0.447s] Level 1:colcon.colcon_core.package_discovery:discover_packages(path) discover
[0.447s] Level 1:colcon.colcon_core.package_discovery:discover_packages(path) using defaults
[0.488s] INFO:colcon.colcon_core.package_selection:Skipping not selected package 'arm_description' in 'src/arm_description'
[0.488s] INFO:colcon.colcon_core.package_selection:Skipping not selected package 'arm_moveit_config' in 'src/arm_moveit_config'
[0.489s] Level 1:colcon.colcon_core.package_discovery:discover_packages(prefix_path) check parameters
[0.490s] Level 1:colcon.colcon_core.package_discovery:discover_packages(prefix_path) discover
[0.494s] DEBUG:colcon.colcon_installed_package_information.package_discovery:Found 3 installed packages in /home/migara/robot_ws/install
[0.498s] DEBUG:colcon.colcon_installed_package_information.package_discovery:Found 418 installed packages in /opt/ros/jazzy
[0.503s] Level 1:colcon.colcon_core.package_discovery:discover_packages(prefix_path) using defaults
[0.640s] Level 5:colcon.colcon_core.verb:set package 'arm_hardware_bridge' build argument 'cmake_args' from command line to 'None'
[0.641s] Level 5:colcon.colcon_core.verb:set package 'arm_hardware_bridge' build argument 'cmake_target' from command line to 'None'
[0.641s] Level 5:colcon.colcon_core.verb:set package 'arm_hardware_bridge' build argument 'cmake_target_skip_unavailable' from command line to 'False'
[0.641s] Level 5:colcon.colcon_core.verb:set package 'arm_hardware_bridge' build argument 'cmake_clean_cache' from command line to 'False'
[0.641s] Level 5:colcon.colcon_core.verb:set package 'arm_hardware_bridge' build argument 'cmake_clean_first' from command line to 'False'
[0.641s] Level 5:colcon.colcon_core.verb:set package 'arm_hardware_bridge' build argument 'cmake_force_configure' from command line to 'False'
[0.641s] Level 5:colcon.colcon_core.verb:set package 'arm_hardware_bridge' build argument 'ament_cmake_args' from command line to 'None'
[0.641s] Level 5:colcon.colcon_core.verb:set package 'arm_hardware_bridge' build argument 'catkin_cmake_args' from command line to 'None'
[0.641s] Level 5:colcon.colcon_core.verb:set package 'arm_hardware_bridge' build argument 'catkin_skip_building_tests' from command line to 'False'
[0.641s] DEBUG:colcon.colcon_core.verb:Building package 'arm_hardware_bridge' with the following arguments: {'ament_cmake_args': None, 'build_base': '/home/migara/robot_ws/build/arm_hardware_bridge', 'catkin_cmake_args': None, 'catkin_skip_building_tests': False, 'cmake_args': None, 'cmake_clean_cache': False, 'cmake_clean_first': False, 'cmake_force_configure': False, 'cmake_target': None, 'cmake_target_skip_unavailable': False, 'install_base': '/home/migara/robot_ws/install/arm_hardware_bridge', 'merge_install': False, 'path': '/home/migara/robot_ws/src/arm_hardware_bridge', 'symlink_install': False, 'test_result_base': None}
[0.642s] INFO:colcon.colcon_core.executor:Executing jobs using 'parallel' executor
[0.644s] DEBUG:colcon.colcon_parallel_executor.executor.parallel:run_until_complete
[0.644s] INFO:colcon.colcon_ros.task.ament_python.build:Building ROS package in '/home/migara/robot_ws/src/arm_hardware_bridge' with build type 'ament_python'
[0.644s] Level 1:colcon.colcon_core.shell:create_environment_hook('arm_hardware_bridge', 'ament_prefix_path')
[0.649s] INFO:colcon.colcon_core.plugin_system:Skipping extension 'colcon_core.shell.bat': Not used on non-Windows systems
[0.650s] INFO:colcon.colcon_core.shell:Creating environment hook '/home/migara/robot_ws/install/arm_hardware_bridge/share/arm_hardware_bridge/hook/ament_prefix_path.ps1'
[0.652s] INFO:colcon.colcon_core.shell:Creating environment descriptor '/home/migara/robot_ws/install/arm_hardware_bridge/share/arm_hardware_bridge/hook/ament_prefix_path.dsv'
[0.653s] INFO:colcon.colcon_core.shell:Creating environment hook '/home/migara/robot_ws/install/arm_hardware_bridge/share/arm_hardware_bridge/hook/ament_prefix_path.sh'
[0.654s] INFO:colcon.colcon_core.shell:Skip shell extension 'powershell' for command environment: Not usable outside of PowerShell
[0.655s] DEBUG:colcon.colcon_core.shell:Skip shell extension 'dsv' for command environment
[1.067s] INFO:colcon.colcon_core.task.python.build:Building Python package in '/home/migara/robot_ws/src/arm_hardware_bridge'
[1.068s] INFO:colcon.colcon_core.shell:Skip shell extension 'powershell' for command environment: Not usable outside of PowerShell
[1.068s] DEBUG:colcon.colcon_core.shell:Skip shell extension 'dsv' for command environment
[2.404s] DEBUG:colcon.colcon_core.task.python.build:Available setuptools commands: develop, dist_info, build_ext, alias, clean, register, install_data, install, build_scripts, editable_wheel, bdist, compile_catalog, symlink_data, egg_info, sdist, easy_install, install_lib, build, saveopts, bdist_rpm, bdist_egg, extract_messages, bdist_dumb, test, upload_docs, check, rotate, init_catalog, setopt, install_scripts, build_clib, install_headers, upload, install_egg_info, bdist_wheel, update_catalog, build_py
[2.407s] DEBUG:colcon.colcon_core.event_handler.log_command:Invoking command in '/home/migara/robot_ws/src/arm_hardware_bridge': AMENT_PREFIX_PATH=/home/migara/robot_ws/install/arm_description:/home/migara/robot_ws/install/arm_hardware_bridge:/home/migara/robot_ws/install/arm_moveit_config:/opt/ros/jazzy DEBUGINFOD_URLS=https://debuginfod.ubuntu.com PYTHONPATH=/home/migara/robot_ws/build/arm_hardware_bridge/prefix_override:/usr/lib/python3/dist-packages/colcon_core/task/python/colcon_distutils_commands:/home/migara/robot_ws/install/arm_hardware_bridge/lib/python3.12/site-packages:/home/migara/robot_ws/build/arm_description:/home/migara/robot_ws/install/arm_description/lib/python3.12/site-packages:/home/migara/robot_ws/install/arm_hardware_bridge/lib/python3.12/site-packages:/opt/ros/jazzy/opt/gz_sim_vendor/lib/python:/opt/ros/jazzy/opt/sdformat_vendor/lib/python:/opt/ros/jazzy/opt/gz_transport_vendor/lib/python:/opt/ros/jazzy/opt/gz_msgs_vendor/lib/python:/opt/ros/jazzy/opt/gz_math_vendor/lib/python:/opt/ros/jazzy/lib/python3.12/site-packages /usr/bin/python3 -W ignore:setup.py install is deprecated -W ignore:easy_install command is deprecated setup.py egg_info --egg-base ../../build/arm_hardware_bridge build --build-base /home/migara/robot_ws/build/arm_hardware_bridge/build install --record /home/migara/robot_ws/build/arm_hardware_bridge/install.log --install-scripts $base/lib/arm_hardware_bridge --single-version-externally-managed install_data
[3.410s] DEBUG:colcon.colcon_core.event_handler.log_command:Invoked command in '/home/migara/robot_ws/src/arm_hardware_bridge' returned '0': AMENT_PREFIX_PATH=/home/migara/robot_ws/install/arm_description:/home/migara/robot_ws/install/arm_hardware_bridge:/home/migara/robot_ws/install/arm_moveit_config:/opt/ros/jazzy DEBUGINFOD_URLS=https://debuginfod.ubuntu.com PYTHONPATH=/home/migara/robot_ws/build/arm_hardware_bridge/prefix_override:/usr/lib/python3/dist-packages/colcon_core/task/python/colcon_distutils_commands:/home/migara/robot_ws/install/arm_hardware_bridge/lib/python3.12/site-packages:/home/migara/robot_ws/build/arm_description:/home/migara/robot_ws/install/arm_description/lib/python3.12/site-packages:/home/migara/robot_ws/install/arm_hardware_bridge/lib/python3.12/site-packages:/opt/ros/jazzy/opt/gz_sim_vendor/lib/python:/opt/ros/jazzy/opt/sdformat_vendor/lib/python:/opt/ros/jazzy/opt/gz_transport_vendor/lib/python:/opt/ros/jazzy/opt/gz_msgs_vendor/lib/python:/opt/ros/jazzy/opt/gz_math_vendor/lib/python:/opt/ros/jazzy/lib/python3.12/site-packages /usr/bin/python3 -W ignore:setup.py install is deprecated -W ignore:easy_install command is deprecated setup.py egg_info --egg-base ../../build/arm_hardware_bridge build --build-base /home/migara/robot_ws/build/arm_hardware_bridge/build install --record /home/migara/robot_ws/build/arm_hardware_bridge/install.log --install-scripts $base/lib/arm_hardware_bridge --single-version-externally-managed install_data
[3.413s] Level 1:colcon.colcon_core.environment:checking '/home/migara/robot_ws/install/arm_hardware_bridge' for CMake module files
[3.413s] Level 1:colcon.colcon_core.environment:checking '/home/migara/robot_ws/install/arm_hardware_bridge' for CMake config files
[3.414s] Level 1:colcon.colcon_core.environment:checking '/home/migara/robot_ws/install/arm_hardware_bridge/lib'
[3.414s] Level 1:colcon.colcon_core.environment:checking '/home/migara/robot_ws/install/arm_hardware_bridge/bin'
[3.414s] Level 1:colcon.colcon_core.environment:checking '/home/migara/robot_ws/install/arm_hardware_bridge/lib/pkgconfig/arm_hardware_bridge.pc'
[3.415s] Level 1:colcon.colcon_core.environment:checking '/home/migara/robot_ws/install/arm_hardware_bridge/lib/python3.12/site-packages'
[3.415s] Level 1:colcon.colcon_core.shell:create_environment_hook('arm_hardware_bridge', 'pythonpath')
[3.415s] INFO:colcon.colcon_core.shell:Creating environment hook '/home/migara/robot_ws/install/arm_hardware_bridge/share/arm_hardware_bridge/hook/pythonpath.ps1'
[3.416s] INFO:colcon.colcon_core.shell:Creating environment descriptor '/home/migara/robot_ws/install/arm_hardware_bridge/share/arm_hardware_bridge/hook/pythonpath.dsv'
[3.416s] INFO:colcon.colcon_core.shell:Creating environment hook '/home/migara/robot_ws/install/arm_hardware_bridge/share/arm_hardware_bridge/hook/pythonpath.sh'
[3.418s] Level 1:colcon.colcon_core.environment:checking '/home/migara/robot_ws/install/arm_hardware_bridge/bin'
[3.418s] Level 1:colcon.colcon_core.environment:create_environment_scripts_only(arm_hardware_bridge)
[3.418s] INFO:colcon.colcon_core.shell:Creating package script '/home/migara/robot_ws/install/arm_hardware_bridge/share/arm_hardware_bridge/package.ps1'
[3.419s] INFO:colcon.colcon_core.shell:Creating package descriptor '/home/migara/robot_ws/install/arm_hardware_bridge/share/arm_hardware_bridge/package.dsv'
[3.420s] INFO:colcon.colcon_core.shell:Creating package script '/home/migara/robot_ws/install/arm_hardware_bridge/share/arm_hardware_bridge/package.sh'
[3.421s] INFO:colcon.colcon_core.shell:Creating package script '/home/migara/robot_ws/install/arm_hardware_bridge/share/arm_hardware_bridge/package.bash'
[3.422s] INFO:colcon.colcon_core.shell:Creating package script '/home/migara/robot_ws/install/arm_hardware_bridge/share/arm_hardware_bridge/package.zsh'
[3.422s] Level 1:colcon.colcon_core.environment:create_file_with_runtime_dependencies(/home/migara/robot_ws/install/arm_hardware_bridge/share/colcon-core/packages/arm_hardware_bridge)
[3.423s] DEBUG:colcon.colcon_parallel_executor.executor.parallel:closing loop
[3.423s] DEBUG:colcon.colcon_parallel_executor.executor.parallel:loop closed
[3.424s] DEBUG:colcon.colcon_parallel_executor.executor.parallel:run_until_complete finished with '0'
[3.424s] DEBUG:colcon.colcon_core.event_reactor:joining thread
[3.432s] INFO:colcon.colcon_core.plugin_system:Skipping extension 'colcon_notification.desktop_notification.terminal_notifier': Not used on non-Darwin systems
[3.432s] INFO:colcon.colcon_core.plugin_system:Skipping extension 'colcon_notification.desktop_notification.win32': Not used on non-Windows systems
[3.432s] INFO:colcon.colcon_notification.desktop_notification:Sending desktop notification using 'notify2'
[3.454s] DEBUG:colcon.colcon_core.event_reactor:joined thread
[3.455s] INFO:colcon.colcon_core.shell:Creating prefix script '/home/migara/robot_ws/install/local_setup.ps1'
[3.456s] INFO:colcon.colcon_core.shell:Creating prefix util module '/home/migara/robot_ws/install/_local_setup_util_ps1.py'
[3.459s] INFO:colcon.colcon_core.shell:Creating prefix chain script '/home/migara/robot_ws/install/setup.ps1'
[3.463s] INFO:colcon.colcon_core.shell:Creating prefix script '/home/migara/robot_ws/install/local_setup.sh'
[3.464s] INFO:colcon.colcon_core.shell:Creating prefix util module '/home/migara/robot_ws/install/_local_setup_util_sh.py'
[3.465s] INFO:colcon.colcon_core.shell:Creating prefix chain script '/home/migara/robot_ws/install/setup.sh'
[3.467s] INFO:colcon.colcon_core.shell:Creating prefix script '/home/migara/robot_ws/install/local_setup.bash'
[3.467s] INFO:colcon.colcon_core.shell:Creating prefix chain script '/home/migara/robot_ws/install/setup.bash'
[3.469s] INFO:colcon.colcon_core.shell:Creating prefix script '/home/migara/robot_ws/install/local_setup.zsh'
[3.470s] INFO:colcon.colcon_core.shell:Creating prefix chain script '/home/migara/robot_ws/install/setup.zsh'
