running develop
running egg_info
creating arm_description.egg-info
writing arm_description.egg-info/PKG-INFO
writing dependency_links to arm_description.egg-info/dependency_links.txt
writing requirements to arm_description.egg-info/requires.txt
writing top-level names to arm_description.egg-info/top_level.txt
writing manifest file 'arm_description.egg-info/SOURCES.txt'
reading manifest file 'arm_description.egg-info/SOURCES.txt'
writing manifest file 'arm_description.egg-info/SOURCES.txt'
running build_ext
Creating /home/migara/robot_ws/install/arm_description/lib/python3.12/site-packages/arm-description.egg-link (link to .)

Installed /home/migara/robot_ws/build/arm_description
running symlink_data
creating /home/migara/robot_ws/install/arm_description/share/ament_index
creating /home/migara/robot_ws/install/arm_description/share/ament_index/resource_index
creating /home/migara/robot_ws/install/arm_description/share/ament_index/resource_index/packages
symbolically linking /home/migara/robot_ws/build/arm_description/resource/arm_description -> /home/migara/robot_ws/install/arm_description/share/ament_index/resource_index/packages
symbolically linking /home/migara/robot_ws/build/arm_description/package.xml -> /home/migara/robot_ws/install/arm_description/share/arm_description
creating /home/migara/robot_ws/install/arm_description/share/arm_description/urdf
symbolically linking /home/migara/robot_ws/build/arm_description/urdf/arm.xacro -> /home/migara/robot_ws/install/arm_description/share/arm_description/urdf
creating /home/migara/robot_ws/install/arm_description/share/arm_description/meshes
