[1.361s] Invoking command in '/home/migara/robot_ws/build/arm_hardware_bridge': AMENT_PREFIX_PATH=/home/migara/robot_ws/install/arm_description:/home/migara/robot_ws/install/arm_hardware_bridge:/home/migara/robot_ws/install/arm_moveit_config:/home/migara/robot_ws/install/arm_bringup:/opt/ros/jazzy DEBUGINFOD_URLS=https://debuginfod.ubuntu.com PYTHONPATH=/home/migara/robot_ws/build/arm_hardware_bridge/prefix_override:/usr/lib/python3/dist-packages/colcon_core/task/python/colcon_distutils_commands:/home/migara/robot_ws/install/arm_hardware_bridge/lib/python3.12/site-packages:/home/migara/robot_ws/build/arm_description:/home/migara/robot_ws/install/arm_description/lib/python3.12/site-packages:/home/migara/robot_ws/build/arm_hardware_bridge:/home/migara/robot_ws/install/arm_hardware_bridge/lib/python3.12/site-packages:/home/migara/robot_ws/build/arm_bringup:/home/migara/robot_ws/install/arm_bringup/lib/python3.12/site-packages:/opt/ros/jazzy/opt/gz_sim_vendor/lib/python:/opt/ros/jazzy/opt/sdformat_vendor/lib/python:/opt/ros/jazzy/opt/gz_transport_vendor/lib/python:/opt/ros/jazzy/opt/gz_msgs_vendor/lib/python:/opt/ros/jazzy/opt/gz_math_vendor/lib/python:/opt/ros/jazzy/lib/python3.12/site-packages /usr/bin/python3 -W ignore:setup.py install is deprecated -W ignore:easy_install command is deprecated setup.py develop --uninstall --editable --build-directory /home/migara/robot_ws/build/arm_hardware_bridge/build
[1.855s] running develop
[2.196s] Removing /home/migara/robot_ws/install/arm_hardware_bridge/lib/python3.12/site-packages/arm-hardware-bridge.egg-link (link to .)
[2.249s] Invoked command in '/home/migara/robot_ws/build/arm_hardware_bridge' returned '0': AMENT_PREFIX_PATH=/home/migara/robot_ws/install/arm_description:/home/migara/robot_ws/install/arm_hardware_bridge:/home/migara/robot_ws/install/arm_moveit_config:/home/migara/robot_ws/install/arm_bringup:/opt/ros/jazzy DEBUGINFOD_URLS=https://debuginfod.ubuntu.com PYTHONPATH=/home/migara/robot_ws/build/arm_hardware_bridge/prefix_override:/usr/lib/python3/dist-packages/colcon_core/task/python/colcon_distutils_commands:/home/migara/robot_ws/install/arm_hardware_bridge/lib/python3.12/site-packages:/home/migara/robot_ws/build/arm_description:/home/migara/robot_ws/install/arm_description/lib/python3.12/site-packages:/home/migara/robot_ws/build/arm_hardware_bridge:/home/migara/robot_ws/install/arm_hardware_bridge/lib/python3.12/site-packages:/home/migara/robot_ws/build/arm_bringup:/home/migara/robot_ws/install/arm_bringup/lib/python3.12/site-packages:/opt/ros/jazzy/opt/gz_sim_vendor/lib/python:/opt/ros/jazzy/opt/sdformat_vendor/lib/python:/opt/ros/jazzy/opt/gz_transport_vendor/lib/python:/opt/ros/jazzy/opt/gz_msgs_vendor/lib/python:/opt/ros/jazzy/opt/gz_math_vendor/lib/python:/opt/ros/jazzy/lib/python3.12/site-packages /usr/bin/python3 -W ignore:setup.py install is deprecated -W ignore:easy_install command is deprecated setup.py develop --uninstall --editable --build-directory /home/migara/robot_ws/build/arm_hardware_bridge/build
[2.251s] Invoking command in '/home/migara/robot_ws/src/arm_hardware_bridge': AMENT_PREFIX_PATH=/home/migara/robot_ws/install/arm_description:/home/migara/robot_ws/install/arm_hardware_bridge:/home/migara/robot_ws/install/arm_moveit_config:/home/migara/robot_ws/install/arm_bringup:/opt/ros/jazzy DEBUGINFOD_URLS=https://debuginfod.ubuntu.com PYTHONPATH=/home/migara/robot_ws/build/arm_hardware_bridge/prefix_override:/usr/lib/python3/dist-packages/colcon_core/task/python/colcon_distutils_commands:/home/migara/robot_ws/install/arm_hardware_bridge/lib/python3.12/site-packages:/home/migara/robot_ws/build/arm_description:/home/migara/robot_ws/install/arm_description/lib/python3.12/site-packages:/home/migara/robot_ws/build/arm_hardware_bridge:/home/migara/robot_ws/install/arm_hardware_bridge/lib/python3.12/site-packages:/home/migara/robot_ws/build/arm_bringup:/home/migara/robot_ws/install/arm_bringup/lib/python3.12/site-packages:/opt/ros/jazzy/opt/gz_sim_vendor/lib/python:/opt/ros/jazzy/opt/sdformat_vendor/lib/python:/opt/ros/jazzy/opt/gz_transport_vendor/lib/python:/opt/ros/jazzy/opt/gz_msgs_vendor/lib/python:/opt/ros/jazzy/opt/gz_math_vendor/lib/python:/opt/ros/jazzy/lib/python3.12/site-packages /usr/bin/python3 -W ignore:setup.py install is deprecated -W ignore:easy_install command is deprecated setup.py egg_info --egg-base ../../build/arm_hardware_bridge build --build-base /home/migara/robot_ws/build/arm_hardware_bridge/build install --record /home/migara/robot_ws/build/arm_hardware_bridge/install.log --install-scripts $base/lib/arm_hardware_bridge --single-version-externally-managed install_data --force
[2.660s] running egg_info
[2.690s] writing ../../build/arm_hardware_bridge/arm_hardware_bridge.egg-info/PKG-INFO
[2.691s] writing dependency_links to ../../build/arm_hardware_bridge/arm_hardware_bridge.egg-info/dependency_links.txt
[2.691s] writing entry points to ../../build/arm_hardware_bridge/arm_hardware_bridge.egg-info/entry_points.txt
[2.691s] writing requirements to ../../build/arm_hardware_bridge/arm_hardware_bridge.egg-info/requires.txt
[2.691s] writing top-level names to ../../build/arm_hardware_bridge/arm_hardware_bridge.egg-info/top_level.txt
[2.759s] reading manifest file '../../build/arm_hardware_bridge/arm_hardware_bridge.egg-info/SOURCES.txt'
[2.760s] writing manifest file '../../build/arm_hardware_bridge/arm_hardware_bridge.egg-info/SOURCES.txt'
[2.760s] running build
[2.760s] running build_py
[2.761s] creating /home/migara/robot_ws/build/arm_hardware_bridge/build
[2.761s] creating /home/migara/robot_ws/build/arm_hardware_bridge/build/lib
[2.761s] creating /home/migara/robot_ws/build/arm_hardware_bridge/build/lib/arm_hardware_bridge
[2.762s] copying arm_hardware_bridge/hardware_bridge_node.py -> /home/migara/robot_ws/build/arm_hardware_bridge/build/lib/arm_hardware_bridge
[2.762s] copying arm_hardware_bridge/__init__.py -> /home/migara/robot_ws/build/arm_hardware_bridge/build/lib/arm_hardware_bridge
[2.762s] running install
[2.770s] running install_lib
[2.799s] creating /home/migara/robot_ws/install/arm_hardware_bridge/lib/python3.12/site-packages/arm_hardware_bridge
[2.799s] copying /home/migara/robot_ws/build/arm_hardware_bridge/build/lib/arm_hardware_bridge/hardware_bridge_node.py -> /home/migara/robot_ws/install/arm_hardware_bridge/lib/python3.12/site-packages/arm_hardware_bridge
[2.800s] copying /home/migara/robot_ws/build/arm_hardware_bridge/build/lib/arm_hardware_bridge/__init__.py -> /home/migara/robot_ws/install/arm_hardware_bridge/lib/python3.12/site-packages/arm_hardware_bridge
[2.800s] byte-compiling /home/migara/robot_ws/install/arm_hardware_bridge/lib/python3.12/site-packages/arm_hardware_bridge/hardware_bridge_node.py to hardware_bridge_node.cpython-312.pyc
[2.803s] byte-compiling /home/migara/robot_ws/install/arm_hardware_bridge/lib/python3.12/site-packages/arm_hardware_bridge/__init__.py to __init__.cpython-312.pyc
[2.804s] running install_data
[2.804s] copying resource/arm_hardware_bridge -> /home/migara/robot_ws/install/arm_hardware_bridge/share/ament_index/resource_index/packages
[2.804s] copying package.xml -> /home/migara/robot_ws/install/arm_hardware_bridge/share/arm_hardware_bridge
[2.805s] copying launch/real_hardware.launch.py -> /home/migara/robot_ws/install/arm_hardware_bridge/share/arm_hardware_bridge/launch
[2.805s] running install_egg_info
[2.842s] Copying ../../build/arm_hardware_bridge/arm_hardware_bridge.egg-info to /home/migara/robot_ws/install/arm_hardware_bridge/lib/python3.12/site-packages/arm_hardware_bridge-0.0.0-py3.12.egg-info
[2.843s] running install_scripts
[3.049s] Installing hardware_bridge_node script to /home/migara/robot_ws/install/arm_hardware_bridge/lib/arm_hardware_bridge
[3.050s] writing list of installed files to '/home/migara/robot_ws/build/arm_hardware_bridge/install.log'
[3.091s] Invoked command in '/home/migara/robot_ws/src/arm_hardware_bridge' returned '0': AMENT_PREFIX_PATH=/home/migara/robot_ws/install/arm_description:/home/migara/robot_ws/install/arm_hardware_bridge:/home/migara/robot_ws/install/arm_moveit_config:/home/migara/robot_ws/install/arm_bringup:/opt/ros/jazzy DEBUGINFOD_URLS=https://debuginfod.ubuntu.com PYTHONPATH=/home/migara/robot_ws/build/arm_hardware_bridge/prefix_override:/usr/lib/python3/dist-packages/colcon_core/task/python/colcon_distutils_commands:/home/migara/robot_ws/install/arm_hardware_bridge/lib/python3.12/site-packages:/home/migara/robot_ws/build/arm_description:/home/migara/robot_ws/install/arm_description/lib/python3.12/site-packages:/home/migara/robot_ws/build/arm_hardware_bridge:/home/migara/robot_ws/install/arm_hardware_bridge/lib/python3.12/site-packages:/home/migara/robot_ws/build/arm_bringup:/home/migara/robot_ws/install/arm_bringup/lib/python3.12/site-packages:/opt/ros/jazzy/opt/gz_sim_vendor/lib/python:/opt/ros/jazzy/opt/sdformat_vendor/lib/python:/opt/ros/jazzy/opt/gz_transport_vendor/lib/python:/opt/ros/jazzy/opt/gz_msgs_vendor/lib/python:/opt/ros/jazzy/opt/gz_math_vendor/lib/python:/opt/ros/jazzy/lib/python3.12/site-packages /usr/bin/python3 -W ignore:setup.py install is deprecated -W ignore:easy_install command is deprecated setup.py egg_info --egg-base ../../build/arm_hardware_bridge build --build-base /home/migara/robot_ws/build/arm_hardware_bridge/build install --record /home/migara/robot_ws/build/arm_hardware_bridge/install.log --install-scripts $base/lib/arm_hardware_bridge --single-version-externally-managed install_data --force
