running develop
running egg_info
creating arm_bringup.egg-info
writing arm_bringup.egg-info/PKG-INFO
writing dependency_links to arm_bringup.egg-info/dependency_links.txt
writing entry points to arm_bringup.egg-info/entry_points.txt
writing requirements to arm_bringup.egg-info/requires.txt
writing top-level names to arm_bringup.egg-info/top_level.txt
writing manifest file 'arm_bringup.egg-info/SOURCES.txt'
reading manifest file 'arm_bringup.egg-info/SOURCES.txt'
writing manifest file 'arm_bringup.egg-info/SOURCES.txt'
running build_ext
Creating /home/migara/robot_ws/install/arm_bringup/lib/python3.12/site-packages/arm-bringup.egg-link (link to .)
Installing arm_mover script to /home/migara/robot_ws/install/arm_bringup/lib/arm_bringup
Installing color_detector script to /home/migara/robot_ws/install/arm_bringup/lib/arm_bringup
Installing ik_mover script to /home/migara/robot_ws/install/arm_bringup/lib/arm_bringup
Installing vision_mover script to /home/migara/robot_ws/install/arm_bringup/lib/arm_bringup

Installed /home/migara/robot_ws/build/arm_bringup
running symlink_data
creating /home/migara/robot_ws/install/arm_bringup/share/ament_index
creating /home/migara/robot_ws/install/arm_bringup/share/ament_index/resource_index
creating /home/migara/robot_ws/install/arm_bringup/share/ament_index/resource_index/packages
symbolically linking /home/migara/robot_ws/build/arm_bringup/resource/arm_bringup -> /home/migara/robot_ws/install/arm_bringup/share/ament_index/resource_index/packages
symbolically linking /home/migara/robot_ws/build/arm_bringup/package.xml -> /home/migara/robot_ws/install/arm_bringup/share/arm_bringup
creating /home/migara/robot_ws/install/arm_bringup/share/arm_bringup/launch
symbolically linking /home/migara/robot_ws/build/arm_bringup/launch/gazebo_arm.launch.py -> /home/migara/robot_ws/install/arm_bringup/share/arm_bringup/launch
creating /home/migara/robot_ws/install/arm_bringup/share/arm_bringup/config
symbolically linking /home/migara/robot_ws/build/arm_bringup/config/arm_controllers.yaml -> /home/migara/robot_ws/install/arm_bringup/share/arm_bringup/config
creating /home/migara/robot_ws/install/arm_bringup/share/arm_bringup/worlds
symbolically linking /home/migara/robot_ws/build/arm_bringup/worlds/arm_world.sdf -> /home/migara/robot_ws/install/arm_bringup/share/arm_bringup/worlds
creating /home/migara/robot_ws/install/arm_bringup/share/arm_bringup/rviz
symbolically linking /home/migara/robot_ws/build/arm_bringup/rviz/arm_view.rviz -> /home/migara/robot_ws/install/arm_bringup/share/arm_bringup/rviz
