[1.748s] Invoking command in '/home/migara/robot_ws/build/arm_bringup': AMENT_PREFIX_PATH=/home/migara/robot_ws/install/arm_description:/home/migara/robot_ws/install/arm_bringup:/opt/ros/jazzy DEBUGINFOD_URLS=https://debuginfod.ubuntu.com PYTHONPATH=/home/migara/robot_ws/build/arm_bringup/prefix_override:/usr/lib/python3/dist-packages/colcon_core/task/python/colcon_distutils_commands:/home/migara/robot_ws/install/arm_bringup/lib/python3.12/site-packages:/home/migara/robot_ws/build/arm_description:/home/migara/robot_ws/install/arm_description/lib/python3.12/site-packages:/home/migara/robot_ws/build/arm_bringup:/home/migara/robot_ws/install/arm_bringup/lib/python3.12/site-packages:/opt/ros/jazzy/opt/gz_sim_vendor/lib/python:/opt/ros/jazzy/opt/sdformat_vendor/lib/python:/opt/ros/jazzy/opt/gz_transport_vendor/lib/python:/opt/ros/jazzy/opt/gz_msgs_vendor/lib/python:/opt/ros/jazzy/opt/gz_math_vendor/lib/python:/opt/ros/jazzy/lib/python3.12/site-packages /usr/bin/python3 -W ignore:setup.py install is deprecated -W ignore:easy_install command is deprecated setup.py develop --editable --build-directory /home/migara/robot_ws/build/arm_bringup/build --no-deps symlink_data
[2.395s] running develop
[2.886s] running egg_info
[2.890s] creating arm_bringup.egg-info
[2.947s] writing arm_bringup.egg-info/PKG-INFO
[2.947s] writing dependency_links to arm_bringup.egg-info/dependency_links.txt
[2.947s] writing entry points to arm_bringup.egg-info/entry_points.txt
[2.948s] writing requirements to arm_bringup.egg-info/requires.txt
[2.948s] writing top-level names to arm_bringup.egg-info/top_level.txt
[2.949s] writing manifest file 'arm_bringup.egg-info/SOURCES.txt'
[3.048s] reading manifest file 'arm_bringup.egg-info/SOURCES.txt'
[3.049s] writing manifest file 'arm_bringup.egg-info/SOURCES.txt'
[3.083s] running build_ext
[3.083s] Creating /home/migara/robot_ws/install/arm_bringup/lib/python3.12/site-packages/arm-bringup.egg-link (link to .)
[3.084s] Installing arm_mover script to /home/migara/robot_ws/install/arm_bringup/lib/arm_bringup
[3.084s] Installing color_detector script to /home/migara/robot_ws/install/arm_bringup/lib/arm_bringup
[3.085s] Installing ik_mover script to /home/migara/robot_ws/install/arm_bringup/lib/arm_bringup
[3.085s] Installing vision_mover script to /home/migara/robot_ws/install/arm_bringup/lib/arm_bringup
[3.085s] 
[3.085s] Installed /home/migara/robot_ws/build/arm_bringup
[3.086s] running symlink_data
[3.086s] creating /home/migara/robot_ws/install/arm_bringup/share/ament_index
[3.086s] creating /home/migara/robot_ws/install/arm_bringup/share/ament_index/resource_index
[3.086s] creating /home/migara/robot_ws/install/arm_bringup/share/ament_index/resource_index/packages
[3.087s] symbolically linking /home/migara/robot_ws/build/arm_bringup/resource/arm_bringup -> /home/migara/robot_ws/install/arm_bringup/share/ament_index/resource_index/packages
[3.087s] symbolically linking /home/migara/robot_ws/build/arm_bringup/package.xml -> /home/migara/robot_ws/install/arm_bringup/share/arm_bringup
[3.087s] creating /home/migara/robot_ws/install/arm_bringup/share/arm_bringup/launch
[3.087s] symbolically linking /home/migara/robot_ws/build/arm_bringup/launch/gazebo_arm.launch.py -> /home/migara/robot_ws/install/arm_bringup/share/arm_bringup/launch
[3.088s] creating /home/migara/robot_ws/install/arm_bringup/share/arm_bringup/config
[3.088s] symbolically linking /home/migara/robot_ws/build/arm_bringup/config/arm_controllers.yaml -> /home/migara/robot_ws/install/arm_bringup/share/arm_bringup/config
[3.088s] creating /home/migara/robot_ws/install/arm_bringup/share/arm_bringup/worlds
[3.088s] symbolically linking /home/migara/robot_ws/build/arm_bringup/worlds/arm_world.sdf -> /home/migara/robot_ws/install/arm_bringup/share/arm_bringup/worlds
[3.088s] creating /home/migara/robot_ws/install/arm_bringup/share/arm_bringup/rviz
[3.088s] symbolically linking /home/migara/robot_ws/build/arm_bringup/rviz/arm_view.rviz -> /home/migara/robot_ws/install/arm_bringup/share/arm_bringup/rviz
[3.143s] Invoked command in '/home/migara/robot_ws/build/arm_bringup' returned '0': AMENT_PREFIX_PATH=/home/migara/robot_ws/install/arm_description:/home/migara/robot_ws/install/arm_bringup:/opt/ros/jazzy DEBUGINFOD_URLS=https://debuginfod.ubuntu.com PYTHONPATH=/home/migara/robot_ws/build/arm_bringup/prefix_override:/usr/lib/python3/dist-packages/colcon_core/task/python/colcon_distutils_commands:/home/migara/robot_ws/install/arm_bringup/lib/python3.12/site-packages:/home/migara/robot_ws/build/arm_description:/home/migara/robot_ws/install/arm_description/lib/python3.12/site-packages:/home/migara/robot_ws/build/arm_bringup:/home/migara/robot_ws/install/arm_bringup/lib/python3.12/site-packages:/opt/ros/jazzy/opt/gz_sim_vendor/lib/python:/opt/ros/jazzy/opt/sdformat_vendor/lib/python:/opt/ros/jazzy/opt/gz_transport_vendor/lib/python:/opt/ros/jazzy/opt/gz_msgs_vendor/lib/python:/opt/ros/jazzy/opt/gz_math_vendor/lib/python:/opt/ros/jazzy/lib/python3.12/site-packages /usr/bin/python3 -W ignore:setup.py install is deprecated -W ignore:easy_install command is deprecated setup.py develop --editable --build-directory /home/migara/robot_ws/build/arm_bringup/build --no-deps symlink_data
