[1.521s] Invoking command in '/home/migara/robot_ws/src/arm_hardware_bridge': AMENT_PREFIX_PATH=/home/migara/robot_ws/install/arm_moveit_config:/home/migara/robot_ws/install/arm_description:${AMENT_PREFIX_PATH} CMAKE_PREFIX_PATH=/home/migara/robot_ws/install/arm_moveit_config:${CMAKE_PREFIX_PATH} DEBUGINFOD_URLS=https://debuginfod.ubuntu.com PYTHONPATH=/home/migara/robot_ws/build/arm_hardware_bridge/prefix_override:/usr/lib/python3/dist-packages/colcon_core/task/python/colcon_distutils_commands:/home/migara/robot_ws/install/arm_hardware_bridge/lib/python3.12/site-packages:/home/migara/robot_ws/build/arm_description:/home/migara/robot_ws/install/arm_description/lib/python3.12/site-packages:${PYTHONPATH} /usr/bin/python3 -W ignore:setup.py install is deprecated -W ignore:easy_install command is deprecated setup.py egg_info --egg-base ../../build/arm_hardware_bridge build --build-base /home/migara/robot_ws/build/arm_hardware_bridge/build install --record /home/migara/robot_ws/build/arm_hardware_bridge/install.log --install-scripts $base/lib/arm_hardware_bridge --single-version-externally-managed install_data
[1.943s] running egg_info
[1.975s] writing ../../build/arm_hardware_bridge/arm_hardware_bridge.egg-info/PKG-INFO
[1.975s] writing dependency_links to ../../build/arm_hardware_bridge/arm_hardware_bridge.egg-info/dependency_links.txt
[1.975s] writing entry points to ../../build/arm_hardware_bridge/arm_hardware_bridge.egg-info/entry_points.txt
[1.976s] writing requirements to ../../build/arm_hardware_bridge/arm_hardware_bridge.egg-info/requires.txt
[1.976s] writing top-level names to ../../build/arm_hardware_bridge/arm_hardware_bridge.egg-info/top_level.txt
[2.054s] reading manifest file '../../build/arm_hardware_bridge/arm_hardware_bridge.egg-info/SOURCES.txt'
[2.055s] writing manifest file '../../build/arm_hardware_bridge/arm_hardware_bridge.egg-info/SOURCES.txt'
[2.055s] running build
[2.055s] running build_py
[2.055s] running install
[2.065s] running install_lib
[2.093s] running install_data
[2.094s] running install_egg_info
[2.131s] removing '/home/migara/robot_ws/install/arm_hardware_bridge/lib/python3.12/site-packages/arm_hardware_bridge-0.0.0-py3.12.egg-info' (and everything under it)
[2.132s] Copying ../../build/arm_hardware_bridge/arm_hardware_bridge.egg-info to /home/migara/robot_ws/install/arm_hardware_bridge/lib/python3.12/site-packages/arm_hardware_bridge-0.0.0-py3.12.egg-info
[2.133s] running install_scripts
[2.342s] Installing hardware_bridge_node script to /home/migara/robot_ws/install/arm_hardware_bridge/lib/arm_hardware_bridge
[2.342s] writing list of installed files to '/home/migara/robot_ws/build/arm_hardware_bridge/install.log'
[2.383s] Invoked command in '/home/migara/robot_ws/src/arm_hardware_bridge' returned '0': AMENT_PREFIX_PATH=/home/migara/robot_ws/install/arm_moveit_config:/home/migara/robot_ws/install/arm_description:${AMENT_PREFIX_PATH} CMAKE_PREFIX_PATH=/home/migara/robot_ws/install/arm_moveit_config:${CMAKE_PREFIX_PATH} DEBUGINFOD_URLS=https://debuginfod.ubuntu.com PYTHONPATH=/home/migara/robot_ws/build/arm_hardware_bridge/prefix_override:/usr/lib/python3/dist-packages/colcon_core/task/python/colcon_distutils_commands:/home/migara/robot_ws/install/arm_hardware_bridge/lib/python3.12/site-packages:/home/migara/robot_ws/build/arm_description:/home/migara/robot_ws/install/arm_description/lib/python3.12/site-packages:${PYTHONPATH} /usr/bin/python3 -W ignore:setup.py install is deprecated -W ignore:easy_install command is deprecated setup.py egg_info --egg-base ../../build/arm_hardware_bridge build --build-base /home/migara/robot_ws/build/arm_hardware_bridge/build install --record /home/migara/robot_ws/build/arm_hardware_bridge/install.log --install-scripts $base/lib/arm_hardware_bridge --single-version-externally-managed install_data
