[0.350s] DEBUG:colcon:Command line arguments: ['/usr/bin/colcon', 'build', '--symlink-install', '--packages-select', 'arm_description']
[0.350s] DEBUG:colcon:Parsed command line arguments: Namespace(log_base=None, log_level=None, verb_name='build', build_base='build', install_base='install', merge_install=False, symlink_install=True, test_result_base=None, continue_on_error=False, executor='parallel', parallel_workers=4, event_handlers=None, ignore_user_meta=False, metas=['./colcon.meta'], base_paths=['.'], packages_ignore=None, packages_ignore_regex=None, paths=None, packages_up_to=None, packages_up_to_regex=None, packages_above=None, packages_above_and_dependencies=None, packages_above_depth=None, packages_select_by_dep=None, packages_skip_by_dep=None, packages_skip_up_to=None, packages_select_build_failed=False, packages_skip_build_finished=False, packages_select_test_failures=False, packages_skip_test_passed=False, packages_select=['arm_description'], packages_skip=None, packages_select_regex=None, packages_skip_regex=None, packages_start=None, packages_end=None, allow_overriding=[], cmake_args=None, cmake_target=None, cmake_target_skip_unavailable=False, cmake_clean_cache=False, cmake_clean_first=False, cmake_force_configure=False, ament_cmake_args=None, catkin_cmake_args=None, catkin_skip_building_tests=False, mixin_files=None, mixin=None, verb_parser=<colcon_mixin.mixin.mixin_argument.MixinArgumentDecorator object at 0x7f27033a61b0>, verb_extension=<colcon_core.verb.build.BuildVerb object at 0x7f27033a46b0>, main=<bound method BuildVerb.main of <colcon_core.verb.build.BuildVerb object at 0x7f27033a46b0>>, mixin_verb=('build',))
[0.441s] Level 1:colcon.colcon_core.package_discovery:discover_packages(colcon_meta) check parameters
[0.442s] Level 1:colcon.colcon_core.package_discovery:discover_packages(recursive) check parameters
[0.442s] Level 1:colcon.colcon_core.package_discovery:discover_packages(ignore) check parameters
[0.442s] Level 1:colcon.colcon_core.package_discovery:discover_packages(path) check parameters
[0.442s] Level 1:colcon.colcon_core.package_discovery:discover_packages(colcon_meta) discover
[0.442s] Level 1:colcon.colcon_core.package_discovery:discover_packages(recursive) discover
[0.443s] INFO:colcon.colcon_core.package_discovery:Crawling recursively for packages in '/home/migara/robot_ws'
[0.443s] Level 1:colcon.colcon_core.package_identification:_identify(.) by extensions ['ignore', 'ignore_ament_install']
[0.443s] Level 1:colcon.colcon_core.package_identification:_identify(.) by extension 'ignore'
[0.443s] Level 1:colcon.colcon_core.package_identification:_identify(.) by extension 'ignore_ament_install'
[0.444s] Level 1:colcon.colcon_core.package_identification:_identify(.) by extensions ['colcon_pkg']
[0.444s] Level 1:colcon.colcon_core.package_identification:_identify(.) by extension 'colcon_pkg'
[0.444s] Level 1:colcon.colcon_core.package_identification:_identify(.) by extensions ['colcon_meta']
[0.444s] Level 1:colcon.colcon_core.package_identification:_identify(.) by extension 'colcon_meta'
[0.444s] Level 1:colcon.colcon_core.package_identification:_identify(.) by extensions ['ros']
[0.444s] Level 1:colcon.colcon_core.package_identification:_identify(.) by extension 'ros'
[0.505s] Level 1:colcon.colcon_core.package_identification:_identify(.) by extensions ['cmake', 'python']
[0.505s] Level 1:colcon.colcon_core.package_identification:_identify(.) by extension 'cmake'
[0.505s] Level 1:colcon.colcon_core.package_identification:_identify(.) by extension 'python'
[0.505s] Level 1:colcon.colcon_core.package_identification:_identify(.) by extensions ['python_setup_py']
[0.505s] Level 1:colcon.colcon_core.package_identification:_identify(.) by extension 'python_setup_py'
[0.506s] Level 1:colcon.colcon_core.package_identification:_identify(build) by extensions ['ignore', 'ignore_ament_install']
[0.506s] Level 1:colcon.colcon_core.package_identification:_identify(build) by extension 'ignore'
[0.506s] Level 1:colcon.colcon_core.package_identification:_identify(build) ignored
[0.506s] Level 1:colcon.colcon_core.package_identification:_identify(install) by extensions ['ignore', 'ignore_ament_install']
[0.507s] Level 1:colcon.colcon_core.package_identification:_identify(install) by extension 'ignore'
[0.507s] Level 1:colcon.colcon_core.package_identification:_identify(install) ignored
[0.507s] Level 1:colcon.colcon_core.package_identification:_identify(log) by extensions ['ignore', 'ignore_ament_install']
[0.507s] Level 1:colcon.colcon_core.package_identification:_identify(log) by extension 'ignore'
[0.508s] Level 1:colcon.colcon_core.package_identification:_identify(log) ignored
[0.508s] Level 1:colcon.colcon_core.package_identification:_identify(src) by extensions ['ignore', 'ignore_ament_install']
[0.508s] Level 1:colcon.colcon_core.package_identification:_identify(src) by extension 'ignore'
[0.508s] Level 1:colcon.colcon_core.package_identification:_identify(src) by extension 'ignore_ament_install'
[0.509s] Level 1:colcon.colcon_core.package_identification:_identify(src) by extensions ['colcon_pkg']
[0.509s] Level 1:colcon.colcon_core.package_identification:_identify(src) by extension 'colcon_pkg'
[0.509s] Level 1:colcon.colcon_core.package_identification:_identify(src) by extensions ['colcon_meta']
[0.509s] Level 1:colcon.colcon_core.package_identification:_identify(src) by extension 'colcon_meta'
[0.509s] Level 1:colcon.colcon_core.package_identification:_identify(src) by extensions ['ros']
[0.509s] Level 1:colcon.colcon_core.package_identification:_identify(src) by extension 'ros'
[0.510s] Level 1:colcon.colcon_core.package_identification:_identify(src) by extensions ['cmake', 'python']
[0.510s] Level 1:colcon.colcon_core.package_identification:_identify(src) by extension 'cmake'
[0.510s] Level 1:colcon.colcon_core.package_identification:_identify(src) by extension 'python'
[0.510s] Level 1:colcon.colcon_core.package_identification:_identify(src) by extensions ['python_setup_py']
[0.510s] Level 1:colcon.colcon_core.package_identification:_identify(src) by extension 'python_setup_py'
[0.510s] Level 1:colcon.colcon_core.package_identification:_identify(src/arm_bringup) by extensions ['ignore', 'ignore_ament_install']
[0.511s] Level 1:colcon.colcon_core.package_identification:_identify(src/arm_bringup) by extension 'ignore'
[0.511s] Level 1:colcon.colcon_core.package_identification:_identify(src/arm_bringup) by extension 'ignore_ament_install'
[0.511s] Level 1:colcon.colcon_core.package_identification:_identify(src/arm_bringup) by extensions ['colcon_pkg']
[0.511s] Level 1:colcon.colcon_core.package_identification:_identify(src/arm_bringup) by extension 'colcon_pkg'
[0.512s] Level 1:colcon.colcon_core.package_identification:_identify(src/arm_bringup) by extensions ['colcon_meta']
[0.512s] Level 1:colcon.colcon_core.package_identification:_identify(src/arm_bringup) by extension 'colcon_meta'
[0.512s] Level 1:colcon.colcon_core.package_identification:_identify(src/arm_bringup) by extensions ['ros']
[0.512s] Level 1:colcon.colcon_core.package_identification:_identify(src/arm_bringup) by extension 'ros'
[0.518s] DEBUG:colcon.colcon_core.package_identification:Package 'src/arm_bringup' with type 'ros.ament_python' and name 'arm_bringup'
[0.518s] Level 1:colcon.colcon_core.package_identification:_identify(src/arm_description) by extensions ['ignore', 'ignore_ament_install']
[0.518s] Level 1:colcon.colcon_core.package_identification:_identify(src/arm_description) by extension 'ignore'
[0.518s] Level 1:colcon.colcon_core.package_identification:_identify(src/arm_description) by extension 'ignore_ament_install'
[0.519s] Level 1:colcon.colcon_core.package_identification:_identify(src/arm_description) by extensions ['colcon_pkg']
[0.519s] Level 1:colcon.colcon_core.package_identification:_identify(src/arm_description) by extension 'colcon_pkg'
[0.519s] Level 1:colcon.colcon_core.package_identification:_identify(src/arm_description) by extensions ['colcon_meta']
[0.519s] Level 1:colcon.colcon_core.package_identification:_identify(src/arm_description) by extension 'colcon_meta'
[0.519s] Level 1:colcon.colcon_core.package_identification:_identify(src/arm_description) by extensions ['ros']
[0.519s] Level 1:colcon.colcon_core.package_identification:_identify(src/arm_description) by extension 'ros'
[0.521s] DEBUG:colcon.colcon_core.package_identification:Package 'src/arm_description' with type 'ros.ament_python' and name 'arm_description'
[0.521s] Level 1:colcon.colcon_core.package_discovery:discover_packages(recursive) using defaults
[0.521s] Level 1:colcon.colcon_core.package_discovery:discover_packages(ignore) discover
[0.521s] Level 1:colcon.colcon_core.package_discovery:discover_packages(ignore) using defaults
[0.521s] Level 1:colcon.colcon_core.package_discovery:discover_packages(path) discover
[0.521s] Level 1:colcon.colcon_core.package_discovery:discover_packages(path) using defaults
[0.566s] INFO:colcon.colcon_core.package_selection:Skipping not selected package 'arm_bringup' in 'src/arm_bringup'
[0.567s] Level 1:colcon.colcon_core.package_discovery:discover_packages(prefix_path) check parameters
[0.567s] Level 1:colcon.colcon_core.package_discovery:discover_packages(prefix_path) discover
[0.571s] DEBUG:colcon.colcon_installed_package_information.package_discovery:Found 2 installed packages in /home/migara/robot_ws/install
[0.575s] DEBUG:colcon.colcon_installed_package_information.package_discovery:Found 375 installed packages in /opt/ros/jazzy
[0.580s] Level 1:colcon.colcon_core.package_discovery:discover_packages(prefix_path) using defaults
[0.761s] WARNING:colcon.colcon_core.package_selection:Some selected packages are already built in one or more underlay workspaces:
	'arm_description' is in: /home/migara/robot_ws/install/arm_description
If a package in a merged underlay workspace is overridden and it installs headers, then all packages in the overlay must sort their include directories by workspace order. Failure to do so may result in build failures or undefined behavior at run time.
If the overridden package is used by another package in any underlay, then the overriding package in the overlay must be API and ABI compatible or undefined behavior at run time may occur.

If you understand the risks and want to override a package anyways, add the following to the command line:
	--allow-overriding arm_description

This may be promoted to an error in a future release of colcon-override-check.
[0.764s] Level 5:colcon.colcon_core.verb:set package 'arm_description' build argument 'cmake_args' from command line to 'None'
[0.764s] Level 5:colcon.colcon_core.verb:set package 'arm_description' build argument 'cmake_target' from command line to 'None'
[0.764s] Level 5:colcon.colcon_core.verb:set package 'arm_description' build argument 'cmake_target_skip_unavailable' from command line to 'False'
[0.764s] Level 5:colcon.colcon_core.verb:set package 'arm_description' build argument 'cmake_clean_cache' from command line to 'False'
[0.764s] Level 5:colcon.colcon_core.verb:set package 'arm_description' build argument 'cmake_clean_first' from command line to 'False'
[0.765s] Level 5:colcon.colcon_core.verb:set package 'arm_description' build argument 'cmake_force_configure' from command line to 'False'
[0.765s] Level 5:colcon.colcon_core.verb:set package 'arm_description' build argument 'ament_cmake_args' from command line to 'None'
[0.765s] Level 5:colcon.colcon_core.verb:set package 'arm_description' build argument 'catkin_cmake_args' from command line to 'None'
[0.765s] Level 5:colcon.colcon_core.verb:set package 'arm_description' build argument 'catkin_skip_building_tests' from command line to 'False'
[0.765s] DEBUG:colcon.colcon_core.verb:Building package 'arm_description' with the following arguments: {'ament_cmake_args': None, 'build_base': '/home/migara/robot_ws/build/arm_description', 'catkin_cmake_args': None, 'catkin_skip_building_tests': False, 'cmake_args': None, 'cmake_clean_cache': False, 'cmake_clean_first': False, 'cmake_force_configure': False, 'cmake_target': None, 'cmake_target_skip_unavailable': False, 'install_base': '/home/migara/robot_ws/install/arm_description', 'merge_install': False, 'path': '/home/migara/robot_ws/src/arm_description', 'symlink_install': True, 'test_result_base': None}
[0.765s] INFO:colcon.colcon_core.executor:Executing jobs using 'parallel' executor
[0.767s] DEBUG:colcon.colcon_parallel_executor.executor.parallel:run_until_complete
[0.767s] INFO:colcon.colcon_ros.task.ament_python.build:Building ROS package in '/home/migara/robot_ws/src/arm_description' with build type 'ament_python'
[0.768s] Level 1:colcon.colcon_core.shell:create_environment_hook('arm_description', 'ament_prefix_path')
[0.772s] INFO:colcon.colcon_core.plugin_system:Skipping extension 'colcon_core.shell.bat': Not used on non-Windows systems
[0.773s] INFO:colcon.colcon_core.shell:Creating environment hook '/home/migara/robot_ws/install/arm_description/share/arm_description/hook/ament_prefix_path.ps1'
[0.774s] INFO:colcon.colcon_core.shell:Creating environment descriptor '/home/migara/robot_ws/install/arm_description/share/arm_description/hook/ament_prefix_path.dsv'
[0.775s] INFO:colcon.colcon_core.shell:Creating environment hook '/home/migara/robot_ws/install/arm_description/share/arm_description/hook/ament_prefix_path.sh'
[0.777s] INFO:colcon.colcon_core.shell:Skip shell extension 'powershell' for command environment: Not usable outside of PowerShell
[0.777s] DEBUG:colcon.colcon_core.shell:Skip shell extension 'dsv' for command environment
[1.379s] INFO:colcon.colcon_core.task.python.build:Building Python package in '/home/migara/robot_ws/src/arm_description'
[1.380s] INFO:colcon.colcon_core.shell:Skip shell extension 'powershell' for command environment: Not usable outside of PowerShell
[1.380s] DEBUG:colcon.colcon_core.shell:Skip shell extension 'dsv' for command environment
[2.406s] DEBUG:colcon.colcon_core.task.python.build:Available setuptools commands: build_ext, check, extract_messages, install_headers, install, build, bdist_wheel, build_clib, develop, install_lib, sdist, easy_install, bdist_dumb, egg_info, update_catalog, build_scripts, alias, symlink_data, test, upload, bdist, dist_info, register, install_egg_info, install_data, rotate, bdist_egg, clean, bdist_rpm, saveopts, setopt, compile_catalog, upload_docs, init_catalog, editable_wheel, build_py, install_scripts
[3.010s] DEBUG:colcon.colcon_core.task.python.build:Available setuptools 'develop' options: --help, --user, --prefix, --upgrade, --find-links, --record, --index-url, --multi-version, --install-dir, --dry-run, --optimize, --version, --script-dir, --verbose, --quiet, --always-copy, --install-layout, --local-snapshots-ok, --site-dirs, --exclude-scripts, --editable, --force-installation-into-system-dir, --no-find-links, --no-user-cfg, --always-unzip, --allow-hosts, --build-directory, --uninstall, --no-deps, --zip-ok, --egg-path
[3.014s] DEBUG:colcon.colcon_core.event_handler.log_command:Invoking command in '/home/migara/robot_ws/build/arm_description': DEBUGINFOD_URLS=https://debuginfod.ubuntu.com PYTHONPATH=/home/migara/robot_ws/build/arm_description/prefix_override:/usr/lib/python3/dist-packages/colcon_core/task/python/colcon_distutils_commands:/home/migara/robot_ws/install/arm_description/lib/python3.12/site-packages:${PYTHONPATH} /usr/bin/python3 -W ignore:setup.py install is deprecated -W ignore:easy_install command is deprecated setup.py develop --editable --build-directory /home/migara/robot_ws/build/arm_description/build --no-deps symlink_data
[4.133s] Level 1:colcon.colcon_core.shell:create_environment_hook('arm_description', 'pythonpath_develop')
[4.133s] INFO:colcon.colcon_core.shell:Creating environment hook '/home/migara/robot_ws/build/arm_description/share/arm_description/hook/pythonpath_develop.ps1'
[4.135s] INFO:colcon.colcon_core.shell:Creating environment descriptor '/home/migara/robot_ws/build/arm_description/share/arm_description/hook/pythonpath_develop.dsv'
[4.134s] DEBUG:colcon.colcon_core.event_handler.log_command:Invoked command in '/home/migara/robot_ws/build/arm_description' returned '0': DEBUGINFOD_URLS=https://debuginfod.ubuntu.com PYTHONPATH=/home/migara/robot_ws/build/arm_description/prefix_override:/usr/lib/python3/dist-packages/colcon_core/task/python/colcon_distutils_commands:/home/migara/robot_ws/install/arm_description/lib/python3.12/site-packages:${PYTHONPATH} /usr/bin/python3 -W ignore:setup.py install is deprecated -W ignore:easy_install command is deprecated setup.py develop --editable --build-directory /home/migara/robot_ws/build/arm_description/build --no-deps symlink_data
[4.135s] INFO:colcon.colcon_core.shell:Creating environment hook '/home/migara/robot_ws/build/arm_description/share/arm_description/hook/pythonpath_develop.sh'
[4.140s] Level 1:colcon.colcon_core.environment:checking '/home/migara/robot_ws/install/arm_description' for CMake module files
[4.140s] Level 1:colcon.colcon_core.environment:checking '/home/migara/robot_ws/install/arm_description' for CMake config files
[4.141s] Level 1:colcon.colcon_core.environment:checking '/home/migara/robot_ws/install/arm_description/lib'
[4.142s] Level 1:colcon.colcon_core.environment:checking '/home/migara/robot_ws/install/arm_description/bin'
[4.142s] Level 1:colcon.colcon_core.environment:checking '/home/migara/robot_ws/install/arm_description/lib/pkgconfig/arm_description.pc'
[4.142s] Level 1:colcon.colcon_core.environment:checking '/home/migara/robot_ws/install/arm_description/lib/python3.12/site-packages'
[4.142s] Level 1:colcon.colcon_core.shell:create_environment_hook('arm_description', 'pythonpath')
[4.142s] INFO:colcon.colcon_core.shell:Creating environment hook '/home/migara/robot_ws/install/arm_description/share/arm_description/hook/pythonpath.ps1'
[4.143s] INFO:colcon.colcon_core.shell:Creating environment descriptor '/home/migara/robot_ws/install/arm_description/share/arm_description/hook/pythonpath.dsv'
[4.143s] INFO:colcon.colcon_core.shell:Creating environment hook '/home/migara/robot_ws/install/arm_description/share/arm_description/hook/pythonpath.sh'
[4.144s] Level 1:colcon.colcon_core.environment:checking '/home/migara/robot_ws/install/arm_description/bin'
[4.144s] Level 1:colcon.colcon_core.environment:create_environment_scripts_only(arm_description)
[4.145s] INFO:colcon.colcon_core.shell:Creating package script '/home/migara/robot_ws/install/arm_description/share/arm_description/package.ps1'
[4.146s] INFO:colcon.colcon_core.shell:Creating package descriptor '/home/migara/robot_ws/install/arm_description/share/arm_description/package.dsv'
[4.148s] INFO:colcon.colcon_core.shell:Creating package script '/home/migara/robot_ws/install/arm_description/share/arm_description/package.sh'
[4.150s] INFO:colcon.colcon_core.shell:Creating package script '/home/migara/robot_ws/install/arm_description/share/arm_description/package.bash'
[4.151s] INFO:colcon.colcon_core.shell:Creating package script '/home/migara/robot_ws/install/arm_description/share/arm_description/package.zsh'
[4.152s] Level 1:colcon.colcon_core.environment:create_file_with_runtime_dependencies(/home/migara/robot_ws/install/arm_description/share/colcon-core/packages/arm_description)
[4.153s] DEBUG:colcon.colcon_parallel_executor.executor.parallel:closing loop
[4.153s] DEBUG:colcon.colcon_parallel_executor.executor.parallel:loop closed
[4.154s] DEBUG:colcon.colcon_parallel_executor.executor.parallel:run_until_complete finished with '0'
[4.154s] DEBUG:colcon.colcon_core.event_reactor:joining thread
[4.161s] INFO:colcon.colcon_core.plugin_system:Skipping extension 'colcon_notification.desktop_notification.terminal_notifier': Not used on non-Darwin systems
[4.162s] INFO:colcon.colcon_core.plugin_system:Skipping extension 'colcon_notification.desktop_notification.win32': Not used on non-Windows systems
[4.162s] INFO:colcon.colcon_notification.desktop_notification:Sending desktop notification using 'notify2'
[4.182s] DEBUG:colcon.colcon_core.event_reactor:joined thread
[4.183s] INFO:colcon.colcon_core.shell:Creating prefix script '/home/migara/robot_ws/install/local_setup.ps1'
[4.184s] INFO:colcon.colcon_core.shell:Creating prefix util module '/home/migara/robot_ws/install/_local_setup_util_ps1.py'
[4.187s] INFO:colcon.colcon_core.shell:Creating prefix chain script '/home/migara/robot_ws/install/setup.ps1'
[4.192s] INFO:colcon.colcon_core.shell:Creating prefix script '/home/migara/robot_ws/install/local_setup.sh'
[4.193s] INFO:colcon.colcon_core.shell:Creating prefix util module '/home/migara/robot_ws/install/_local_setup_util_sh.py'
[4.194s] INFO:colcon.colcon_core.shell:Creating prefix chain script '/home/migara/robot_ws/install/setup.sh'
[4.195s] INFO:colcon.colcon_core.shell:Creating prefix script '/home/migara/robot_ws/install/local_setup.bash'
[4.196s] INFO:colcon.colcon_core.shell:Creating prefix chain script '/home/migara/robot_ws/install/setup.bash'
[4.197s] INFO:colcon.colcon_core.shell:Creating prefix script '/home/migara/robot_ws/install/local_setup.zsh'
[4.198s] INFO:colcon.colcon_core.shell:Creating prefix chain script '/home/migara/robot_ws/install/setup.zsh'
