[2.022s] Invoking command in '/home/migara/robot_ws/build/arm_description': DEBUGINFOD_URLS=https://debuginfod.ubuntu.com PYTHONPATH=/home/migara/robot_ws/build/arm_description/prefix_override:/usr/lib/python3/dist-packages/colcon_core/task/python/colcon_distutils_commands:/home/migara/robot_ws/install/arm_description/lib/python3.12/site-packages:${PYTHONPATH} /usr/bin/python3 -W ignore:setup.py install is deprecated -W ignore:easy_install command is deprecated setup.py develop --editable --build-directory /home/migara/robot_ws/build/arm_description/build --no-deps symlink_data
[2.507s] running develop
[2.809s] running egg_info
[2.809s] creating arm_description.egg-info
[2.844s] writing arm_description.egg-info/PKG-INFO
[2.844s] writing dependency_links to arm_description.egg-info/dependency_links.txt
[2.845s] writing requirements to arm_description.egg-info/requires.txt
[2.845s] writing top-level names to arm_description.egg-info/top_level.txt
[2.845s] writing manifest file 'arm_description.egg-info/SOURCES.txt'
[2.913s] reading manifest file 'arm_description.egg-info/SOURCES.txt'
[2.914s] writing manifest file 'arm_description.egg-info/SOURCES.txt'
[2.947s] running build_ext
[2.947s] Creating /home/migara/robot_ws/install/arm_description/lib/python3.12/site-packages/arm-description.egg-link (link to .)
[2.948s] 
[2.949s] Installed /home/migara/robot_ws/build/arm_description
[2.949s] running symlink_data
[2.949s] creating /home/migara/robot_ws/install/arm_description/share/ament_index
[2.949s] creating /home/migara/robot_ws/install/arm_description/share/ament_index/resource_index
[2.950s] creating /home/migara/robot_ws/install/arm_description/share/ament_index/resource_index/packages
[2.950s] symbolically linking /home/migara/robot_ws/build/arm_description/resource/arm_description -> /home/migara/robot_ws/install/arm_description/share/ament_index/resource_index/packages
[2.950s] symbolically linking /home/migara/robot_ws/build/arm_description/package.xml -> /home/migara/robot_ws/install/arm_description/share/arm_description
[2.950s] creating /home/migara/robot_ws/install/arm_description/share/arm_description/urdf
[2.950s] symbolically linking /home/migara/robot_ws/build/arm_description/urdf/arm.urdf.xacro -> /home/migara/robot_ws/install/arm_description/share/arm_description/urdf
[2.951s] creating /home/migara/robot_ws/install/arm_description/share/arm_description/launch
[2.951s] symbolically linking /home/migara/robot_ws/build/arm_description/launch/display.launch.py -> /home/migara/robot_ws/install/arm_description/share/arm_description/launch
[2.951s] creating /home/migara/robot_ws/install/arm_description/share/arm_description/rviz
[2.951s] symbolically linking /home/migara/robot_ws/build/arm_description/rviz/display.rviz -> /home/migara/robot_ws/install/arm_description/share/arm_description/rviz
[3.006s] Invoked command in '/home/migara/robot_ws/build/arm_description' returned '0': DEBUGINFOD_URLS=https://debuginfod.ubuntu.com PYTHONPATH=/home/migara/robot_ws/build/arm_description/prefix_override:/usr/lib/python3/dist-packages/colcon_core/task/python/colcon_distutils_commands:/home/migara/robot_ws/install/arm_description/lib/python3.12/site-packages:${PYTHONPATH} /usr/bin/python3 -W ignore:setup.py install is deprecated -W ignore:easy_install command is deprecated setup.py develop --editable --build-directory /home/migara/robot_ws/build/arm_description/build --no-deps symlink_data
